2026-01-09 19:35:43,359 : Namespace(seed=3, gpu_deterministic=False, data_scale=1.0, dec_size=[1024, 512, 1024], enc_dest_size=[256, 128], enc_latent_size=[256, 512], enc_past_size=[512, 256], predictor_hidden_size=[1024, 512, 256], non_local_theta_size=[256, 128, 64], non_local_phi_size=[256, 128, 64], non_local_g_size=[256, 128, 64], non_local_dim=128, fdim=16, future_length=10, device=0, kld_coeff=0.5, future_loss_coeff=1, dest_loss_coeff=2, learning_rate=5e-05, lr_decay_step_size=4, lr_decay_gamma=0.5, mu=0, n_values=20, nonlocal_pools=3, num_epochs=50, num_workers=0, past_length=20, sigma=1.3, zdim=16, print_log=6, sub_goal_indexes=[2, 5, 7, 9], e_prior_sig=2, e_init_sig=2, e_activation='lrelu', e_activation_leak=0.2, e_energy_form='identity', e_l_steps=5, e_l_steps_pcd=20, e_l_step_size=0.4, e_l_with_noise=True, e_sn=False, e_lr=3e-05, e_is_grad_clamp=False, e_max_norm=25, e_decay=0.0001, e_gamma=0.998, e_beta1=0.9, e_beta2=0.999, memory_size=200000, dataset_name='swarm', dataset_folder='dataset', obs=20, preds=10, delim='\t', verbose=False, val_size=0, batch_size=2048, ny=1, model_path='saved_models/lbebm3D_scene1.pt', test_mode=False, vis=False, lstm_layers=1, state_layers=3, way_points=[0, 1, 3, 4, 6, 8])
2026-01-09 19:36:11,194 :     5/    0 dest_loss=5.353390 future_loss=3.935631 offset_loss=169.023218 kld=15.381447 cd=-0.048269 en_pos=-0.040430 en_neg=0.007838 pcd=False subgoal_reg=0.0057314540812434134 
2026-01-09 19:36:34,999 :    11/    0 dest_loss=6.858532 future_loss=5.038432 offset_loss=170.596007 kld=8.047386 cd=-0.081711 en_pos=-0.025534 en_neg=0.056177 pcd=False subgoal_reg=0.0063576729350212306 
2026-01-09 19:36:58,724 :    17/    0 dest_loss=7.305033 future_loss=5.388158 offset_loss=166.567361 kld=3.911058 cd=-0.117334 en_pos=-0.009279 en_neg=0.108055 pcd=False subgoal_reg=0.009450442875686627 
2026-01-09 19:37:22,544 :    23/    0 dest_loss=6.136241 future_loss=4.541537 offset_loss=162.695718 kld=1.804902 cd=-0.151356 en_pos=0.004710 en_neg=0.156066 pcd=False subgoal_reg=0.014132096251940705 
2026-01-09 19:37:46,359 :    29/    0 dest_loss=6.562769 future_loss=4.904886 offset_loss=159.605560 kld=1.074527 cd=-0.185582 en_pos=0.021933 en_neg=0.207515 pcd=False subgoal_reg=0.018171250850426725 
2026-01-09 19:38:09,983 :    35/    0 dest_loss=7.534850 future_loss=5.753141 offset_loss=155.879942 kld=0.779573 cd=-0.220456 en_pos=0.039432 en_neg=0.259887 pcd=False subgoal_reg=0.037502267035994796 
2026-01-09 19:38:33,804 :    41/    0 dest_loss=3.178136 future_loss=2.714354 offset_loss=147.044849 kld=0.621483 cd=-0.252972 en_pos=0.058397 en_neg=0.311369 pcd=False subgoal_reg=0.08121224278373712 
2026-01-09 19:38:57,517 :    47/    0 dest_loss=6.563692 future_loss=5.600275 offset_loss=146.887924 kld=0.715923 cd=-0.287540 en_pos=0.078729 en_neg=0.366268 pcd=False subgoal_reg=0.20859454148511153 
2026-01-09 19:39:21,341 :    53/    0 dest_loss=4.576157 future_loss=4.663955 offset_loss=137.530623 kld=0.663872 cd=-0.327955 en_pos=0.098982 en_neg=0.426937 pcd=False subgoal_reg=0.30566847706289624 
2026-01-09 19:39:45,052 :    59/    0 dest_loss=3.842920 future_loss=4.894204 offset_loss=132.250098 kld=0.680362 cd=-0.357475 en_pos=0.129128 en_neg=0.486603 pcd=False subgoal_reg=0.8249080112357284 
2026-01-09 19:40:08,698 :    65/    0 dest_loss=3.528107 future_loss=6.851079 offset_loss=121.293488 kld=0.834587 cd=-0.397525 en_pos=0.168857 en_neg=0.566382 pcd=False subgoal_reg=1.7638352522501926 
2026-01-09 19:40:32,517 :    71/    0 dest_loss=1.232018 future_loss=7.510883 offset_loss=107.882076 kld=0.910767 cd=-0.435031 en_pos=0.197514 en_neg=0.632545 pcd=False subgoal_reg=3.5480669965822327 
2026-01-09 19:40:56,161 :    77/    0 dest_loss=1.891961 future_loss=8.705110 offset_loss=100.309596 kld=0.807431 cd=-0.477409 en_pos=0.213655 en_neg=0.691064 pcd=False subgoal_reg=2.967859419986869 
2026-01-09 19:41:19,829 :    83/    0 dest_loss=1.320814 future_loss=9.692898 offset_loss=88.708131 kld=0.897351 cd=-0.517347 en_pos=0.245361 en_neg=0.762707 pcd=False subgoal_reg=3.807114402969408 
2026-01-09 19:41:44,152 :    89/    0 dest_loss=2.282799 future_loss=10.447029 offset_loss=79.403962 kld=0.757797 cd=-0.563435 en_pos=0.252024 en_neg=0.815459 pcd=False subgoal_reg=2.958277777924655 
2026-01-09 19:42:07,939 :    95/    0 dest_loss=2.049898 future_loss=11.449237 offset_loss=64.267076 kld=0.827239 cd=-0.616355 en_pos=0.273505 en_neg=0.889859 pcd=False subgoal_reg=3.4463564917105516 
2026-01-09 19:42:32,126 :   101/    0 dest_loss=2.241833 future_loss=11.983539 offset_loss=49.905552 kld=0.599452 cd=-0.636083 en_pos=0.276213 en_neg=0.912296 pcd=True subgoal_reg=3.0741934612141955 
2026-01-09 19:42:56,310 :   107/    0 dest_loss=2.038541 future_loss=13.787020 offset_loss=38.002362 kld=0.621821 cd=-0.661455 en_pos=0.301887 en_neg=0.963342 pcd=True subgoal_reg=3.6187876289457095 
2026-01-09 19:43:20,545 :   113/    0 dest_loss=2.161870 future_loss=14.090109 offset_loss=30.913424 kld=0.598346 cd=-0.716145 en_pos=0.320177 en_neg=1.036322 pcd=True subgoal_reg=3.446738331462581 
2026-01-09 19:43:44,866 :   119/    0 dest_loss=1.753757 future_loss=13.349530 offset_loss=25.484848 kld=0.675450 cd=-0.749044 en_pos=0.345630 en_neg=1.094674 pcd=True subgoal_reg=3.4486738079305983 
2026-01-09 19:44:09,082 :   125/    0 dest_loss=0.787904 future_loss=11.348617 offset_loss=19.135591 kld=0.829463 cd=-0.804825 en_pos=0.378215 en_neg=1.183040 pcd=True subgoal_reg=3.544506834650253 
2026-01-09 19:44:33,462 :   131/    0 dest_loss=1.088140 future_loss=10.237056 offset_loss=15.083830 kld=0.551483 cd=-0.850577 en_pos=0.391543 en_neg=1.242119 pcd=True subgoal_reg=2.4477053168957243 
2026-01-09 19:44:57,920 :   137/    0 dest_loss=0.932597 future_loss=8.475705 offset_loss=11.196395 kld=0.535687 cd=-0.883413 en_pos=0.433685 en_neg=1.317098 pcd=True subgoal_reg=1.9656855509713025 
2026-01-09 19:45:22,135 :   143/    0 dest_loss=0.600375 future_loss=6.819848 offset_loss=8.077887 kld=0.448081 cd=-0.936081 en_pos=0.459581 en_neg=1.395661 pcd=True subgoal_reg=1.9568467560432694 
2026-01-09 19:45:46,361 :   149/    0 dest_loss=0.342082 future_loss=5.001689 offset_loss=5.242622 kld=0.495660 cd=-0.980611 en_pos=0.502437 en_neg=1.483048 pcd=True subgoal_reg=1.7710052846804472 
2026-01-09 19:46:10,776 :   155/    0 dest_loss=0.587349 future_loss=4.588834 offset_loss=4.881938 kld=0.480612 cd=-1.019449 en_pos=0.542185 en_neg=1.561634 pcd=True subgoal_reg=1.3304803047683322 
2026-01-09 19:46:35,001 :   161/    0 dest_loss=0.547081 future_loss=3.792247 offset_loss=3.951757 kld=0.472302 cd=-1.060051 en_pos=0.588364 en_neg=1.648415 pcd=True subgoal_reg=0.97063348213965 
2026-01-09 19:46:59,269 :   167/    0 dest_loss=0.392237 future_loss=2.845784 offset_loss=2.836752 kld=0.364001 cd=-1.130615 en_pos=0.609621 en_neg=1.740236 pcd=True subgoal_reg=0.6364927980346219 
2026-01-09 19:47:23,613 :   173/    0 dest_loss=0.243011 future_loss=2.074948 offset_loss=2.462723 kld=0.385931 cd=-1.183469 en_pos=0.654799 en_neg=1.838268 pcd=True subgoal_reg=0.533818723671412 
2026-01-09 19:47:47,815 :   179/    0 dest_loss=0.291574 future_loss=1.701407 offset_loss=2.120107 kld=0.403308 cd=-1.195702 en_pos=0.720161 en_neg=1.915863 pcd=True subgoal_reg=0.411120728554558 
2026-01-09 19:48:12,246 :   185/    0 dest_loss=0.235157 future_loss=1.335808 offset_loss=1.961515 kld=0.426913 cd=-1.264182 en_pos=0.809976 en_neg=2.074158 pcd=True subgoal_reg=0.2943327348944171 
2026-01-09 19:48:36,579 :   191/    0 dest_loss=0.575333 future_loss=1.248593 offset_loss=1.863051 kld=0.489064 cd=-1.296172 en_pos=0.875866 en_neg=2.172038 pcd=True subgoal_reg=0.26500327738272805 
2026-01-09 19:49:00,884 :   197/    0 dest_loss=0.297931 future_loss=1.101502 offset_loss=1.138651 kld=0.317429 cd=-1.374285 en_pos=0.867564 en_neg=2.241849 pcd=True subgoal_reg=0.19531514194575458 
2026-01-09 19:49:25,212 :   203/    0 dest_loss=0.196031 future_loss=0.797461 offset_loss=1.309703 kld=0.312843 cd=-1.383633 en_pos=0.934768 en_neg=2.318401 pcd=True subgoal_reg=0.15606495746664883 
2026-01-09 19:49:49,445 :   209/    0 dest_loss=0.315267 future_loss=0.931481 offset_loss=1.027908 kld=0.280593 cd=-1.455030 en_pos=0.969746 en_neg=2.424776 pcd=True subgoal_reg=0.10995976326560966 
2026-01-09 19:50:13,865 :   215/    0 dest_loss=0.227795 future_loss=0.680145 offset_loss=1.034501 kld=0.284030 cd=-1.542375 en_pos=1.024133 en_neg=2.566508 pcd=True subgoal_reg=0.12424282266363589 
2026-01-09 19:50:38,190 :   221/    0 dest_loss=0.222536 future_loss=0.702260 offset_loss=1.007165 kld=0.264329 cd=-1.548824 en_pos=1.050156 en_neg=2.598980 pcd=True subgoal_reg=0.10498659719318723 
2026-01-09 19:51:02,449 :   227/    0 dest_loss=0.159994 future_loss=0.621375 offset_loss=0.825340 kld=0.214417 cd=-1.640864 en_pos=1.129512 en_neg=2.770376 pcd=True subgoal_reg=0.0805157319451561 
2026-01-09 19:51:26,739 :   233/    0 dest_loss=0.149985 future_loss=0.558400 offset_loss=0.805498 kld=0.244621 cd=-1.680912 en_pos=1.197421 en_neg=2.878333 pcd=True subgoal_reg=0.10056420844890962 
2026-01-09 19:51:51,090 :   239/    0 dest_loss=0.200798 future_loss=0.532851 offset_loss=0.766819 kld=0.222439 cd=-1.722094 en_pos=1.208269 en_neg=2.930364 pcd=True subgoal_reg=0.05885281954136799 
2026-01-09 19:52:15,655 :   245/    0 dest_loss=0.186541 future_loss=0.499305 offset_loss=0.661260 kld=0.194492 cd=-1.781726 en_pos=1.272987 en_neg=3.054713 pcd=True subgoal_reg=0.06659320708671337 
2026-01-09 19:52:40,023 :   251/    0 dest_loss=0.162809 future_loss=0.475127 offset_loss=0.637119 kld=0.184972 cd=-1.836939 en_pos=1.335104 en_neg=3.172043 pcd=True subgoal_reg=0.0818482194893156 
2026-01-09 19:53:04,363 :   257/    0 dest_loss=0.242084 future_loss=0.480633 offset_loss=0.680140 kld=0.224520 cd=-1.839865 en_pos=1.431827 en_neg=3.271693 pcd=True subgoal_reg=0.04600565806559815 
