2026-01-09 16:02:27,360 : Namespace(seed=3, gpu_deterministic=False, data_scale=1.0, dec_size=[1024, 512, 1024], enc_dest_size=[256, 128], enc_latent_size=[256, 512], enc_past_size=[512, 256], predictor_hidden_size=[1024, 512, 256], non_local_theta_size=[256, 128, 64], non_local_phi_size=[256, 128, 64], non_local_g_size=[256, 128, 64], non_local_dim=128, fdim=16, future_length=12, device=0, kld_coeff=0.5, future_loss_coeff=1, dest_loss_coeff=2, learning_rate=5e-05, lr_decay_step_size=4, lr_decay_gamma=0.5, mu=0, n_values=20, nonlocal_pools=3, num_epochs=50, num_workers=0, past_length=8, sigma=1.3, zdim=16, print_log=6, sub_goal_indexes=[2, 5, 8, 11], e_prior_sig=2, e_init_sig=2, e_activation='lrelu', e_activation_leak=0.2, e_energy_form='identity', e_l_steps=5, e_l_steps_pcd=20, e_l_step_size=0.4, e_l_with_noise=True, e_sn=False, e_lr=3e-05, e_is_grad_clamp=False, e_max_norm=25, e_decay=0.0001, e_gamma=0.998, e_beta1=0.9, e_beta2=0.999, memory_size=200000, dataset_name='swarm', dataset_folder='dataset', obs=20, preds=10, delim='\t', verbose=False, val_size=0, batch_size=256, ny=1, model_path='saved_models/lbebm3D_scene1.pt', test_mode=False, vis=False, lstm_layers=1, state_layers=3, way_points=[0, 1, 3, 4, 6, 7, 9, 10])
2026-01-09 16:02:52,360 :     5/    0 dest_loss=8.244137 future_loss=6.683168 offset_loss=182.637829 kld=1.532512 cd=0.024407 en_pos=0.070238 en_neg=0.045831 pcd=False subgoal_reg=0.004403470727417999 
2026-01-09 16:03:01,029 :    11/    0 dest_loss=6.887181 future_loss=5.589851 offset_loss=179.936737 kld=0.762282 cd=-0.010693 en_pos=0.083034 en_neg=0.093728 pcd=False subgoal_reg=0.004887880072960036 
2026-01-09 16:03:09,728 :    17/    0 dest_loss=6.344866 future_loss=5.028018 offset_loss=184.974051 kld=0.339124 cd=-0.039039 en_pos=0.101928 en_neg=0.140967 pcd=False subgoal_reg=0.006982292273933976 
2026-01-09 16:03:18,425 :    23/    0 dest_loss=4.383130 future_loss=3.592120 offset_loss=170.352906 kld=0.154207 cd=-0.069727 en_pos=0.117692 en_neg=0.187418 pcd=False subgoal_reg=0.008880952976236416 
2026-01-09 16:03:27,181 :    29/    0 dest_loss=5.586760 future_loss=4.481231 offset_loss=170.406704 kld=0.096390 cd=-0.114066 en_pos=0.127920 en_neg=0.241986 pcd=False subgoal_reg=0.01326698748890628 
2026-01-09 16:03:35,863 :    35/    0 dest_loss=7.183739 future_loss=5.906807 offset_loss=167.445764 kld=0.147195 cd=-0.146459 en_pos=0.148390 en_neg=0.294849 pcd=False subgoal_reg=0.029779676775934405 
2026-01-09 16:03:44,476 :    41/    0 dest_loss=8.108986 future_loss=6.492076 offset_loss=167.350097 kld=0.115539 cd=-0.162621 en_pos=0.160733 en_neg=0.323354 pcd=False subgoal_reg=0.06828046969938091 
2026-01-09 16:03:53,174 :    47/    0 dest_loss=8.395738 future_loss=6.706238 offset_loss=165.384154 kld=0.121280 cd=-0.218438 en_pos=0.177873 en_neg=0.396311 pcd=False subgoal_reg=0.14134148722812223 
2026-01-09 16:04:01,914 :    53/    0 dest_loss=7.996538 future_loss=6.915855 offset_loss=147.294362 kld=0.108155 cd=-0.236996 en_pos=0.203213 en_neg=0.440209 pcd=False subgoal_reg=0.27402336831629015 
2026-01-09 16:04:10,613 :    59/    0 dest_loss=6.613924 future_loss=5.401929 offset_loss=150.254228 kld=0.079549 cd=-0.287690 en_pos=0.219545 en_neg=0.507235 pcd=False subgoal_reg=0.46372216808253336 
2026-01-09 16:04:19,391 :    65/    0 dest_loss=6.024888 future_loss=6.729948 offset_loss=136.399183 kld=0.119324 cd=-0.311689 en_pos=0.238479 en_neg=0.550168 pcd=False subgoal_reg=0.9284970708599656 
2026-01-09 16:04:28,068 :    71/    0 dest_loss=6.154233 future_loss=7.201632 offset_loss=130.752127 kld=0.076614 cd=-0.354651 en_pos=0.260010 en_neg=0.614661 pcd=False subgoal_reg=1.3979071910276253 
2026-01-09 16:04:36,727 :    77/    0 dest_loss=7.388218 future_loss=12.406093 offset_loss=113.667605 kld=0.139010 cd=-0.418125 en_pos=0.307615 en_neg=0.725740 pcd=False subgoal_reg=3.3911988951862337 
2026-01-09 16:04:45,388 :    83/    0 dest_loss=4.255879 future_loss=9.753357 offset_loss=98.944316 kld=0.054833 cd=-0.440271 en_pos=0.307634 en_neg=0.747906 pcd=False subgoal_reg=2.3772695079476396 
2026-01-09 16:04:53,981 :    89/    0 dest_loss=4.859646 future_loss=13.499267 offset_loss=84.694144 kld=0.061653 cd=-0.482435 en_pos=0.349636 en_neg=0.832071 pcd=False subgoal_reg=3.3988896958854107 
2026-01-09 16:05:02,720 :    95/    0 dest_loss=5.167373 future_loss=18.409981 offset_loss=72.545675 kld=0.103799 cd=-0.500234 en_pos=0.395277 en_neg=0.895510 pcd=False subgoal_reg=4.578386979054649 
2026-01-09 16:05:11,407 :   101/    0 dest_loss=6.582733 future_loss=23.738976 offset_loss=62.387410 kld=0.138309 cd=-0.566928 en_pos=0.410457 en_neg=0.977385 pcd=False subgoal_reg=3.918010011549354 
2026-01-09 16:05:20,151 :   107/    0 dest_loss=5.809865 future_loss=23.089144 offset_loss=54.192706 kld=0.112796 cd=-0.609342 en_pos=0.423510 en_neg=1.032853 pcd=False subgoal_reg=3.6521664082268623 
2026-01-09 16:05:28,804 :   113/    0 dest_loss=4.633536 future_loss=21.447356 offset_loss=46.080131 kld=0.135869 cd=-0.681182 en_pos=0.440148 en_neg=1.121330 pcd=False subgoal_reg=3.2443885979178053 
2026-01-09 16:05:37,584 :   119/    0 dest_loss=2.851661 future_loss=19.094002 offset_loss=38.691856 kld=0.089142 cd=-0.752758 en_pos=0.464303 en_neg=1.217061 pcd=False subgoal_reg=3.1383130379846302 
2026-01-09 16:05:46,307 :   125/    0 dest_loss=2.254592 future_loss=18.127917 offset_loss=32.783987 kld=0.121431 cd=-0.809055 en_pos=0.507153 en_neg=1.316208 pcd=False subgoal_reg=3.031568570757253 
2026-01-09 16:05:54,882 :   131/    0 dest_loss=2.131530 future_loss=17.696130 offset_loss=28.846793 kld=0.116120 cd=-0.821997 en_pos=0.527054 en_neg=1.349051 pcd=False subgoal_reg=3.49134820881463 
2026-01-09 16:06:03,552 :   137/    0 dest_loss=1.226012 future_loss=14.540639 offset_loss=24.830478 kld=0.098963 cd=-0.868606 en_pos=0.551653 en_neg=1.420259 pcd=False subgoal_reg=3.5716350979260603 
2026-01-09 16:06:12,398 :   143/    0 dest_loss=1.066908 future_loss=13.595734 offset_loss=20.072235 kld=0.092037 cd=-0.960266 en_pos=0.601558 en_neg=1.561824 pcd=False subgoal_reg=3.2287917071393615 
2026-01-09 16:06:21,114 :   149/    0 dest_loss=0.863270 future_loss=12.428087 offset_loss=14.811458 kld=0.100026 cd=-1.109902 en_pos=0.647693 en_neg=1.757595 pcd=False subgoal_reg=2.6335238244779284 
2026-01-09 16:06:30,021 :   155/    0 dest_loss=1.382039 future_loss=11.814203 offset_loss=15.452277 kld=0.124931 cd=-1.106659 en_pos=0.700836 en_neg=1.807495 pcd=False subgoal_reg=2.96410567382292 
2026-01-09 16:06:39,108 :   161/    0 dest_loss=0.380411 future_loss=8.483157 offset_loss=11.286771 kld=0.063456 cd=-1.114180 en_pos=0.737405 en_neg=1.851585 pcd=False subgoal_reg=2.219391699014486 
2026-01-09 16:06:48,060 :   167/    0 dest_loss=0.891553 future_loss=8.101593 offset_loss=10.856095 kld=0.062165 cd=-1.233859 en_pos=0.766463 en_neg=2.000322 pcd=False subgoal_reg=1.6859285322738908 
2026-01-09 16:06:57,064 :   173/    0 dest_loss=0.670414 future_loss=7.008361 offset_loss=8.481849 kld=0.067605 cd=-1.297336 en_pos=0.876658 en_neg=2.173994 pcd=False subgoal_reg=1.2791084317949588 
2026-01-09 16:07:06,276 :   179/    0 dest_loss=0.650487 future_loss=5.646680 offset_loss=8.224889 kld=0.072604 cd=-1.437452 en_pos=0.850975 en_neg=2.288428 pcd=False subgoal_reg=1.2263873791065363 
2026-01-09 16:07:15,223 :   185/    0 dest_loss=0.227312 future_loss=4.666078 offset_loss=6.270895 kld=0.071572 cd=-1.438143 en_pos=0.919965 en_neg=2.358109 pcd=False subgoal_reg=1.3549195848497826 
2026-01-09 16:07:24,154 :   191/    0 dest_loss=0.844032 future_loss=5.879400 offset_loss=5.772370 kld=0.094900 cd=-1.452419 en_pos=1.064996 en_neg=2.517415 pcd=False subgoal_reg=1.1392189661287275 
2026-01-09 16:07:32,930 :   197/    0 dest_loss=0.340398 future_loss=3.674551 offset_loss=4.885186 kld=0.062935 cd=-1.580682 en_pos=1.097093 en_neg=2.677775 pcd=False subgoal_reg=0.695289321720746 
2026-01-09 16:07:41,617 :   203/    0 dest_loss=0.316297 future_loss=2.784313 offset_loss=4.779495 kld=0.059908 cd=-1.761623 en_pos=1.158454 en_neg=2.920076 pcd=False subgoal_reg=0.4843558291989096 
2026-01-09 16:07:50,748 :   209/    0 dest_loss=0.305119 future_loss=2.267959 offset_loss=3.699452 kld=0.075585 cd=-1.861738 en_pos=1.240543 en_neg=3.102281 pcd=False subgoal_reg=0.4139986572858496 
2026-01-09 16:08:00,124 :   215/    0 dest_loss=0.230605 future_loss=1.747059 offset_loss=3.593051 kld=0.067115 cd=-1.927255 en_pos=1.302502 en_neg=3.229757 pcd=False subgoal_reg=0.27552109115324686 
2026-01-09 16:08:09,126 :   221/    0 dest_loss=0.212391 future_loss=1.649603 offset_loss=2.607434 kld=0.053701 cd=-2.120971 en_pos=1.323898 en_neg=3.444869 pcd=False subgoal_reg=0.2545633973629183 
2026-01-09 16:08:18,280 :   227/    0 dest_loss=0.269918 future_loss=1.760414 offset_loss=2.029745 kld=0.056917 cd=-2.168938 en_pos=1.497966 en_neg=3.666904 pcd=False subgoal_reg=0.17995807971519248 
2026-01-09 16:08:27,112 :   233/    0 dest_loss=0.186396 future_loss=1.049011 offset_loss=2.228208 kld=0.040898 cd=-2.185494 en_pos=1.389749 en_neg=3.575243 pcd=False subgoal_reg=0.19571000042453324 
2026-01-09 16:08:36,294 :   239/    0 dest_loss=0.231797 future_loss=1.247206 offset_loss=1.641958 kld=0.043431 cd=-2.467188 en_pos=1.510804 en_neg=3.977992 pcd=False subgoal_reg=0.11012260510990031 
2026-01-09 16:08:45,696 :   245/    0 dest_loss=0.282469 future_loss=1.181418 offset_loss=1.468953 kld=0.076903 cd=-2.604912 en_pos=1.810145 en_neg=4.415057 pcd=False subgoal_reg=0.14599197265563882 
2026-01-09 16:08:54,833 :   251/    0 dest_loss=0.158469 future_loss=1.028459 offset_loss=1.252580 kld=0.042268 cd=-2.629887 en_pos=1.810503 en_neg=4.440390 pcd=False subgoal_reg=0.12439982134928323 
2026-01-09 16:09:03,548 :   257/    0 dest_loss=0.130274 future_loss=0.828993 offset_loss=1.106380 kld=0.036507 cd=-2.709169 en_pos=1.933547 en_neg=4.642716 pcd=False subgoal_reg=0.11936279899689409 
2026-01-09 16:09:12,386 :   263/    0 dest_loss=0.396061 future_loss=0.925881 offset_loss=1.231539 kld=0.069656 cd=-2.815049 en_pos=2.243613 en_neg=5.058662 pcd=False subgoal_reg=0.08560990842855119 
2026-01-09 16:09:21,362 :   269/    0 dest_loss=0.150538 future_loss=0.761858 offset_loss=0.964743 kld=0.044926 cd=-3.093636 en_pos=2.084231 en_neg=5.177867 pcd=False subgoal_reg=0.10286427734219603 
2026-01-09 16:09:30,162 :   275/    0 dest_loss=0.145761 future_loss=0.714889 offset_loss=0.872459 kld=0.056990 cd=-3.199518 en_pos=2.356503 en_neg=5.556021 pcd=False subgoal_reg=0.09016665702460935 
2026-01-09 16:09:39,062 :   281/    0 dest_loss=0.446463 future_loss=0.844383 offset_loss=1.040444 kld=0.067717 cd=-3.299755 en_pos=2.494656 en_neg=5.794411 pcd=False subgoal_reg=0.06642325602126109 
2026-01-09 16:09:47,955 :   287/    0 dest_loss=0.200448 future_loss=0.666265 offset_loss=0.697721 kld=0.044491 cd=-3.433827 en_pos=2.423953 en_neg=5.857780 pcd=False subgoal_reg=0.05700562020536305 
2026-01-09 16:09:56,864 :   293/    0 dest_loss=0.166569 future_loss=0.572922 offset_loss=0.736387 kld=0.043621 cd=-3.481068 en_pos=2.647045 en_neg=6.128113 pcd=False subgoal_reg=0.06787107616332816 
2026-01-09 16:10:05,621 :   299/    0 dest_loss=0.224373 future_loss=0.677706 offset_loss=0.565701 kld=0.046451 cd=-3.608187 en_pos=2.764459 en_neg=6.372646 pcd=False subgoal_reg=0.048658917022808605 
2026-01-09 16:10:14,504 :   305/    0 dest_loss=0.377660 future_loss=0.672381 offset_loss=0.774412 kld=0.063334 cd=-3.469438 en_pos=3.256446 en_neg=6.725885 pcd=False subgoal_reg=0.046744407909324825 
2026-01-09 16:10:23,316 :   311/    0 dest_loss=0.268281 future_loss=0.583835 offset_loss=0.574786 kld=0.052521 cd=-3.873868 en_pos=3.066371 en_neg=6.940239 pcd=False subgoal_reg=0.06220186216278491 
2026-01-09 16:10:32,228 :   317/    0 dest_loss=0.183659 future_loss=0.440614 offset_loss=0.603305 kld=0.040930 cd=-4.326418 en_pos=3.051151 en_neg=7.377569 pcd=False subgoal_reg=0.06869944618243036 
2026-01-09 16:10:41,211 :   323/    0 dest_loss=0.186458 future_loss=0.464226 offset_loss=0.569662 kld=0.035100 cd=-4.267468 en_pos=3.143688 en_neg=7.411156 pcd=False subgoal_reg=0.02668057155546956 
2026-01-09 16:10:50,051 :   329/    0 dest_loss=0.120867 future_loss=0.458536 offset_loss=0.427333 kld=0.033435 cd=-4.298366 en_pos=3.339659 en_neg=7.638026 pcd=False subgoal_reg=0.05896054654020432 
2026-01-09 16:10:58,760 :   335/    0 dest_loss=0.285191 future_loss=0.626862 offset_loss=0.325932 kld=0.048539 cd=-4.302169 en_pos=3.738256 en_neg=8.040425 pcd=False subgoal_reg=0.03292393816875276 
2026-01-09 16:11:07,505 :   341/    0 dest_loss=0.152569 future_loss=0.399361 offset_loss=0.452579 kld=0.043089 cd=-4.899602 en_pos=3.655511 en_neg=8.555113 pcd=False subgoal_reg=0.03488181612201445 
2026-01-09 16:11:16,310 :   347/    0 dest_loss=0.148199 future_loss=0.386094 offset_loss=0.418636 kld=0.032963 cd=-4.814201 en_pos=3.642593 en_neg=8.456794 pcd=False subgoal_reg=0.03638323445990581 
2026-01-09 16:11:25,055 :   353/    0 dest_loss=0.145391 future_loss=0.316305 offset_loss=0.495452 kld=0.035925 cd=-4.895122 en_pos=3.845846 en_neg=8.740967 pcd=False subgoal_reg=0.04135252823373588 
2026-01-09 16:11:33,648 :   359/    0 dest_loss=0.172888 future_loss=0.373187 offset_loss=0.415862 kld=0.038480 cd=-5.005430 en_pos=4.180087 en_neg=9.185517 pcd=False subgoal_reg=0.036997888276456524 
2026-01-09 16:11:42,414 :   365/    0 dest_loss=0.286588 future_loss=0.465628 offset_loss=0.469871 kld=0.053163 cd=-5.374931 en_pos=4.444704 en_neg=9.819635 pcd=False subgoal_reg=0.05131313673340218 
2026-01-09 16:11:51,256 :   371/    0 dest_loss=0.115624 future_loss=0.288863 offset_loss=0.417414 kld=0.031103 cd=-5.452462 en_pos=4.283141 en_neg=9.735603 pcd=False subgoal_reg=0.019907148178091152 
2026-01-09 16:12:00,172 :   377/    0 dest_loss=0.183230 future_loss=0.399116 offset_loss=0.306164 kld=0.041618 cd=-5.542057 en_pos=4.803065 en_neg=10.345123 pcd=False subgoal_reg=0.029663836457356194 
2026-01-09 16:12:09,045 :   383/    0 dest_loss=0.183018 future_loss=0.369953 offset_loss=0.367495 kld=0.036604 cd=-5.700234 en_pos=4.541548 en_neg=10.241781 pcd=False subgoal_reg=0.024493113079372943 
2026-01-09 16:12:17,858 :   389/    0 dest_loss=0.141618 future_loss=0.282293 offset_loss=0.382497 kld=0.035882 cd=-5.776651 en_pos=4.806490 en_neg=10.583141 pcd=False subgoal_reg=0.06274378138412685 
2026-01-09 16:12:26,916 :   395/    0 dest_loss=0.224580 future_loss=0.317725 offset_loss=0.466750 kld=0.041480 cd=-6.017969 en_pos=5.005676 en_neg=11.023645 pcd=False subgoal_reg=0.029224172752436814 
2026-01-09 16:12:35,782 :   401/    0 dest_loss=0.129811 future_loss=0.275007 offset_loss=0.352954 kld=0.032728 cd=-6.020825 en_pos=4.854074 en_neg=10.874900 pcd=False subgoal_reg=0.0590476772500696 
2026-01-09 16:12:44,441 :   407/    0 dest_loss=0.073504 future_loss=0.206514 offset_loss=0.373904 kld=0.026851 cd=-6.110078 en_pos=4.887725 en_neg=10.997804 pcd=False subgoal_reg=0.02284172575189217 
2026-01-09 16:12:53,363 :   413/    0 dest_loss=0.148981 future_loss=0.253481 offset_loss=0.363584 kld=0.026423 cd=-6.142785 en_pos=5.128644 en_neg=11.271429 pcd=False subgoal_reg=0.030953098247139422 
2026-01-09 16:13:02,128 :   419/    0 dest_loss=0.196168 future_loss=0.320549 offset_loss=0.374994 kld=0.039483 cd=-6.302175 en_pos=5.782541 en_neg=12.084716 pcd=False subgoal_reg=0.026096205382152654 
2026-01-09 16:13:11,142 :   425/    0 dest_loss=0.244498 future_loss=0.335420 offset_loss=0.373516 kld=0.048876 cd=-6.604579 en_pos=5.872997 en_neg=12.477577 pcd=False subgoal_reg=0.03106688107822749 
2026-01-09 16:13:19,918 :   431/    0 dest_loss=0.128588 future_loss=0.227504 offset_loss=0.327225 kld=0.032583 cd=-6.676715 en_pos=5.652091 en_neg=12.328806 pcd=False subgoal_reg=0.024695880955584667 
2026-01-09 16:13:28,977 :   437/    0 dest_loss=0.173466 future_loss=0.268056 offset_loss=0.357246 kld=0.043090 cd=-6.839593 en_pos=6.164207 en_neg=13.003800 pcd=False subgoal_reg=0.03258713174926172 
2026-01-09 16:13:37,980 :   443/    0 dest_loss=0.339443 future_loss=0.413434 offset_loss=0.407269 kld=0.055759 cd=-7.034113 en_pos=6.547308 en_neg=13.581421 pcd=False subgoal_reg=0.036037390726421425 
2026-01-09 16:13:46,729 :   449/    0 dest_loss=0.215817 future_loss=0.318053 offset_loss=0.330890 kld=0.039556 cd=-6.767225 en_pos=6.285481 en_neg=13.052706 pcd=False subgoal_reg=0.0261814079034504 
2026-01-09 16:13:55,504 :   455/    0 dest_loss=0.108702 future_loss=0.204131 offset_loss=0.313989 kld=0.039692 cd=-7.038628 en_pos=6.446327 en_neg=13.484955 pcd=False subgoal_reg=0.020881669685244193 
2026-01-09 16:14:04,396 :   461/    0 dest_loss=0.134565 future_loss=0.278208 offset_loss=0.229040 kld=0.042379 cd=-7.680833 en_pos=6.521086 en_neg=14.201919 pcd=False subgoal_reg=0.02945727500814824 
2026-01-09 16:14:12,993 :   467/    0 dest_loss=0.125428 future_loss=0.223295 offset_loss=0.274916 kld=0.038024 cd=-7.876740 en_pos=6.338745 en_neg=14.215485 pcd=False subgoal_reg=0.02281795331610823 
2026-01-09 16:14:21,805 :   473/    0 dest_loss=0.203983 future_loss=0.207581 offset_loss=0.545926 kld=0.041921 cd=-7.749881 en_pos=6.415834 en_neg=14.165715 pcd=False subgoal_reg=0.02415533431435648 
2026-01-09 16:14:30,928 :   479/    0 dest_loss=0.379998 future_loss=0.407759 offset_loss=0.420213 kld=0.058459 cd=-7.440216 en_pos=7.549911 en_neg=14.990127 pcd=False subgoal_reg=0.03674722457315142 
2026-01-09 16:14:40,162 :   485/    0 dest_loss=0.230224 future_loss=0.290724 offset_loss=0.382643 kld=0.052517 cd=-6.899716 en_pos=7.552031 en_neg=14.451747 pcd=False subgoal_reg=0.03173523983563413 
2026-01-09 16:14:49,152 :   491/    0 dest_loss=0.158314 future_loss=0.245209 offset_loss=0.309652 kld=0.046029 cd=-8.171981 en_pos=7.481339 en_neg=15.653320 pcd=False subgoal_reg=0.022413632425674082 
2026-01-09 16:14:58,501 :   497/    0 dest_loss=0.243244 future_loss=0.224564 offset_loss=0.461768 kld=0.048245 cd=-8.158351 en_pos=7.115435 en_neg=15.273786 pcd=False subgoal_reg=0.03315508331659997 
2026-01-09 16:15:07,358 :   503/    0 dest_loss=0.197148 future_loss=0.271774 offset_loss=0.277368 kld=0.054596 cd=-7.869610 en_pos=7.957674 en_neg=15.827283 pcd=False subgoal_reg=0.023433619389809337 
2026-01-09 16:15:16,294 :   509/    0 dest_loss=0.125132 future_loss=0.197253 offset_loss=0.270181 kld=0.042307 cd=-8.525589 en_pos=7.431595 en_neg=15.957184 pcd=False subgoal_reg=0.01548100033480553 
2026-01-09 16:15:25,159 :   515/    0 dest_loss=0.198633 future_loss=0.249374 offset_loss=0.290477 kld=0.047853 cd=-8.528830 en_pos=7.443209 en_neg=15.972039 pcd=False subgoal_reg=0.02503215623881553 
2026-01-09 16:15:33,723 :   521/    0 dest_loss=0.239274 future_loss=0.308677 offset_loss=0.290124 kld=0.052027 cd=-8.288494 en_pos=7.946829 en_neg=16.235323 pcd=False subgoal_reg=0.023422547861646895 
2026-01-09 16:15:42,526 :   527/    0 dest_loss=0.127984 future_loss=0.180489 offset_loss=0.256240 kld=0.047626 cd=-8.139222 en_pos=7.938141 en_neg=16.077363 pcd=False subgoal_reg=0.02128942928365905 
2026-01-09 16:15:51,326 :   533/    0 dest_loss=0.137402 future_loss=0.188160 offset_loss=0.273554 kld=0.047690 cd=-8.516980 en_pos=7.974437 en_neg=16.491417 pcd=False subgoal_reg=0.017120158430431708 
2026-01-09 16:16:00,280 :   539/    0 dest_loss=0.178415 future_loss=0.215815 offset_loss=0.273515 kld=0.054291 cd=-8.675829 en_pos=8.453821 en_neg=17.129650 pcd=False subgoal_reg=0.026946284633926475 
2026-01-09 16:16:09,001 :   545/    0 dest_loss=0.143059 future_loss=0.213695 offset_loss=0.248252 kld=0.051444 cd=-8.048812 en_pos=8.940489 en_neg=16.989301 pcd=False subgoal_reg=0.032176870729313724 
2026-01-09 16:16:17,687 :   551/    0 dest_loss=0.269441 future_loss=0.285091 offset_loss=0.372936 kld=0.067226 cd=-9.048594 en_pos=9.044189 en_neg=18.092783 pcd=False subgoal_reg=0.02519925823729476 
2026-01-09 16:16:26,257 :   557/    0 dest_loss=0.128668 future_loss=0.187706 offset_loss=0.239384 kld=0.052760 cd=-9.304357 en_pos=8.718634 en_neg=18.022991 pcd=False subgoal_reg=0.018773403476255432 
2026-01-09 16:16:34,957 :   563/    0 dest_loss=0.135550 future_loss=0.217378 offset_loss=0.229189 kld=0.056566 cd=-9.063443 en_pos=8.778261 en_neg=17.841703 pcd=False subgoal_reg=0.022291166865419126 
2026-01-09 16:16:43,634 :   569/    0 dest_loss=0.135263 future_loss=0.144163 offset_loss=0.398962 kld=0.065501 cd=-8.888438 en_pos=9.224822 en_neg=18.113260 pcd=False subgoal_reg=0.01869025463244685 
2026-01-09 16:16:52,144 :   575/    0 dest_loss=0.344092 future_loss=0.340213 offset_loss=0.388351 kld=0.066221 cd=-9.389882 en_pos=9.576266 en_neg=18.966148 pcd=False subgoal_reg=0.031516744329986794 
2026-01-09 16:17:00,795 :   581/    0 dest_loss=0.169958 future_loss=0.227331 offset_loss=0.330691 kld=0.064417 cd=-9.074542 en_pos=9.385849 en_neg=18.460392 pcd=False subgoal_reg=0.025069560245752895 
2026-01-09 16:17:09,530 :   587/    0 dest_loss=0.180800 future_loss=0.213844 offset_loss=0.274496 kld=0.063782 cd=-9.680819 en_pos=9.178589 en_neg=18.859408 pcd=False subgoal_reg=0.0323374147996621 
2026-01-09 16:17:18,266 :   593/    0 dest_loss=0.165416 future_loss=0.134710 offset_loss=0.469899 kld=0.071665 cd=-9.768285 en_pos=9.383267 en_neg=19.151552 pcd=False subgoal_reg=0.02048084570039784 
2026-01-09 16:17:27,047 :   599/    0 dest_loss=0.275496 future_loss=0.299580 offset_loss=0.288531 kld=0.074159 cd=-9.224690 en_pos=9.870146 en_neg=19.094836 pcd=False subgoal_reg=0.049380634588456686 
2026-01-09 16:17:36,027 :   605/    0 dest_loss=0.283248 future_loss=0.273831 offset_loss=0.340121 kld=0.069693 cd=-9.375073 en_pos=9.728318 en_neg=19.103391 pcd=False subgoal_reg=0.0120599392320796 
2026-01-09 16:17:44,754 :   611/    0 dest_loss=0.196655 future_loss=0.267583 offset_loss=0.275819 kld=0.070125 cd=-8.868993 en_pos=10.083228 en_neg=18.952221 pcd=False subgoal_reg=0.06260339743407815 
2026-01-09 16:17:53,691 :   617/    0 dest_loss=0.226690 future_loss=0.243617 offset_loss=0.313494 kld=0.074160 cd=-10.035851 en_pos=10.387859 en_neg=20.423710 pcd=False subgoal_reg=0.013030675567597568 
2026-01-09 16:18:02,619 :   623/    0 dest_loss=0.169977 future_loss=0.213209 offset_loss=0.269438 kld=0.074490 cd=-10.191845 en_pos=10.108219 en_neg=20.300064 pcd=False subgoal_reg=0.03043542369384554 
2026-01-09 16:18:11,164 :   629/    0 dest_loss=0.241640 future_loss=0.357509 offset_loss=0.197846 kld=0.077474 cd=-9.465947 en_pos=10.325958 en_neg=19.791905 pcd=False subgoal_reg=0.026524779333562374 
2026-01-09 16:18:20,048 :   635/    0 dest_loss=0.346348 future_loss=0.273262 offset_loss=0.450348 kld=0.096339 cd=-9.402497 en_pos=11.027605 en_neg=20.430102 pcd=False subgoal_reg=0.04732915079579344 
2026-01-09 16:18:29,022 :   641/    0 dest_loss=0.105104 future_loss=0.176776 offset_loss=0.194657 kld=0.073049 cd=-9.447968 en_pos=10.245495 en_neg=19.693463 pcd=False subgoal_reg=0.04059110734163166 
2026-01-09 16:18:37,662 :   647/    0 dest_loss=0.125649 future_loss=0.169646 offset_loss=0.239022 kld=0.086865 cd=-9.509996 en_pos=10.167604 en_neg=19.677601 pcd=False subgoal_reg=0.027853424177752675 
2026-01-09 16:18:46,367 :   653/    0 dest_loss=0.101382 future_loss=0.138737 offset_loss=0.223435 kld=0.079371 cd=-10.812861 en_pos=10.462868 en_neg=21.275729 pcd=False subgoal_reg=0.011978381625691537 
2026-01-09 16:18:54,911 :   659/    0 dest_loss=0.138782 future_loss=0.203273 offset_loss=0.188136 kld=0.091557 cd=-10.504834 en_pos=11.033565 en_neg=21.538399 pcd=False subgoal_reg=0.021496229341278372 
2026-01-09 16:19:03,603 :   665/    0 dest_loss=0.182069 future_loss=0.196908 offset_loss=0.307206 kld=0.093261 cd=-10.887529 en_pos=10.757336 en_neg=21.644864 pcd=False subgoal_reg=0.037399160043537764 
2026-01-09 16:19:12,332 :   671/    0 dest_loss=0.200769 future_loss=0.196038 offset_loss=0.320445 kld=0.091673 cd=-10.123008 en_pos=11.216359 en_neg=21.339367 pcd=False subgoal_reg=0.01635789106441428 
2026-01-09 16:19:20,873 :   677/    0 dest_loss=0.191029 future_loss=0.295697 offset_loss=0.208600 kld=0.092436 cd=-9.960369 en_pos=11.510663 en_neg=21.471031 pcd=False subgoal_reg=0.07561888135547443 
2026-01-09 16:19:30,029 :   683/    0 dest_loss=0.170923 future_loss=0.185565 offset_loss=0.321716 kld=0.090490 cd=-10.362353 en_pos=10.841209 en_neg=21.203562 pcd=False subgoal_reg=0.02315395733135287 
2026-01-09 16:19:39,080 :   689/    0 dest_loss=0.174809 future_loss=0.217311 offset_loss=0.227866 kld=0.096597 cd=-10.615215 en_pos=10.764552 en_neg=21.379767 pcd=False subgoal_reg=0.02183818375452856 
2026-01-09 16:19:47,957 :   695/    0 dest_loss=0.162976 future_loss=0.199604 offset_loss=0.242194 kld=0.103509 cd=-11.532231 en_pos=11.821581 en_neg=23.353812 pcd=False subgoal_reg=0.04539440678532898 
2026-01-09 16:19:56,845 :   701/    0 dest_loss=0.260374 future_loss=0.225715 offset_loss=0.365487 kld=0.104330 cd=-9.298563 en_pos=11.658445 en_neg=20.957007 pcd=False subgoal_reg=0.011822102818083317 
2026-01-09 16:20:05,569 :   707/    0 dest_loss=0.094831 future_loss=0.151717 offset_loss=0.181931 kld=0.101189 cd=-10.061856 en_pos=11.472026 en_neg=21.533882 pcd=False subgoal_reg=0.019076705165896653 
2026-01-09 16:20:14,570 :   713/    0 dest_loss=0.150683 future_loss=0.178254 offset_loss=0.273870 kld=0.104425 cd=-10.693975 en_pos=11.300469 en_neg=21.994445 pcd=False subgoal_reg=0.02370480295286042 
2026-01-09 16:20:23,391 :   719/    0 dest_loss=0.101576 future_loss=0.133899 offset_loss=0.272666 kld=0.108409 cd=-11.097671 en_pos=11.324070 en_neg=22.421741 pcd=False subgoal_reg=0.015634701817736168 
2026-01-09 16:20:31,897 :   725/    0 dest_loss=0.386357 future_loss=0.268634 offset_loss=0.489620 kld=0.117041 cd=-10.246853 en_pos=11.709227 en_neg=21.956080 pcd=False subgoal_reg=0.031219607456076836 
2026-01-09 16:20:40,580 :   731/    0 dest_loss=0.113664 future_loss=0.143823 offset_loss=0.245261 kld=0.109279 cd=-10.341261 en_pos=11.478962 en_neg=21.820223 pcd=False subgoal_reg=0.017050312252860245 
2026-01-09 16:20:49,293 :   737/    0 dest_loss=0.119698 future_loss=0.170761 offset_loss=0.209948 kld=0.112310 cd=-10.107375 en_pos=12.483781 en_neg=22.591156 pcd=False subgoal_reg=0.018563716612853783 
2026-01-09 16:20:58,194 :   743/    0 dest_loss=0.207401 future_loss=0.208310 offset_loss=0.300273 kld=0.118851 cd=-10.327259 en_pos=12.296554 en_neg=22.623813 pcd=False subgoal_reg=0.016610020353334285 
2026-01-09 16:21:07,167 :   749/    0 dest_loss=0.164160 future_loss=0.195707 offset_loss=0.267850 kld=0.123329 cd=-10.590502 en_pos=12.088925 en_neg=22.679427 pcd=False subgoal_reg=0.012831232488438014 
2026-01-09 16:21:15,977 :   755/    0 dest_loss=0.164026 future_loss=0.180086 offset_loss=0.217071 kld=0.123706 cd=-10.465097 en_pos=12.781346 en_neg=23.246442 pcd=False subgoal_reg=0.027662106631434265 
2026-01-09 16:21:24,877 :   761/    0 dest_loss=0.194601 future_loss=0.197318 offset_loss=0.264567 kld=0.132156 cd=-10.459316 en_pos=12.881378 en_neg=23.340694 pcd=False subgoal_reg=0.013027381977281524 
2026-01-09 16:21:33,460 :   767/    0 dest_loss=0.102352 future_loss=0.147331 offset_loss=0.199444 kld=0.123951 cd=-10.003398 en_pos=12.376703 en_neg=22.380101 pcd=False subgoal_reg=0.026707627327661704 
2026-01-09 16:21:42,214 :   773/    0 dest_loss=0.088383 future_loss=0.125994 offset_loss=0.198931 kld=0.127929 cd=-10.588562 en_pos=12.593009 en_neg=23.181571 pcd=False subgoal_reg=0.011878961926177527 
2026-01-09 16:21:51,135 :   779/    0 dest_loss=0.397783 future_loss=0.338692 offset_loss=0.417460 kld=0.142047 cd=-10.452743 en_pos=13.693032 en_neg=24.145775 pcd=False subgoal_reg=0.027765733482577257 
2026-01-09 16:21:59,987 :   785/    0 dest_loss=0.117956 future_loss=0.131723 offset_loss=0.206888 kld=0.131889 cd=4.133415 en_pos=13.186535 en_neg=9.053121 pcd=True subgoal_reg=0.01516031852081578 
2026-01-09 16:22:09,138 :   791/    0 dest_loss=0.165996 future_loss=0.197116 offset_loss=0.254178 kld=0.137429 cd=4.385331 en_pos=13.263929 en_neg=8.878599 pcd=True subgoal_reg=0.017913302253904397 
2026-01-09 16:22:18,017 :   797/    0 dest_loss=0.224432 future_loss=0.196091 offset_loss=0.311655 kld=0.138217 cd=3.855638 en_pos=13.179514 en_neg=9.323877 pcd=True subgoal_reg=0.02177708498557368 
2026-01-09 16:22:27,018 :   803/    0 dest_loss=0.167631 future_loss=0.179564 offset_loss=0.227569 kld=0.143496 cd=3.620172 en_pos=12.886755 en_neg=9.266583 pcd=True subgoal_reg=0.01643183654165837 
2026-01-09 16:22:35,814 :   809/    0 dest_loss=0.136131 future_loss=0.163041 offset_loss=0.217598 kld=0.135757 cd=3.637858 en_pos=12.400316 en_neg=8.762458 pcd=True subgoal_reg=0.014064155565397233 
2026-01-09 16:22:45,048 :   815/    0 dest_loss=0.213055 future_loss=0.223126 offset_loss=0.256651 kld=0.137621 cd=3.672242 en_pos=12.549208 en_neg=8.876966 pcd=True subgoal_reg=0.021997921871665677 
2026-01-09 16:22:54,490 :   821/    0 dest_loss=0.097730 future_loss=0.128315 offset_loss=0.214889 kld=0.131766 cd=2.997869 en_pos=11.749660 en_neg=8.751791 pcd=True subgoal_reg=0.01628178780602012 
2026-01-09 16:23:03,667 :   827/    0 dest_loss=0.112800 future_loss=0.146769 offset_loss=0.187220 kld=0.135620 cd=3.534428 en_pos=11.903072 en_neg=8.368644 pcd=True subgoal_reg=0.023567645059642216 
2026-01-09 16:23:13,398 :   833/    0 dest_loss=0.210542 future_loss=0.211983 offset_loss=0.268379 kld=0.131488 cd=3.546197 en_pos=11.698052 en_neg=8.151855 pcd=True subgoal_reg=0.02564979154801454 
2026-01-09 16:23:22,966 :   839/    0 dest_loss=0.137014 future_loss=0.151325 offset_loss=0.254810 kld=0.124258 cd=3.876120 en_pos=11.846090 en_neg=7.969969 pcd=True subgoal_reg=0.010899639010392731 
2026-01-09 16:23:32,836 :   845/    0 dest_loss=0.136098 future_loss=0.127359 offset_loss=0.238618 kld=0.125894 cd=3.307407 en_pos=11.593280 en_neg=8.285873 pcd=True subgoal_reg=0.03542824937574063 
2026-01-09 16:23:42,706 :   851/    0 dest_loss=0.121989 future_loss=0.139880 offset_loss=0.193828 kld=0.121235 cd=3.343105 en_pos=11.268720 en_neg=7.925615 pcd=True subgoal_reg=0.012542717386884011 
2026-01-09 16:23:52,358 :   857/    0 dest_loss=0.117922 future_loss=0.137708 offset_loss=0.204555 kld=0.127584 cd=3.459476 en_pos=12.076395 en_neg=8.616919 pcd=True subgoal_reg=0.036862389256755376 
2026-01-09 16:24:01,952 :   863/    0 dest_loss=0.170509 future_loss=0.189025 offset_loss=0.206380 kld=0.119690 cd=3.333909 en_pos=11.521394 en_neg=8.187485 pcd=True subgoal_reg=0.011500235532191982 
2026-01-09 16:24:11,201 :   869/    0 dest_loss=0.165558 future_loss=0.203061 offset_loss=0.220972 kld=0.117526 cd=3.321614 en_pos=11.344146 en_neg=8.022531 pcd=True subgoal_reg=0.04183930435977617 
2026-01-09 16:24:20,332 :   875/    0 dest_loss=0.097577 future_loss=0.129038 offset_loss=0.176230 kld=0.119021 cd=2.920543 en_pos=10.635369 en_neg=7.714826 pcd=True subgoal_reg=0.010533692374968446 
2026-01-09 16:24:29,245 :   881/    0 dest_loss=0.103094 future_loss=0.143152 offset_loss=0.170509 kld=0.116635 cd=2.867297 en_pos=10.836792 en_neg=7.969495 pcd=True subgoal_reg=0.023263690001763794 
2026-01-09 16:24:39,107 :   887/    0 dest_loss=0.084001 future_loss=0.117728 offset_loss=0.160254 kld=0.115589 cd=3.231851 en_pos=11.376270 en_neg=8.144419 pcd=True subgoal_reg=0.015008394712981987 
2026-01-09 16:24:48,682 :   893/    0 dest_loss=0.103429 future_loss=0.093104 offset_loss=0.317214 kld=0.125475 cd=3.013041 en_pos=11.380974 en_neg=8.367933 pcd=True subgoal_reg=0.02199781195040722 
2026-01-09 16:24:58,036 :   899/    0 dest_loss=0.289524 future_loss=0.282895 offset_loss=0.331610 kld=0.120729 cd=2.522920 en_pos=10.522750 en_neg=7.999830 pcd=True subgoal_reg=0.01935038185654645 
2026-01-09 16:25:07,119 :   905/    0 dest_loss=0.169424 future_loss=0.189166 offset_loss=0.251560 kld=0.111633 cd=2.985191 en_pos=10.792455 en_neg=7.807265 pcd=True subgoal_reg=0.013809138513798794 
2026-01-09 16:25:15,998 :   911/    0 dest_loss=0.153005 future_loss=0.160376 offset_loss=0.229048 kld=0.115526 cd=3.041945 en_pos=11.000079 en_neg=7.958134 pcd=True subgoal_reg=0.025137848654557156 
2026-01-09 16:25:25,266 :   917/    0 dest_loss=0.145310 future_loss=0.144352 offset_loss=0.291937 kld=0.109525 cd=2.728006 en_pos=10.416285 en_neg=7.688279 pcd=True subgoal_reg=0.023307013070686937 
2026-01-09 16:25:34,376 :   923/    0 dest_loss=0.107664 future_loss=0.137128 offset_loss=0.196725 kld=0.107390 cd=2.517684 en_pos=9.907875 en_neg=7.390191 pcd=True subgoal_reg=0.02289710449064274 
2026-01-09 16:25:43,673 :   929/    0 dest_loss=0.101099 future_loss=0.129821 offset_loss=0.193625 kld=0.109950 cd=2.702866 en_pos=10.090508 en_neg=7.387642 pcd=True subgoal_reg=0.020305336953118064 
2026-01-09 16:25:52,829 :   935/    0 dest_loss=0.332746 future_loss=0.273553 offset_loss=0.343545 kld=0.112533 cd=2.333696 en_pos=10.233671 en_neg=7.899974 pcd=True subgoal_reg=0.02837541817516515 
2026-01-09 16:26:01,781 :   941/    0 dest_loss=0.129200 future_loss=0.112743 offset_loss=0.217588 kld=0.107798 cd=2.358925 en_pos=10.036205 en_neg=7.677280 pcd=True subgoal_reg=0.02098462808680908 
2026-01-09 16:26:11,248 :   947/    0 dest_loss=0.335418 future_loss=0.310423 offset_loss=0.371567 kld=0.106791 cd=2.202438 en_pos=10.087345 en_neg=7.884907 pcd=True subgoal_reg=0.02439623512085973 
2026-01-09 16:26:20,275 :   953/    0 dest_loss=0.186604 future_loss=0.138676 offset_loss=0.245058 kld=0.102662 cd=2.586174 en_pos=9.800870 en_neg=7.214696 pcd=True subgoal_reg=0.020343945268489372 
2026-01-09 16:26:29,438 :   959/    0 dest_loss=0.106586 future_loss=0.156176 offset_loss=0.158324 kld=0.104337 cd=2.251603 en_pos=9.408395 en_neg=7.156792 pcd=True subgoal_reg=0.021549950841806227 
2026-01-09 16:26:38,613 :   965/    0 dest_loss=0.164208 future_loss=0.171849 offset_loss=0.209898 kld=0.098873 cd=1.708114 en_pos=8.930003 en_neg=7.221889 pcd=True subgoal_reg=0.023316216304540276 
2026-01-09 16:26:48,182 :   971/    0 dest_loss=0.179725 future_loss=0.193992 offset_loss=0.263957 kld=0.100793 cd=2.534481 en_pos=9.758705 en_neg=7.224224 pcd=True subgoal_reg=0.02395812215549618 
2026-01-09 16:26:57,514 :   977/    0 dest_loss=0.141746 future_loss=0.183607 offset_loss=0.214817 kld=0.096178 cd=2.312808 en_pos=9.344051 en_neg=7.031242 pcd=True subgoal_reg=0.027191239365255672 
2026-01-09 16:27:06,803 :   983/    0 dest_loss=0.206585 future_loss=0.195937 offset_loss=0.243581 kld=0.101439 cd=1.907449 en_pos=9.528608 en_neg=7.621159 pcd=True subgoal_reg=0.01470371474298358 
2026-01-09 16:27:15,978 :   989/    0 dest_loss=0.120512 future_loss=0.128678 offset_loss=0.210128 kld=0.100640 cd=1.675387 en_pos=9.239938 en_neg=7.564552 pcd=True subgoal_reg=0.01614553828556931 
2026-01-09 16:27:25,028 :   995/    0 dest_loss=0.173415 future_loss=0.179364 offset_loss=0.235779 kld=0.102958 cd=2.173973 en_pos=9.544496 en_neg=7.370523 pcd=True subgoal_reg=0.02191853061299584 
2026-01-09 16:27:34,230 :  1001/    0 dest_loss=0.147782 future_loss=0.138204 offset_loss=0.212380 kld=0.090149 cd=1.594000 en_pos=8.752492 en_neg=7.158492 pcd=True subgoal_reg=0.020217713509665558 
2026-01-09 16:27:43,546 :  1007/    0 dest_loss=0.134826 future_loss=0.165438 offset_loss=0.171094 kld=0.095340 cd=2.252973 en_pos=9.250065 en_neg=6.997092 pcd=True subgoal_reg=0.010798340269709642 
2026-01-09 16:27:52,660 :  1013/    0 dest_loss=0.134817 future_loss=0.190188 offset_loss=0.144652 kld=0.096300 cd=1.804566 en_pos=9.121383 en_neg=7.316817 pcd=True subgoal_reg=0.021278846607219983 
2026-01-09 16:28:01,851 :  1019/    0 dest_loss=0.110538 future_loss=0.123062 offset_loss=0.206508 kld=0.091057 cd=1.791100 en_pos=8.967750 en_neg=7.176651 pcd=True subgoal_reg=0.012726540905779946 
2026-01-09 16:28:10,979 :  1025/    0 dest_loss=0.147628 future_loss=0.147773 offset_loss=0.223733 kld=0.091294 cd=1.960055 en_pos=8.624723 en_neg=6.664668 pcd=True subgoal_reg=0.011519085641224192 
2026-01-09 16:28:20,438 :  1031/    0 dest_loss=0.169462 future_loss=0.205595 offset_loss=0.184508 kld=0.089923 cd=1.782213 en_pos=8.826896 en_neg=7.044682 pcd=True subgoal_reg=0.01972030789037646 
2026-01-09 16:28:29,542 :  1037/    0 dest_loss=0.176434 future_loss=0.173749 offset_loss=0.222906 kld=0.090570 cd=2.059946 en_pos=8.853392 en_neg=6.793446 pcd=True subgoal_reg=0.012194127545943173 
2026-01-09 16:28:38,727 :  1043/    0 dest_loss=0.162555 future_loss=0.183382 offset_loss=0.202805 kld=0.091351 cd=1.458660 en_pos=8.558773 en_neg=7.100113 pcd=True subgoal_reg=0.013826073328978079 
2026-01-09 16:28:48,113 :  1049/    0 dest_loss=0.129985 future_loss=0.121804 offset_loss=0.233591 kld=0.087185 cd=1.533832 en_pos=8.559575 en_neg=7.025743 pcd=True subgoal_reg=0.03132236768696482 
2026-01-09 16:28:57,205 :  1055/    0 dest_loss=0.218210 future_loss=0.199253 offset_loss=0.242390 kld=0.095630 cd=1.975671 en_pos=9.423586 en_neg=7.447914 pcd=True subgoal_reg=0.012088677882398563 
2026-01-09 16:29:06,389 :  1061/    0 dest_loss=0.144720 future_loss=0.140459 offset_loss=0.220418 kld=0.089504 cd=1.929602 en_pos=8.879922 en_neg=6.950319 pcd=True subgoal_reg=0.03778766232492772 
2026-01-09 16:29:15,428 :  1067/    0 dest_loss=0.231284 future_loss=0.161109 offset_loss=0.471329 kld=0.093223 cd=1.324577 en_pos=7.988029 en_neg=6.663452 pcd=True subgoal_reg=0.007169222691746211 
2026-01-09 16:29:24,786 :  1073/    0 dest_loss=0.128751 future_loss=0.179719 offset_loss=0.148296 kld=0.085399 cd=1.543145 en_pos=8.449311 en_neg=6.906166 pcd=True subgoal_reg=0.0380251351931383 
2026-01-09 16:29:34,188 :  1079/    0 dest_loss=0.246035 future_loss=0.203395 offset_loss=0.318222 kld=0.093028 cd=1.659923 en_pos=8.490097 en_neg=6.830174 pcd=True subgoal_reg=0.020400971308054815 
2026-01-09 16:29:43,274 :  1085/    0 dest_loss=0.142412 future_loss=0.142063 offset_loss=0.312464 kld=0.089128 cd=1.459804 en_pos=8.163729 en_neg=6.703926 pcd=True subgoal_reg=0.009023271658900796 
2026-01-09 16:29:52,478 :  1091/    0 dest_loss=0.126766 future_loss=0.174576 offset_loss=0.127927 kld=0.077041 cd=1.297137 en_pos=7.485908 en_neg=6.188771 pcd=True subgoal_reg=0.033049653337794395 
2026-01-09 16:30:01,512 :  1097/    0 dest_loss=0.152445 future_loss=0.152397 offset_loss=0.224222 kld=0.086088 cd=1.397696 en_pos=8.164626 en_neg=6.766930 pcd=True subgoal_reg=0.01811301599753963 
2026-01-09 16:30:10,676 :  1103/    0 dest_loss=0.193968 future_loss=0.202214 offset_loss=0.126409 kld=0.077900 cd=1.551128 en_pos=8.011213 en_neg=6.460085 pcd=True subgoal_reg=0.008506237731421356 
2026-01-09 16:30:19,687 :  1109/    0 dest_loss=0.156431 future_loss=0.147375 offset_loss=0.264631 kld=0.082867 cd=1.332976 en_pos=7.796396 en_neg=6.463420 pcd=True subgoal_reg=0.0321987176940923 
2026-01-09 16:30:28,739 :  1115/    0 dest_loss=0.296288 future_loss=0.241528 offset_loss=0.341069 kld=0.081356 cd=1.442114 en_pos=7.762525 en_neg=6.320412 pcd=True subgoal_reg=0.013968660788741732 
2026-01-09 16:30:37,767 :  1121/    0 dest_loss=0.264048 future_loss=0.249683 offset_loss=0.254388 kld=0.080861 cd=1.403667 en_pos=7.725105 en_neg=6.321437 pcd=True subgoal_reg=0.014091565388013741 
2026-01-09 16:30:46,544 :  1127/    0 dest_loss=0.113117 future_loss=0.149159 offset_loss=0.178460 kld=0.078537 cd=0.855370 en_pos=7.527201 en_neg=6.671831 pcd=True subgoal_reg=0.03860967506309544 
2026-01-09 16:30:55,622 :  1133/    0 dest_loss=0.104814 future_loss=0.119092 offset_loss=0.178367 kld=0.078178 cd=0.786014 en_pos=7.405022 en_neg=6.619008 pcd=True subgoal_reg=0.013636228031901211 
2026-01-09 16:31:04,755 :  1139/    0 dest_loss=0.119377 future_loss=0.162523 offset_loss=0.152003 kld=0.078796 cd=1.332423 en_pos=7.683032 en_neg=6.350609 pcd=True subgoal_reg=0.03541122870553145 
2026-01-09 16:31:14,240 :  1145/    0 dest_loss=0.109638 future_loss=0.114686 offset_loss=0.182942 kld=0.078135 cd=1.255614 en_pos=7.721768 en_neg=6.466154 pcd=True subgoal_reg=0.010099478147926139 
2026-01-09 16:31:23,525 :  1151/    0 dest_loss=0.172576 future_loss=0.179104 offset_loss=0.213499 kld=0.074647 cd=1.074560 en_pos=7.299842 en_neg=6.225282 pcd=True subgoal_reg=0.013745315208720658 
2026-01-09 16:31:32,896 :  1157/    0 dest_loss=0.123741 future_loss=0.143390 offset_loss=0.154246 kld=0.073244 cd=1.087163 en_pos=7.032035 en_neg=5.944873 pcd=True subgoal_reg=0.015744717460917153 
2026-01-09 16:31:42,059 :  1163/    0 dest_loss=0.088094 future_loss=0.117392 offset_loss=0.138108 kld=0.075088 cd=0.866946 en_pos=7.028431 en_neg=6.161485 pcd=True subgoal_reg=0.01697486907187068 
2026-01-09 16:31:50,928 :  1169/    0 dest_loss=0.097967 future_loss=0.111232 offset_loss=0.170601 kld=0.067329 cd=1.272528 en_pos=7.142967 en_neg=5.870439 pcd=True subgoal_reg=0.011364541202188569 
2026-01-09 16:31:59,974 :  1175/    0 dest_loss=0.091978 future_loss=0.114011 offset_loss=0.139783 kld=0.074783 cd=0.807775 en_pos=7.291792 en_neg=6.484018 pcd=True subgoal_reg=0.008569583482148094 
2026-01-09 16:32:09,230 :  1181/    0 dest_loss=0.093941 future_loss=0.111570 offset_loss=0.139987 kld=0.070816 cd=0.880471 en_pos=7.069392 en_neg=6.188921 pcd=True subgoal_reg=0.030783517563898424 
2026-01-09 16:32:18,470 :  1187/    0 dest_loss=0.149673 future_loss=0.169929 offset_loss=0.228923 kld=0.075424 cd=0.977179 en_pos=7.468902 en_neg=6.491723 pcd=True subgoal_reg=0.021943178772903752 
2026-01-09 16:32:27,840 :  1193/    0 dest_loss=0.183188 future_loss=0.185608 offset_loss=0.217257 kld=0.073490 cd=0.718482 en_pos=6.678145 en_neg=5.959663 pcd=True subgoal_reg=0.018121248902846547 
2026-01-09 16:32:36,944 :  1199/    0 dest_loss=0.389902 future_loss=0.390432 offset_loss=0.245689 kld=0.068643 cd=1.196373 en_pos=7.319792 en_neg=6.123418 pcd=True subgoal_reg=0.0173137468710663 
2026-01-09 16:32:46,158 :  1205/    0 dest_loss=0.131907 future_loss=0.144925 offset_loss=0.254559 kld=0.070149 cd=0.681137 en_pos=6.892908 en_neg=6.211770 pcd=True subgoal_reg=0.011343590241536815 
2026-01-09 16:32:55,229 :  1211/    0 dest_loss=0.121251 future_loss=0.160633 offset_loss=0.144080 kld=0.070918 cd=0.660617 en_pos=6.906260 en_neg=6.245644 pcd=True subgoal_reg=0.020765206499859197 
2026-01-09 16:33:04,572 :  1217/    0 dest_loss=0.081144 future_loss=0.100382 offset_loss=0.160414 kld=0.068013 cd=1.117122 en_pos=6.854217 en_neg=5.737095 pcd=True subgoal_reg=0.012798870936163307 
2026-01-09 16:33:13,578 :  1223/    0 dest_loss=0.063506 future_loss=0.085676 offset_loss=0.140453 kld=0.069483 cd=1.083241 en_pos=7.093075 en_neg=6.009834 pcd=True subgoal_reg=0.01274096709322644 
2026-01-09 16:33:22,748 :  1229/    0 dest_loss=0.144184 future_loss=0.176177 offset_loss=0.201701 kld=0.069896 cd=0.676040 en_pos=6.754573 en_neg=6.078532 pcd=True subgoal_reg=0.020629780393831485 
2026-01-09 16:33:32,001 :  1235/    0 dest_loss=0.320907 future_loss=0.278539 offset_loss=0.343669 kld=0.070745 cd=0.579209 en_pos=6.740332 en_neg=6.161124 pcd=True subgoal_reg=0.023300609045256045 
2026-01-09 16:33:41,120 :  1241/    0 dest_loss=0.094940 future_loss=0.118327 offset_loss=0.136079 kld=0.068187 cd=1.105124 en_pos=6.719683 en_neg=5.614559 pcd=True subgoal_reg=0.023606708092125114 
2026-01-09 16:33:50,255 :  1247/    0 dest_loss=0.152789 future_loss=0.107036 offset_loss=0.325597 kld=0.070576 cd=0.843430 en_pos=6.551389 en_neg=5.707959 pcd=True subgoal_reg=0.02428575397528582 
2026-01-09 16:33:59,128 :  1253/    0 dest_loss=0.121918 future_loss=0.147921 offset_loss=0.125158 kld=0.065047 cd=0.677619 en_pos=6.306613 en_neg=5.628994 pcd=True subgoal_reg=0.011942549187215146 
2026-01-09 16:34:08,637 :  1259/    0 dest_loss=0.128303 future_loss=0.196593 offset_loss=0.179528 kld=0.068715 cd=0.725811 en_pos=6.487299 en_neg=5.761487 pcd=True subgoal_reg=0.02139717799360004 
2026-01-09 16:34:17,773 :  1265/    0 dest_loss=0.184021 future_loss=0.245336 offset_loss=0.123765 kld=0.065142 cd=0.751468 en_pos=6.312937 en_neg=5.561469 pcd=True subgoal_reg=0.015288097824542955 
2026-01-09 16:34:26,957 :  1271/    0 dest_loss=0.150465 future_loss=0.156269 offset_loss=0.175446 kld=0.061599 cd=0.657674 en_pos=6.480023 en_neg=5.822348 pcd=True subgoal_reg=0.017062975492893734 
2026-01-09 16:34:36,134 :  1277/    0 dest_loss=0.097514 future_loss=0.096431 offset_loss=0.167494 kld=0.071042 cd=0.572700 en_pos=6.459395 en_neg=5.886694 pcd=True subgoal_reg=0.015103530732701652 
2026-01-09 16:34:45,457 :  1283/    0 dest_loss=0.104036 future_loss=0.100810 offset_loss=0.149037 kld=0.064278 cd=0.487346 en_pos=6.362837 en_neg=5.875491 pcd=True subgoal_reg=0.015991114899085578 
2026-01-09 16:34:55,589 :  1289/    0 dest_loss=0.238529 future_loss=0.336952 offset_loss=0.128353 kld=0.060503 cd=0.533860 en_pos=6.176457 en_neg=5.642597 pcd=True subgoal_reg=0.03785053735459946 
2026-01-09 16:35:04,770 :  1295/    0 dest_loss=0.127899 future_loss=0.141049 offset_loss=0.225908 kld=0.070518 cd=0.739986 en_pos=6.524158 en_neg=5.784173 pcd=True subgoal_reg=0.014571548418803593 
2026-01-09 16:35:14,262 :  1301/    0 dest_loss=0.137955 future_loss=0.136227 offset_loss=0.148094 kld=0.063647 cd=0.555013 en_pos=6.468279 en_neg=5.913266 pcd=True subgoal_reg=0.012477623382533786 
2026-01-09 16:35:24,529 :  1307/    0 dest_loss=0.111699 future_loss=0.119430 offset_loss=0.155617 kld=0.066470 cd=0.688644 en_pos=6.496563 en_neg=5.807919 pcd=True subgoal_reg=0.03900146418550547 
2026-01-09 16:35:33,517 :  1313/    0 dest_loss=0.393609 future_loss=0.361639 offset_loss=0.403314 kld=0.074305 cd=0.597474 en_pos=6.635089 en_neg=6.037614 pcd=True subgoal_reg=0.03401747042735396 
