2026-01-09 17:07:15,550 : Namespace(seed=3, gpu_deterministic=False, data_scale=1.0, dec_size=[1024, 512, 1024], enc_dest_size=[256, 128], enc_latent_size=[256, 512], enc_past_size=[512, 256], predictor_hidden_size=[1024, 512, 256], non_local_theta_size=[256, 128, 64], non_local_phi_size=[256, 128, 64], non_local_g_size=[256, 128, 64], non_local_dim=128, fdim=16, future_length=10, device=0, kld_coeff=0.5, future_loss_coeff=1, dest_loss_coeff=2, learning_rate=5e-05, lr_decay_step_size=4, lr_decay_gamma=0.5, mu=0, n_values=20, nonlocal_pools=3, num_epochs=50, num_workers=0, past_length=20, sigma=1.3, zdim=16, print_log=6, sub_goal_indexes=[2, 5, 7, 9], e_prior_sig=2, e_init_sig=2, e_activation='lrelu', e_activation_leak=0.2, e_energy_form='identity', e_l_steps=5, e_l_steps_pcd=20, e_l_step_size=0.4, e_l_with_noise=True, e_sn=False, e_lr=3e-05, e_is_grad_clamp=False, e_max_norm=25, e_decay=0.0001, e_gamma=0.998, e_beta1=0.9, e_beta2=0.999, memory_size=200000, dataset_name='swarm', dataset_folder='dataset', obs=20, preds=10, delim='\t', verbose=False, val_size=0, batch_size=1024, ny=1, model_path='saved_models/lbebm3D_scene1.pt', test_mode=False, vis=False, lstm_layers=1, state_layers=3, way_points=[0, 1, 3, 4, 6, 8])
2026-01-09 17:07:37,347 :     5/    0 dest_loss=6.731678 future_loss=4.955927 offset_loss=169.769077 kld=7.923900 cd=-0.046257 en_pos=-0.042122 en_neg=0.004136 pcd=False subgoal_reg=0.006857832685131545 
2026-01-09 17:07:55,343 :    11/    0 dest_loss=4.945330 future_loss=3.641376 offset_loss=167.082214 kld=3.956752 cd=-0.081627 en_pos=-0.025687 en_neg=0.055940 pcd=False subgoal_reg=0.00892840479668603 
2026-01-09 17:08:12,821 :    17/    0 dest_loss=6.967899 future_loss=5.152870 offset_loss=164.377393 kld=2.014548 cd=-0.117153 en_pos=-0.008308 en_neg=0.108845 pcd=False subgoal_reg=0.008836115531365724 
2026-01-09 17:08:30,677 :    23/    0 dest_loss=4.011505 future_loss=3.091084 offset_loss=158.230968 kld=1.030279 cd=-0.152299 en_pos=0.006638 en_neg=0.158936 pcd=False subgoal_reg=0.01510604688475415 
2026-01-09 17:08:48,205 :    29/    0 dest_loss=6.963161 future_loss=5.231619 offset_loss=159.582966 kld=0.684232 cd=-0.186971 en_pos=0.024179 en_neg=0.211150 pcd=False subgoal_reg=0.02938856145474803 
2026-01-09 17:09:05,856 :    35/    0 dest_loss=7.111504 future_loss=5.489127 offset_loss=154.792941 kld=0.546579 cd=-0.218509 en_pos=0.039701 en_neg=0.258210 pcd=False subgoal_reg=0.05076643748707649 
2026-01-09 17:09:23,526 :    41/    0 dest_loss=5.667679 future_loss=4.528014 offset_loss=151.031005 kld=0.448790 cd=-0.260099 en_pos=0.062291 en_neg=0.322390 pcd=False subgoal_reg=0.09332966303446906 
2026-01-09 17:09:42,806 :    47/    0 dest_loss=5.287823 future_loss=4.690414 offset_loss=145.204751 kld=0.457341 cd=-0.285204 en_pos=0.081243 en_neg=0.366447 pcd=False subgoal_reg=0.1957134570933373 
2026-01-09 17:10:01,578 :    53/    0 dest_loss=5.907185 future_loss=7.083303 offset_loss=133.488544 kld=0.613574 cd=-0.336408 en_pos=0.116895 en_neg=0.453303 pcd=False subgoal_reg=0.6512072221268922 
2026-01-09 17:10:19,262 :    59/    0 dest_loss=3.388802 future_loss=5.584383 offset_loss=128.873414 kld=0.558770 cd=-0.368056 en_pos=0.141302 en_neg=0.509358 pcd=False subgoal_reg=1.1616458657593425 
2026-01-09 17:10:36,633 :    65/    0 dest_loss=2.984579 future_loss=8.940577 offset_loss=119.008455 kld=0.685027 cd=-0.390221 en_pos=0.193275 en_neg=0.583496 pcd=False subgoal_reg=2.6066983838907314 
2026-01-09 17:10:53,904 :    71/    0 dest_loss=2.108799 future_loss=11.289483 offset_loss=108.467108 kld=0.708612 cd=-0.423953 en_pos=0.232153 en_neg=0.656105 pcd=False subgoal_reg=4.184841226337527 
2026-01-09 17:11:11,363 :    77/    0 dest_loss=1.286395 future_loss=7.668467 offset_loss=102.674341 kld=0.547821 cd=-0.472916 en_pos=0.226179 en_neg=0.699094 pcd=False subgoal_reg=2.736244263507855 
2026-01-09 17:11:28,995 :    83/    0 dest_loss=1.441568 future_loss=8.735921 offset_loss=88.676188 kld=0.559965 cd=-0.516979 en_pos=0.239700 en_neg=0.756680 pcd=False subgoal_reg=2.885262287645685 
2026-01-09 17:11:46,730 :    89/    0 dest_loss=3.057429 future_loss=12.303611 offset_loss=76.270436 kld=0.540989 cd=-0.550282 en_pos=0.285864 en_neg=0.836145 pcd=False subgoal_reg=2.802076632742329 
2026-01-09 17:12:04,514 :    95/    0 dest_loss=2.421478 future_loss=11.925358 offset_loss=62.582834 kld=0.555169 cd=-0.604178 en_pos=0.279493 en_neg=0.883672 pcd=False subgoal_reg=2.8327820286366316 
2026-01-09 17:12:22,227 :   101/    0 dest_loss=3.086939 future_loss=14.347032 offset_loss=48.023101 kld=0.421208 cd=-0.654205 en_pos=0.293768 en_neg=0.947973 pcd=False subgoal_reg=3.071412994937197 
2026-01-09 17:12:39,537 :   107/    0 dest_loss=2.226301 future_loss=14.022632 offset_loss=37.500948 kld=0.387541 cd=-0.721367 en_pos=0.311089 en_neg=1.032456 pcd=False subgoal_reg=3.351904724155595 
2026-01-09 17:12:57,053 :   113/    0 dest_loss=1.586013 future_loss=15.042773 offset_loss=28.745130 kld=0.655017 cd=-0.768463 en_pos=0.351805 en_neg=1.120268 pcd=False subgoal_reg=4.42834343149381 
2026-01-09 17:13:15,628 :   119/    0 dest_loss=1.112463 future_loss=12.330791 offset_loss=23.742490 kld=0.421540 cd=-0.795140 en_pos=0.361874 en_neg=1.157014 pcd=False subgoal_reg=3.171405814165303 
2026-01-09 17:13:34,118 :   125/    0 dest_loss=0.850035 future_loss=11.018975 offset_loss=19.218600 kld=0.472024 cd=-0.847840 en_pos=0.406322 en_neg=1.254162 pcd=False subgoal_reg=2.881690704981888 
2026-01-09 17:13:52,631 :   131/    0 dest_loss=1.151141 future_loss=9.856214 offset_loss=15.982104 kld=0.441118 cd=-0.892907 en_pos=0.434122 en_neg=1.327029 pcd=False subgoal_reg=2.235087543944262 
2026-01-09 17:14:10,175 :   137/    0 dest_loss=0.734111 future_loss=7.932248 offset_loss=11.394943 kld=0.352081 cd=-0.976957 en_pos=0.461078 en_neg=1.438035 pcd=False subgoal_reg=1.8977858591620085 
2026-01-09 17:14:27,614 :   143/    0 dest_loss=0.622532 future_loss=6.007250 offset_loss=8.208594 kld=0.296015 cd=-1.021700 en_pos=0.477663 en_neg=1.499363 pcd=False subgoal_reg=1.4060663392432289 
2026-01-09 17:14:45,064 :   149/    0 dest_loss=0.651440 future_loss=5.678435 offset_loss=5.502869 kld=0.289051 cd=-1.094290 en_pos=0.525411 en_neg=1.619701 pcd=False subgoal_reg=1.3187946538100002 
2026-01-09 17:15:02,466 :   155/    0 dest_loss=0.319591 future_loss=3.737561 offset_loss=4.155780 kld=0.386138 cd=-1.159838 en_pos=0.599491 en_neg=1.759329 pcd=False subgoal_reg=1.2534795093671438 
2026-01-09 17:15:20,004 :   161/    0 dest_loss=0.280883 future_loss=3.142636 offset_loss=3.440568 kld=0.285862 cd=-1.249151 en_pos=0.630199 en_neg=1.879350 pcd=False subgoal_reg=0.7660378015932405 
2026-01-09 17:15:37,708 :   167/    0 dest_loss=0.298336 future_loss=2.482196 offset_loss=3.073175 kld=0.334063 cd=-1.308605 en_pos=0.720841 en_neg=2.029446 pcd=False subgoal_reg=0.6521183764385994 
2026-01-09 17:15:55,455 :   173/    0 dest_loss=0.222818 future_loss=1.654002 offset_loss=2.652238 kld=0.298788 cd=-1.362299 en_pos=0.764330 en_neg=2.126630 pcd=False subgoal_reg=0.45358935792927013 
2026-01-09 17:16:13,763 :   179/    0 dest_loss=0.408361 future_loss=1.491571 offset_loss=2.145703 kld=0.336394 cd=-1.457883 en_pos=0.858126 en_neg=2.316009 pcd=False subgoal_reg=0.3238982514559403 
2026-01-09 17:16:32,263 :   185/    0 dest_loss=0.214518 future_loss=1.248467 offset_loss=1.699365 kld=0.229663 cd=-1.502383 en_pos=0.855072 en_neg=2.357455 pcd=False subgoal_reg=0.3387677376336557 
2026-01-09 17:16:49,613 :   191/    0 dest_loss=0.331167 future_loss=1.078618 offset_loss=1.617551 kld=0.296258 cd=-1.588196 en_pos=0.958740 en_neg=2.546936 pcd=False subgoal_reg=0.2428761822442984 
2026-01-09 17:17:07,422 :   197/    0 dest_loss=0.182513 future_loss=0.926172 offset_loss=1.283563 kld=0.267246 cd=-1.492780 en_pos=1.011286 en_neg=2.504067 pcd=True subgoal_reg=0.19167504014313647 
2026-01-09 17:17:25,639 :   203/    0 dest_loss=0.142289 future_loss=0.753066 offset_loss=1.125903 kld=0.167516 cd=-1.532271 en_pos=0.931858 en_neg=2.464129 pcd=True subgoal_reg=0.13477877885895934 
2026-01-09 17:17:44,060 :   209/    0 dest_loss=0.213218 future_loss=0.782134 offset_loss=0.930939 kld=0.180309 cd=-1.595528 en_pos=1.016681 en_neg=2.612209 pcd=True subgoal_reg=0.12246457717154229 
2026-01-09 17:18:03,128 :   215/    0 dest_loss=0.167623 future_loss=0.762001 offset_loss=0.913290 kld=0.156096 cd=-1.661162 en_pos=1.065162 en_neg=2.726324 pcd=True subgoal_reg=0.15614176994246565 
2026-01-09 17:18:22,346 :   221/    0 dest_loss=0.709056 future_loss=0.864891 offset_loss=1.022191 kld=0.256616 cd=-1.655829 en_pos=1.212339 en_neg=2.868167 pcd=True subgoal_reg=0.13437213283890986 
2026-01-09 17:18:41,165 :   227/    0 dest_loss=0.154777 future_loss=0.547969 offset_loss=0.841682 kld=0.158435 cd=-1.701220 en_pos=1.142833 en_neg=2.844054 pcd=True subgoal_reg=0.08215168487489066 
2026-01-09 17:18:59,284 :   233/    0 dest_loss=0.248765 future_loss=0.582617 offset_loss=0.718141 kld=0.135844 cd=-1.831482 en_pos=1.186559 en_neg=3.018041 pcd=True subgoal_reg=0.09246394342557623 
2026-01-09 17:19:17,335 :   239/    0 dest_loss=0.149104 future_loss=0.513365 offset_loss=0.826264 kld=0.151576 cd=-1.825641 en_pos=1.364191 en_neg=3.189832 pcd=True subgoal_reg=0.0993142538875871 
2026-01-09 17:19:35,650 :   245/    0 dest_loss=0.251635 future_loss=0.546284 offset_loss=0.711602 kld=0.115282 cd=-1.929254 en_pos=1.289858 en_neg=3.219112 pcd=True subgoal_reg=0.04853752039977422 
2026-01-09 17:19:53,937 :   251/    0 dest_loss=0.122622 future_loss=0.486643 offset_loss=0.627883 kld=0.140503 cd=-1.911175 en_pos=1.435288 en_neg=3.346463 pcd=True subgoal_reg=0.11894166204470949 
2026-01-09 17:20:12,747 :   257/    0 dest_loss=0.137160 future_loss=0.453309 offset_loss=0.595260 kld=0.152883 cd=-1.994576 en_pos=1.583366 en_neg=3.577942 pcd=True subgoal_reg=0.0737463106385926 
2026-01-09 17:20:31,403 :   263/    0 dest_loss=0.113506 future_loss=0.403687 offset_loss=0.555405 kld=0.123103 cd=-2.013557 en_pos=1.542455 en_neg=3.556012 pcd=True subgoal_reg=0.055836876230038954 
2026-01-09 17:20:50,359 :   269/    0 dest_loss=0.204961 future_loss=0.266958 offset_loss=0.833436 kld=0.144137 cd=-2.043496 en_pos=1.633594 en_neg=3.677090 pcd=True subgoal_reg=0.06543238926220729 
2026-01-09 17:21:09,226 :   275/    0 dest_loss=0.160219 future_loss=0.382697 offset_loss=0.492579 kld=0.120611 cd=-2.083904 en_pos=1.682535 en_neg=3.766439 pcd=True subgoal_reg=0.05621830237985102 
2026-01-09 17:21:27,692 :   281/    0 dest_loss=0.105442 future_loss=0.366213 offset_loss=0.439639 kld=0.098129 cd=-2.198132 en_pos=1.688563 en_neg=3.886695 pcd=True subgoal_reg=0.055997820552058236 
2026-01-09 17:21:46,250 :   287/    0 dest_loss=0.107187 future_loss=0.310195 offset_loss=0.513668 kld=0.117040 cd=-2.235203 en_pos=1.803570 en_neg=4.038774 pcd=True subgoal_reg=0.05408564504218629 
2026-01-09 17:22:04,985 :   293/    0 dest_loss=0.352791 future_loss=0.480330 offset_loss=0.646524 kld=0.147884 cd=-2.240241 en_pos=1.926040 en_neg=4.166281 pcd=True subgoal_reg=0.040128921713887475 
2026-01-09 17:22:23,711 :   299/    0 dest_loss=0.148760 future_loss=0.354130 offset_loss=0.533945 kld=0.103501 cd=-2.285531 en_pos=1.905106 en_neg=4.190637 pcd=True subgoal_reg=0.046772049079427835 
2026-01-09 17:22:42,692 :   305/    0 dest_loss=0.248134 future_loss=0.373653 offset_loss=0.479675 kld=0.091959 cd=-2.400861 en_pos=1.962320 en_neg=4.363182 pcd=True subgoal_reg=0.054687960508599254 
2026-01-09 17:23:01,079 :   311/    0 dest_loss=0.183841 future_loss=0.355956 offset_loss=0.508314 kld=0.097053 cd=-2.464320 en_pos=2.131018 en_neg=4.595337 pcd=True subgoal_reg=0.04869390447051139 
2026-01-09 17:23:19,447 :   317/    0 dest_loss=0.529241 future_loss=0.479425 offset_loss=0.593858 kld=0.152918 cd=-2.375048 en_pos=2.303408 en_neg=4.678456 pcd=True subgoal_reg=0.05963982940148886 
2026-01-09 17:23:37,490 :   323/    0 dest_loss=0.127385 future_loss=0.272885 offset_loss=0.439813 kld=0.110988 cd=-2.468816 en_pos=2.292151 en_neg=4.760967 pcd=True subgoal_reg=0.02807145047541901 
2026-01-09 17:23:55,428 :   329/    0 dest_loss=0.128448 future_loss=0.267562 offset_loss=0.386219 kld=0.098173 cd=-2.441947 en_pos=2.420050 en_neg=4.861997 pcd=True subgoal_reg=0.05943671632401064 
2026-01-09 17:24:13,662 :   335/    0 dest_loss=0.249813 future_loss=0.383447 offset_loss=0.517251 kld=0.103884 cd=-2.510424 en_pos=2.439777 en_neg=4.950201 pcd=True subgoal_reg=0.026623510833972346 
2026-01-09 17:24:32,008 :   341/    0 dest_loss=0.228618 future_loss=0.329720 offset_loss=0.450625 kld=0.091139 cd=-2.463910 en_pos=2.532972 en_neg=4.996882 pcd=True subgoal_reg=0.04666600615704305 
2026-01-09 17:24:50,183 :   347/    0 dest_loss=0.210478 future_loss=0.304942 offset_loss=0.417164 kld=0.097760 cd=-2.452663 en_pos=2.552503 en_neg=5.005166 pcd=True subgoal_reg=0.0294762636416967 
2026-01-09 17:25:08,306 :   353/    0 dest_loss=0.334146 future_loss=0.381824 offset_loss=0.454487 kld=0.118080 cd=-2.571479 en_pos=2.745241 en_neg=5.316720 pcd=True subgoal_reg=0.03965745246010619 
2026-01-09 17:25:26,338 :   359/    0 dest_loss=0.249449 future_loss=0.330187 offset_loss=0.453182 kld=0.108706 cd=-2.512907 en_pos=2.762402 en_neg=5.275309 pcd=True subgoal_reg=0.03121201496024726 
2026-01-09 17:25:44,200 :   365/    0 dest_loss=0.224342 future_loss=0.282993 offset_loss=0.418416 kld=0.085715 cd=-2.494144 en_pos=2.747481 en_neg=5.241625 pcd=True subgoal_reg=0.03243340251239101 
2026-01-09 17:26:02,370 :   371/    0 dest_loss=0.302061 future_loss=0.421476 offset_loss=0.318602 kld=0.107166 cd=-2.488132 en_pos=3.036692 en_neg=5.524823 pcd=True subgoal_reg=0.03806948959739493 
2026-01-09 17:26:20,802 :   377/    0 dest_loss=0.245996 future_loss=0.305097 offset_loss=0.471604 kld=0.084273 cd=-2.531888 en_pos=2.907801 en_neg=5.439689 pcd=True subgoal_reg=0.02157143593711053 
2026-01-09 17:26:38,839 :   383/    0 dest_loss=0.188680 future_loss=0.283891 offset_loss=0.363148 kld=0.098017 cd=-2.532429 en_pos=3.143167 en_neg=5.675595 pcd=True subgoal_reg=0.03597947073314643 
2026-01-09 17:26:57,127 :   389/    0 dest_loss=0.239754 future_loss=0.310385 offset_loss=0.380535 kld=0.069001 cd=-2.624423 en_pos=2.975822 en_neg=5.600245 pcd=True subgoal_reg=0.023764101098327182 
2026-01-09 17:27:16,130 :   395/    0 dest_loss=0.153237 future_loss=0.262455 offset_loss=0.349185 kld=0.071349 cd=-2.611800 en_pos=3.110999 en_neg=5.722799 pcd=True subgoal_reg=0.03992893966553961 
2026-01-09 17:27:35,166 :   401/    0 dest_loss=0.124022 future_loss=0.165155 offset_loss=0.475712 kld=0.092251 cd=-2.557060 en_pos=3.490877 en_neg=6.047937 pcd=True subgoal_reg=0.03827313662325413 
2026-01-09 17:27:53,245 :   407/    0 dest_loss=0.092120 future_loss=0.196719 offset_loss=0.292815 kld=0.087333 cd=-2.447013 en_pos=3.678258 en_neg=6.125271 pcd=True subgoal_reg=0.0460786563169581 
2026-01-09 17:28:10,945 :   413/    0 dest_loss=0.103547 future_loss=0.178868 offset_loss=0.297519 kld=0.080333 cd=-2.533720 en_pos=3.579080 en_neg=6.112800 pcd=True subgoal_reg=0.030580016923763675 
2026-01-09 17:28:28,662 :   419/    0 dest_loss=0.231541 future_loss=0.333668 offset_loss=0.465373 kld=0.086931 cd=-2.546969 en_pos=3.623324 en_neg=6.170293 pcd=True subgoal_reg=0.04854239291682088 
2026-01-09 17:28:46,334 :   425/    0 dest_loss=0.322602 future_loss=0.295380 offset_loss=0.422788 kld=0.074286 cd=-2.555749 en_pos=3.573260 en_neg=6.129009 pcd=True subgoal_reg=0.027086497571107607 
2026-01-09 17:29:04,028 :   431/    0 dest_loss=0.158847 future_loss=0.258932 offset_loss=0.343783 kld=0.076321 cd=-2.490155 en_pos=3.684047 en_neg=6.174201 pcd=True subgoal_reg=0.033411336872987835 
2026-01-09 17:29:21,818 :   437/    0 dest_loss=0.083205 future_loss=0.208071 offset_loss=0.270715 kld=0.077519 cd=-2.372914 en_pos=3.914408 en_neg=6.287322 pcd=True subgoal_reg=0.05230701812066439 
2026-01-09 17:29:39,535 :   443/    0 dest_loss=0.155173 future_loss=0.214638 offset_loss=0.300581 kld=0.081110 cd=-2.386260 en_pos=4.011341 en_neg=6.397601 pcd=True subgoal_reg=0.014056198715458275 
2026-01-09 17:29:57,347 :   449/    0 dest_loss=0.164114 future_loss=0.207172 offset_loss=0.288208 kld=0.070135 cd=-2.463556 en_pos=4.001584 en_neg=6.465140 pcd=True subgoal_reg=0.05414098373543208 
2026-01-09 17:30:15,124 :   455/    0 dest_loss=0.150710 future_loss=0.207294 offset_loss=0.282756 kld=0.078925 cd=-2.399508 en_pos=4.157018 en_neg=6.556525 pcd=True subgoal_reg=0.020202944496442585 
2026-01-09 17:30:32,890 :   461/    0 dest_loss=0.462082 future_loss=0.406466 offset_loss=0.500850 kld=0.101554 cd=-2.380489 en_pos=4.358649 en_neg=6.739137 pcd=True subgoal_reg=0.029161615895830304 
2026-01-09 17:30:50,622 :   467/    0 dest_loss=0.118059 future_loss=0.184794 offset_loss=0.280789 kld=0.067792 cd=-2.206826 en_pos=4.290053 en_neg=6.496879 pcd=True subgoal_reg=0.025031729679023666 
2026-01-09 17:31:08,371 :   473/    0 dest_loss=0.183921 future_loss=0.218985 offset_loss=0.303014 kld=0.064578 cd=-2.268226 en_pos=4.328097 en_neg=6.596323 pcd=True subgoal_reg=0.026224725863759984 
2026-01-09 17:31:26,119 :   479/    0 dest_loss=0.128064 future_loss=0.207821 offset_loss=0.275929 kld=0.067253 cd=-2.229666 en_pos=4.431054 en_neg=6.660720 pcd=True subgoal_reg=0.03571740651393632 
2026-01-09 17:31:43,911 :   485/    0 dest_loss=0.171434 future_loss=0.117928 offset_loss=0.548302 kld=0.075849 cd=-2.163577 en_pos=4.517322 en_neg=6.680900 pcd=True subgoal_reg=0.03543928635735529 
2026-01-09 17:32:01,606 :   491/    0 dest_loss=0.208892 future_loss=0.256929 offset_loss=0.322710 kld=0.070686 cd=-2.275691 en_pos=4.571021 en_neg=6.846712 pcd=True subgoal_reg=0.012006923721380628 
2026-01-09 17:32:19,390 :   497/    0 dest_loss=0.307567 future_loss=0.368675 offset_loss=0.280292 kld=0.073262 cd=-2.139345 en_pos=4.808319 en_neg=6.947664 pcd=True subgoal_reg=0.06143698280559674 
2026-01-09 17:32:37,164 :   503/    0 dest_loss=0.217360 future_loss=0.250290 offset_loss=0.372107 kld=0.069376 cd=-2.061798 en_pos=4.794858 en_neg=6.856656 pcd=True subgoal_reg=0.016874830565687837 
2026-01-09 17:32:54,867 :   509/    0 dest_loss=0.162832 future_loss=0.231125 offset_loss=0.308017 kld=0.069081 cd=-2.124586 en_pos=4.908937 en_neg=7.033523 pcd=True subgoal_reg=0.024565293409376795 
2026-01-09 17:33:12,654 :   515/    0 dest_loss=0.184547 future_loss=0.191337 offset_loss=0.397467 kld=0.067673 cd=-2.130679 en_pos=4.817761 en_neg=6.948440 pcd=True subgoal_reg=0.023618624969362897 
2026-01-09 17:33:29,536 :   521/    0 dest_loss=0.152530 future_loss=0.212603 offset_loss=0.251843 kld=0.008283 cd=-1.756922 en_pos=5.091155 en_neg=6.848077 pcd=True subgoal_reg=0.02815270302831273 
