2026-03-09 13:41:05,877 [INFO] ================================================================================
2026-03-09 13:41:05,878 [INFO] Swarm GRU Training
2026-03-09 13:41:05,878 [INFO] ================================================================================
2026-03-09 13:41:05,904 [INFO] Device: cuda
2026-03-09 13:41:05,912 [INFO] Loading data (3 agents)...
2026-03-09 13:41:06,899 [INFO] Data shape: X=(230232, 20, 3, 3), Y=(230232, 10, 3, 3)
2026-03-09 13:41:06,900 [INFO] Using subset: X=(10000, 20, 3, 3), Y=(10000, 10, 3, 3)
2026-03-09 13:41:06,940 [INFO] Dataset: 10000 samples
2026-03-09 13:41:06,941 [INFO]   Input:  mean=[ 0.5066372  1.4424641 -1.1838073], std=[28.070549 29.556389 28.312712]
2026-03-09 13:41:06,941 [INFO]   Output: mean=[-0.17279929  0.00833856 -0.0426229 ], std=[0.42268202 0.48202184 0.48346135]
2026-03-09 13:41:06,946 [INFO] Train: 9000, Val: 1000
2026-03-09 13:41:06,946 [INFO] Creating model...
2026-03-09 13:41:07,057 [INFO] Parameters: 89,865
2026-03-09 13:41:07,697 [INFO] Starting training...
2026-03-09 13:41:08,665 [INFO] Epoch   1 | Train: 2.273241 (pos:0.987312, vel:2.571859) | Val: 2.251142 (pos:0.973112, vel:2.556060)
2026-03-09 13:41:08,675 [INFO]   -> Model saved
2026-03-09 13:41:09,361 [INFO] Epoch   2 | Train: 2.196193 (pos:0.946754, vel:2.498878) | Val: 2.194178 (pos:0.944706, vel:2.498944)
2026-03-09 13:41:09,368 [INFO]   -> Model saved
2026-03-09 13:41:10,004 [INFO] Epoch   3 | Train: 2.145282 (pos:0.924649, vel:2.441265) | Val: 2.149476 (pos:0.923161, vel:2.452630)
2026-03-09 13:41:10,008 [INFO]   -> Model saved
2026-03-09 13:41:10,609 [INFO] Epoch   4 | Train: 2.097193 (pos:0.902870, vel:2.388646) | Val: 2.103743 (pos:0.903791, vel:2.399906)
2026-03-09 13:41:10,614 [INFO]   -> Model saved
2026-03-09 13:41:11,217 [INFO] Epoch   5 | Train: 2.041839 (pos:0.877890, vel:2.327897) | Val: 2.068334 (pos:0.886426, vel:2.363817)
2026-03-09 13:41:11,223 [INFO]   -> Model saved
2026-03-09 13:41:11,824 [INFO] Epoch   6 | Train: 1.989615 (pos:0.853655, vel:2.271920) | Val: 1.989349 (pos:0.852397, vel:2.273904)
2026-03-09 13:41:11,830 [INFO]   -> Model saved
2026-03-09 13:41:12,437 [INFO] Epoch   7 | Train: 1.934595 (pos:0.829303, vel:2.210582) | Val: 1.918903 (pos:0.819375, vel:2.199056)
2026-03-09 13:41:12,442 [INFO]   -> Model saved
2026-03-09 13:41:13,058 [INFO] Epoch   8 | Train: 1.867113 (pos:0.799287, vel:2.135652) | Val: 1.886845 (pos:0.807775, vel:2.158142)
2026-03-09 13:41:13,063 [INFO]   -> Model saved
2026-03-09 13:41:13,643 [INFO] Epoch   9 | Train: 1.808754 (pos:0.773858, vel:2.069793) | Val: 1.823726 (pos:0.782267, vel:2.082917)
2026-03-09 13:41:13,648 [INFO]   -> Model saved
2026-03-09 13:41:14,257 [INFO] Epoch  10 | Train: 1.747522 (pos:0.746239, vel:2.002567) | Val: 1.758551 (pos:0.749256, vel:2.018591)
2026-03-09 13:41:14,262 [INFO]   -> Model saved
2026-03-09 13:41:14,263 [INFO] History saved: D:\Trajectory prediction\drone_trajectories\GRUTrajectoryPredictor\Results\history_agents_3.json
2026-03-09 13:41:14,768 [INFO] Plot saved: D:\Trajectory prediction\drone_trajectories\GRUTrajectoryPredictor\Results\training_agents_3.png
2026-03-09 13:41:14,770 [INFO] ================================================================================
2026-03-09 13:41:14,771 [INFO] Training complete!
2026-03-09 13:41:14,771 [INFO] ================================================================================
