2026-03-09 14:12:00,428 [INFO] ================================================================================
2026-03-09 14:12:00,429 [INFO] Swarm GRU Training (Enhanced v3)
2026-03-09 14:12:00,429 [INFO] ================================================================================
2026-03-09 14:12:00,429 [INFO] Arguments: {'num_agents': 3, 'use_subset': False, 'hidden_dim': 64, 'num_layers': 2, 'dropout': 0.3, 'num_epochs': 300, 'batch_size': 512, 'learning_rate': 0.001, 'lr_decay': 0.9, 'lr_decay_steps': 10, 'early_stopping_patience': 15, 'val_split': 0.1, 'device': 'cuda', 'seed': 42, 'save_every': 10}
2026-03-09 14:12:00,451 [INFO] Device: cuda
2026-03-09 14:12:00,459 [INFO] Loading data (3 agents)...
2026-03-09 14:12:01,445 [INFO] Data shape: X=(230232, 20, 3, 3), Y=(230232, 10, 3, 3)
2026-03-09 14:12:02,386 [INFO] Dataset: 230232 samples
2026-03-09 14:12:02,387 [INFO]   Input:  mean=[ 0.6707142  0.4725033 11.878157 ], std=[25.494501 25.420677 12.767594]
2026-03-09 14:12:02,387 [INFO]   Output: mean=[-0.01494008 -0.00840845 -0.01276703], std=[1.2501038 1.2376206 1.1986593]
2026-03-09 14:12:02,402 [INFO] Train: 207209, Val: 23023
2026-03-09 14:12:02,403 [INFO] Creating model...
2026-03-09 14:12:02,537 [INFO] Parameters: 89,865
2026-03-09 14:12:03,182 [INFO] Starting training...
2026-03-09 14:12:10,381 [INFO] Epoch   1/300 | Train Loss: 1.752441 MAE: 0.325445 ADE: 0.650630 FDE: 1.148942 | Val Loss: 1.240035 MAE: 0.272328 ADE: 0.558890 FDE: 0.987415
2026-03-09 14:12:10,389 [INFO]   [BEST] Model saved: D:\Trajectory prediction\drone_trajectories\GRUTrajectoryPredictor\Models\swarm_gru_agents_3_best.pth
2026-03-09 14:12:16,961 [INFO] Epoch   2/300 | Train Loss: 0.768968 MAE: 0.259538 ADE: 0.529205 FDE: 0.908265 | Val Loss: 0.322122 MAE: 0.166772 ADE: 0.336532 FDE: 0.594893
2026-03-09 14:12:16,968 [INFO]   [BEST] Model saved: D:\Trajectory prediction\drone_trajectories\GRUTrajectoryPredictor\Models\swarm_gru_agents_3_best.pth
2026-03-09 14:12:23,625 [INFO] Epoch   3/300 | Train Loss: 0.272910 MAE: 0.179715 ADE: 0.364201 FDE: 0.587200 | Val Loss: 0.124977 MAE: 0.126411 ADE: 0.251052 FDE: 0.442048
2026-03-09 14:12:23,631 [INFO]   [BEST] Model saved: D:\Trajectory prediction\drone_trajectories\GRUTrajectoryPredictor\Models\swarm_gru_agents_3_best.pth
2026-03-09 14:12:30,070 [INFO] Epoch   4/300 | Train Loss: 0.125485 MAE: 0.129413 ADE: 0.259277 FDE: 0.430151 | Val Loss: 0.084919 MAE: 0.112959 ADE: 0.223724 FDE: 0.403767
2026-03-09 14:12:30,075 [INFO]   [BEST] Model saved: D:\Trajectory prediction\drone_trajectories\GRUTrajectoryPredictor\Models\swarm_gru_agents_3_best.pth
2026-03-09 14:12:36,571 [INFO] Epoch   5/300 | Train Loss: 0.092303 MAE: 0.114662 ADE: 0.229799 FDE: 0.390597 | Val Loss: 0.076243 MAE: 0.115163 ADE: 0.230693 FDE: 0.406492
2026-03-09 14:12:36,576 [INFO]   [BEST] Model saved: D:\Trajectory prediction\drone_trajectories\GRUTrajectoryPredictor\Models\swarm_gru_agents_3_best.pth
2026-03-09 14:12:43,591 [INFO] Epoch   6/300 | Train Loss: 0.079562 MAE: 0.109370 ADE: 0.218658 FDE: 0.376458 | Val Loss: 0.059725 MAE: 0.098461 ADE: 0.197524 FDE: 0.356566
2026-03-09 14:12:43,598 [INFO]   [BEST] Model saved: D:\Trajectory prediction\drone_trajectories\GRUTrajectoryPredictor\Models\swarm_gru_agents_3_best.pth
2026-03-09 14:12:50,346 [INFO] Epoch   7/300 | Train Loss: 0.071203 MAE: 0.104184 ADE: 0.208855 FDE: 0.362679 | Val Loss: 0.052601 MAE: 0.090721 ADE: 0.181982 FDE: 0.334680
2026-03-09 14:12:50,352 [INFO]   [BEST] Model saved: D:\Trajectory prediction\drone_trajectories\GRUTrajectoryPredictor\Models\swarm_gru_agents_3_best.pth
2026-03-09 14:12:56,795 [INFO] Epoch   8/300 | Train Loss: 0.065779 MAE: 0.100137 ADE: 0.200646 FDE: 0.351238 | Val Loss: 0.048673 MAE: 0.086516 ADE: 0.172091 FDE: 0.318969
2026-03-09 14:12:56,802 [INFO]   [BEST] Model saved: D:\Trajectory prediction\drone_trajectories\GRUTrajectoryPredictor\Models\swarm_gru_agents_3_best.pth
2026-03-09 14:13:03,307 [INFO] Epoch   9/300 | Train Loss: 0.062039 MAE: 0.098025 ADE: 0.196093 FDE: 0.344734 | Val Loss: 0.046963 MAE: 0.091421 ADE: 0.180287 FDE: 0.325623
2026-03-09 14:13:03,312 [INFO]   [BEST] Model saved: D:\Trajectory prediction\drone_trajectories\GRUTrajectoryPredictor\Models\swarm_gru_agents_3_best.pth
2026-03-09 14:13:09,803 [INFO] Epoch  10/300 | Train Loss: 0.058793 MAE: 0.095898 ADE: 0.191642 FDE: 0.337947 | Val Loss: 0.049744 MAE: 0.088150 ADE: 0.176644 FDE: 0.327648
2026-03-09 14:13:09,809 [INFO]   [CHECKPOINT] Checkpoint saved: D:\Trajectory prediction\drone_trajectories\GRUTrajectoryPredictor\checkpoints\agents_3_20260309_141203\epoch_010.pth
2026-03-09 14:13:16,317 [INFO] Epoch  11/300 | Train Loss: 0.054383 MAE: 0.091414 ADE: 0.183085 FDE: 0.324477 | Val Loss: 0.036002 MAE: 0.072606 ADE: 0.146137 FDE: 0.274588
2026-03-09 14:13:16,323 [INFO]   [BEST] Model saved: D:\Trajectory prediction\drone_trajectories\GRUTrajectoryPredictor\Models\swarm_gru_agents_3_best.pth
2026-03-09 14:13:22,957 [INFO] Epoch  12/300 | Train Loss: 0.052528 MAE: 0.089372 ADE: 0.179443 FDE: 0.318916 | Val Loss: 0.040445 MAE: 0.082514 ADE: 0.163542 FDE: 0.304454
2026-03-09 14:13:29,301 [INFO] Epoch  13/300 | Train Loss: 0.050455 MAE: 0.088509 ADE: 0.177083 FDE: 0.315290 | Val Loss: 0.038056 MAE: 0.079486 ADE: 0.157954 FDE: 0.292692
2026-03-09 14:13:35,671 [INFO] Epoch  14/300 | Train Loss: 0.048258 MAE: 0.085666 ADE: 0.171781 FDE: 0.306935 | Val Loss: 0.040988 MAE: 0.080013 ADE: 0.162180 FDE: 0.301611
2026-03-09 14:13:41,969 [INFO] Epoch  15/300 | Train Loss: 0.046838 MAE: 0.084825 ADE: 0.169795 FDE: 0.303830 | Val Loss: 0.037901 MAE: 0.074921 ADE: 0.151203 FDE: 0.285044
2026-03-09 14:13:48,369 [INFO] Epoch  16/300 | Train Loss: 0.045322 MAE: 0.083161 ADE: 0.166822 FDE: 0.299166 | Val Loss: 0.038547 MAE: 0.078211 ADE: 0.158656 FDE: 0.294945
2026-03-09 14:13:54,705 [INFO] Epoch  17/300 | Train Loss: 0.044119 MAE: 0.082102 ADE: 0.164716 FDE: 0.295694 | Val Loss: 0.042768 MAE: 0.084013 ADE: 0.166667 FDE: 0.311583
2026-03-09 14:14:01,305 [INFO] Epoch  18/300 | Train Loss: 0.041946 MAE: 0.079387 ADE: 0.159264 FDE: 0.287212 | Val Loss: 0.034070 MAE: 0.075490 ADE: 0.150834 FDE: 0.278848
2026-03-09 14:14:01,312 [INFO]   [BEST] Model saved: D:\Trajectory prediction\drone_trajectories\GRUTrajectoryPredictor\Models\swarm_gru_agents_3_best.pth
2026-03-09 14:14:08,205 [INFO] Epoch  19/300 | Train Loss: 0.040012 MAE: 0.077717 ADE: 0.155780 FDE: 0.281685 | Val Loss: 0.031023 MAE: 0.070941 ADE: 0.142154 FDE: 0.267840
2026-03-09 14:14:08,213 [INFO]   [BEST] Model saved: D:\Trajectory prediction\drone_trajectories\GRUTrajectoryPredictor\Models\swarm_gru_agents_3_best.pth
2026-03-09 14:14:14,763 [INFO] Epoch  20/300 | Train Loss: 0.039240 MAE: 0.076887 ADE: 0.154034 FDE: 0.278764 | Val Loss: 0.029667 MAE: 0.065958 ADE: 0.132508 FDE: 0.250023
2026-03-09 14:14:14,769 [INFO]   [BEST] Model saved: D:\Trajectory prediction\drone_trajectories\GRUTrajectoryPredictor\Models\swarm_gru_agents_3_best.pth
2026-03-09 14:14:14,774 [INFO]   [CHECKPOINT] Checkpoint saved: D:\Trajectory prediction\drone_trajectories\GRUTrajectoryPredictor\checkpoints\agents_3_20260309_141203\epoch_020.pth
2026-03-09 14:14:21,314 [INFO] Epoch  21/300 | Train Loss: 0.036253 MAE: 0.073133 ADE: 0.146545 FDE: 0.266618 | Val Loss: 0.028362 MAE: 0.066736 ADE: 0.134003 FDE: 0.253587
2026-03-09 14:14:21,320 [INFO]   [BEST] Model saved: D:\Trajectory prediction\drone_trajectories\GRUTrajectoryPredictor\Models\swarm_gru_agents_3_best.pth
2026-03-09 14:14:27,946 [INFO] Epoch  22/300 | Train Loss: 0.034171 MAE: 0.070654 ADE: 0.141825 FDE: 0.258709 | Val Loss: 0.027829 MAE: 0.068284 ADE: 0.135141 FDE: 0.254553
2026-03-09 14:14:27,952 [INFO]   [BEST] Model saved: D:\Trajectory prediction\drone_trajectories\GRUTrajectoryPredictor\Models\swarm_gru_agents_3_best.pth
2026-03-09 14:14:34,604 [INFO] Epoch  23/300 | Train Loss: 0.033782 MAE: 0.070002 ADE: 0.140268 FDE: 0.256512 | Val Loss: 0.023824 MAE: 0.057328 ADE: 0.115597 FDE: 0.223131
2026-03-09 14:14:34,611 [INFO]   [BEST] Model saved: D:\Trajectory prediction\drone_trajectories\GRUTrajectoryPredictor\Models\swarm_gru_agents_3_best.pth
2026-03-09 14:14:41,231 [INFO] Epoch  24/300 | Train Loss: 0.032245 MAE: 0.068494 ADE: 0.137276 FDE: 0.251282 | Val Loss: 0.027731 MAE: 0.069735 ADE: 0.138708 FDE: 0.254674
2026-03-09 14:14:47,638 [INFO] Epoch  25/300 | Train Loss: 0.031126 MAE: 0.067194 ADE: 0.134674 FDE: 0.247295 | Val Loss: 0.027544 MAE: 0.063524 ADE: 0.129333 FDE: 0.246981
2026-03-09 14:14:54,049 [INFO] Epoch  26/300 | Train Loss: 0.030444 MAE: 0.066114 ADE: 0.132447 FDE: 0.243381 | Val Loss: 0.023186 MAE: 0.057866 ADE: 0.116878 FDE: 0.223291
2026-03-09 14:14:54,054 [INFO]   [BEST] Model saved: D:\Trajectory prediction\drone_trajectories\GRUTrajectoryPredictor\Models\swarm_gru_agents_3_best.pth
2026-03-09 14:15:00,582 [INFO] Epoch  27/300 | Train Loss: 0.029542 MAE: 0.065119 ADE: 0.130365 FDE: 0.239926 | Val Loss: 0.028968 MAE: 0.068431 ADE: 0.138218 FDE: 0.257695
2026-03-09 14:15:07,153 [INFO] Epoch  28/300 | Train Loss: 0.029404 MAE: 0.064563 ADE: 0.129414 FDE: 0.238769 | Val Loss: 0.023334 MAE: 0.058231 ADE: 0.116846 FDE: 0.224168
2026-03-09 14:15:13,537 [INFO] Epoch  29/300 | Train Loss: 0.028417 MAE: 0.063324 ADE: 0.126856 FDE: 0.234416 | Val Loss: 0.021085 MAE: 0.053833 ADE: 0.108586 FDE: 0.209489
2026-03-09 14:15:13,543 [INFO]   [BEST] Model saved: D:\Trajectory prediction\drone_trajectories\GRUTrajectoryPredictor\Models\swarm_gru_agents_3_best.pth
2026-03-09 14:15:19,957 [INFO] Epoch  30/300 | Train Loss: 0.028172 MAE: 0.063015 ADE: 0.126180 FDE: 0.233381 | Val Loss: 0.020502 MAE: 0.053634 ADE: 0.108546 FDE: 0.210268
2026-03-09 14:15:19,963 [INFO]   [BEST] Model saved: D:\Trajectory prediction\drone_trajectories\GRUTrajectoryPredictor\Models\swarm_gru_agents_3_best.pth
2026-03-09 14:15:19,970 [INFO]   [CHECKPOINT] Checkpoint saved: D:\Trajectory prediction\drone_trajectories\GRUTrajectoryPredictor\checkpoints\agents_3_20260309_141203\epoch_030.pth
2026-03-09 14:15:26,609 [INFO] Epoch  31/300 | Train Loss: 0.026397 MAE: 0.060139 ADE: 0.120653 FDE: 0.224420 | Val Loss: 0.021786 MAE: 0.055591 ADE: 0.111751 FDE: 0.217315
2026-03-09 14:15:32,942 [INFO] Epoch  32/300 | Train Loss: 0.026477 MAE: 0.060827 ADE: 0.121908 FDE: 0.226285 | Val Loss: 0.018774 MAE: 0.052260 ADE: 0.104918 FDE: 0.203843
2026-03-09 14:15:32,948 [INFO]   [BEST] Model saved: D:\Trajectory prediction\drone_trajectories\GRUTrajectoryPredictor\Models\swarm_gru_agents_3_best.pth
2026-03-09 14:15:39,545 [INFO] Epoch  33/300 | Train Loss: 0.025752 MAE: 0.059302 ADE: 0.118839 FDE: 0.221354 | Val Loss: 0.020259 MAE: 0.052825 ADE: 0.106195 FDE: 0.205631
2026-03-09 14:15:46,081 [INFO] Epoch  34/300 | Train Loss: 0.025424 MAE: 0.059026 ADE: 0.118359 FDE: 0.220325 | Val Loss: 0.018990 MAE: 0.052460 ADE: 0.104504 FDE: 0.203359
2026-03-09 14:15:52,407 [INFO] Epoch  35/300 | Train Loss: 0.025222 MAE: 0.058423 ADE: 0.117185 FDE: 0.218690 | Val Loss: 0.018373 MAE: 0.049694 ADE: 0.099062 FDE: 0.197253
2026-03-09 14:15:52,413 [INFO]   [BEST] Model saved: D:\Trajectory prediction\drone_trajectories\GRUTrajectoryPredictor\Models\swarm_gru_agents_3_best.pth
2026-03-09 14:15:59,009 [INFO] Epoch  36/300 | Train Loss: 0.024823 MAE: 0.057821 ADE: 0.115945 FDE: 0.216861 | Val Loss: 0.023863 MAE: 0.057140 ADE: 0.115224 FDE: 0.226009
2026-03-09 14:16:05,411 [INFO] Epoch  37/300 | Train Loss: 0.024529 MAE: 0.057757 ADE: 0.115743 FDE: 0.216406 | Val Loss: 0.017856 MAE: 0.049634 ADE: 0.100122 FDE: 0.196808
2026-03-09 14:16:05,417 [INFO]   [BEST] Model saved: D:\Trajectory prediction\drone_trajectories\GRUTrajectoryPredictor\Models\swarm_gru_agents_3_best.pth
2026-03-09 14:16:12,040 [INFO] Epoch  38/300 | Train Loss: 0.023884 MAE: 0.056816 ADE: 0.113921 FDE: 0.213286 | Val Loss: 0.018156 MAE: 0.049383 ADE: 0.099685 FDE: 0.196622
2026-03-09 14:16:18,458 [INFO] Epoch  39/300 | Train Loss: 0.023496 MAE: 0.056312 ADE: 0.112805 FDE: 0.211431 | Val Loss: 0.019569 MAE: 0.050555 ADE: 0.102931 FDE: 0.202382
2026-03-09 14:16:25,076 [INFO] Epoch  40/300 | Train Loss: 0.023544 MAE: 0.056361 ADE: 0.112913 FDE: 0.211712 | Val Loss: 0.017895 MAE: 0.049442 ADE: 0.098155 FDE: 0.194259
2026-03-09 14:16:25,083 [INFO]   [CHECKPOINT] Checkpoint saved: D:\Trajectory prediction\drone_trajectories\GRUTrajectoryPredictor\checkpoints\agents_3_20260309_141203\epoch_040.pth
2026-03-09 14:16:31,659 [INFO] Epoch  41/300 | Train Loss: 0.022635 MAE: 0.054804 ADE: 0.109761 FDE: 0.206572 | Val Loss: 0.016372 MAE: 0.045360 ADE: 0.091115 FDE: 0.182384
2026-03-09 14:16:31,664 [INFO]   [BEST] Model saved: D:\Trajectory prediction\drone_trajectories\GRUTrajectoryPredictor\Models\swarm_gru_agents_3_best.pth
2026-03-09 14:16:38,056 [INFO] Epoch  42/300 | Train Loss: 0.022614 MAE: 0.054613 ADE: 0.109474 FDE: 0.205784 | Val Loss: 0.017723 MAE: 0.049525 ADE: 0.098269 FDE: 0.194789
2026-03-09 14:16:44,585 [INFO] Epoch  43/300 | Train Loss: 0.022310 MAE: 0.053867 ADE: 0.108091 FDE: 0.203748 | Val Loss: 0.017228 MAE: 0.047699 ADE: 0.095655 FDE: 0.188303
2026-03-09 14:16:51,015 [INFO] Epoch  44/300 | Train Loss: 0.021946 MAE: 0.053622 ADE: 0.107344 FDE: 0.202458 | Val Loss: 0.017071 MAE: 0.049434 ADE: 0.097975 FDE: 0.190146
2026-03-09 14:16:57,604 [INFO] Epoch  45/300 | Train Loss: 0.021743 MAE: 0.053360 ADE: 0.106888 FDE: 0.201612 | Val Loss: 0.017808 MAE: 0.052244 ADE: 0.105627 FDE: 0.200835
2026-03-09 14:17:04,239 [INFO] Epoch  46/300 | Train Loss: 0.021506 MAE: 0.053087 ADE: 0.106328 FDE: 0.200647 | Val Loss: 0.017842 MAE: 0.051403 ADE: 0.102592 FDE: 0.198650
2026-03-09 14:17:10,815 [INFO] Epoch  47/300 | Train Loss: 0.021503 MAE: 0.052965 ADE: 0.106216 FDE: 0.200503 | Val Loss: 0.016400 MAE: 0.048529 ADE: 0.096278 FDE: 0.189443
2026-03-09 14:17:17,386 [INFO] Epoch  48/300 | Train Loss: 0.021092 MAE: 0.052532 ADE: 0.105284 FDE: 0.199037 | Val Loss: 0.014777 MAE: 0.042641 ADE: 0.085706 FDE: 0.173103
2026-03-09 14:17:17,393 [INFO]   [BEST] Model saved: D:\Trajectory prediction\drone_trajectories\GRUTrajectoryPredictor\Models\swarm_gru_agents_3_best.pth
2026-03-09 14:17:24,168 [INFO] Epoch  49/300 | Train Loss: 0.020871 MAE: 0.052080 ADE: 0.104313 FDE: 0.197167 | Val Loss: 0.015145 MAE: 0.044416 ADE: 0.089164 FDE: 0.178810
2026-03-09 14:17:30,503 [INFO] Epoch  50/300 | Train Loss: 0.020767 MAE: 0.051891 ADE: 0.103918 FDE: 0.196629 | Val Loss: 0.015528 MAE: 0.047255 ADE: 0.095103 FDE: 0.185601
2026-03-09 14:17:30,509 [INFO]   [CHECKPOINT] Checkpoint saved: D:\Trajectory prediction\drone_trajectories\GRUTrajectoryPredictor\checkpoints\agents_3_20260309_141203\epoch_050.pth
2026-03-09 14:17:36,965 [INFO] Epoch  51/300 | Train Loss: 0.020409 MAE: 0.051212 ADE: 0.102589 FDE: 0.194334 | Val Loss: 0.015405 MAE: 0.044479 ADE: 0.089612 FDE: 0.177409
2026-03-09 14:17:43,549 [INFO] Epoch  52/300 | Train Loss: 0.020118 MAE: 0.050500 ADE: 0.101177 FDE: 0.192062 | Val Loss: 0.014746 MAE: 0.042915 ADE: 0.086279 FDE: 0.172618
2026-03-09 14:17:43,555 [INFO]   [BEST] Model saved: D:\Trajectory prediction\drone_trajectories\GRUTrajectoryPredictor\Models\swarm_gru_agents_3_best.pth
2026-03-09 14:17:50,069 [INFO] Epoch  53/300 | Train Loss: 0.019877 MAE: 0.050346 ADE: 0.100822 FDE: 0.191291 | Val Loss: 0.015391 MAE: 0.043920 ADE: 0.087777 FDE: 0.175385
2026-03-09 14:17:56,588 [INFO] Epoch  54/300 | Train Loss: 0.019667 MAE: 0.049840 ADE: 0.099871 FDE: 0.189565 | Val Loss: 0.014438 MAE: 0.042201 ADE: 0.084631 FDE: 0.171295
2026-03-09 14:17:56,595 [INFO]   [BEST] Model saved: D:\Trajectory prediction\drone_trajectories\GRUTrajectoryPredictor\Models\swarm_gru_agents_3_best.pth
2026-03-09 14:18:03,020 [INFO] Epoch  55/300 | Train Loss: 0.019452 MAE: 0.049821 ADE: 0.099767 FDE: 0.189490 | Val Loss: 0.013904 MAE: 0.040002 ADE: 0.080326 FDE: 0.164046
2026-03-09 14:18:03,025 [INFO]   [BEST] Model saved: D:\Trajectory prediction\drone_trajectories\GRUTrajectoryPredictor\Models\swarm_gru_agents_3_best.pth
2026-03-09 14:18:09,650 [INFO] Epoch  56/300 | Train Loss: 0.019301 MAE: 0.049329 ADE: 0.098821 FDE: 0.187761 | Val Loss: 0.014870 MAE: 0.043883 ADE: 0.088556 FDE: 0.175646
2026-03-09 14:18:16,021 [INFO] Epoch  57/300 | Train Loss: 0.019022 MAE: 0.049013 ADE: 0.098236 FDE: 0.186845 | Val Loss: 0.014358 MAE: 0.045052 ADE: 0.089773 FDE: 0.175787
2026-03-09 14:18:22,371 [INFO] Epoch  58/300 | Train Loss: 0.019097 MAE: 0.049240 ADE: 0.098604 FDE: 0.187246 | Val Loss: 0.014328 MAE: 0.043737 ADE: 0.087706 FDE: 0.171407
2026-03-09 14:18:28,754 [INFO] Epoch  59/300 | Train Loss: 0.018845 MAE: 0.048922 ADE: 0.097902 FDE: 0.186199 | Val Loss: 0.014738 MAE: 0.044701 ADE: 0.088721 FDE: 0.177011
2026-03-09 14:18:35,869 [INFO] Epoch  60/300 | Train Loss: 0.018825 MAE: 0.048473 ADE: 0.097092 FDE: 0.184690 | Val Loss: 0.013439 MAE: 0.040984 ADE: 0.081869 FDE: 0.164253
2026-03-09 14:18:35,874 [INFO]   [BEST] Model saved: D:\Trajectory prediction\drone_trajectories\GRUTrajectoryPredictor\Models\swarm_gru_agents_3_best.pth
2026-03-09 14:18:35,880 [INFO]   [CHECKPOINT] Checkpoint saved: D:\Trajectory prediction\drone_trajectories\GRUTrajectoryPredictor\checkpoints\agents_3_20260309_141203\epoch_060.pth
2026-03-09 14:18:43,137 [INFO] Epoch  61/300 | Train Loss: 0.018187 MAE: 0.047330 ADE: 0.094951 FDE: 0.181152 | Val Loss: 0.012751 MAE: 0.037855 ADE: 0.076139 FDE: 0.156528
2026-03-09 14:18:43,145 [INFO]   [BEST] Model saved: D:\Trajectory prediction\drone_trajectories\GRUTrajectoryPredictor\Models\swarm_gru_agents_3_best.pth
2026-03-09 14:18:50,411 [INFO] Epoch  62/300 | Train Loss: 0.018196 MAE: 0.047474 ADE: 0.095150 FDE: 0.181318 | Val Loss: 0.014192 MAE: 0.042264 ADE: 0.085064 FDE: 0.170839
2026-03-09 14:18:56,776 [INFO] Epoch  63/300 | Train Loss: 0.018188 MAE: 0.047385 ADE: 0.094956 FDE: 0.181061 | Val Loss: 0.014333 MAE: 0.042969 ADE: 0.085852 FDE: 0.171017
2026-03-09 14:19:03,121 [INFO] Epoch  64/300 | Train Loss: 0.017774 MAE: 0.046900 ADE: 0.093932 FDE: 0.179348 | Val Loss: 0.013568 MAE: 0.040163 ADE: 0.079999 FDE: 0.163229
2026-03-09 14:19:09,415 [INFO] Epoch  65/300 | Train Loss: 0.017910 MAE: 0.047030 ADE: 0.094156 FDE: 0.179483 | Val Loss: 0.013164 MAE: 0.040664 ADE: 0.081385 FDE: 0.161883
2026-03-09 14:19:15,783 [INFO] Epoch  66/300 | Train Loss: 0.017608 MAE: 0.046642 ADE: 0.093477 FDE: 0.178515 | Val Loss: 0.012539 MAE: 0.038663 ADE: 0.077637 FDE: 0.155755
2026-03-09 14:19:15,789 [INFO]   [BEST] Model saved: D:\Trajectory prediction\drone_trajectories\GRUTrajectoryPredictor\Models\swarm_gru_agents_3_best.pth
2026-03-09 14:19:22,237 [INFO] Epoch  67/300 | Train Loss: 0.017614 MAE: 0.046746 ADE: 0.093602 FDE: 0.178663 | Val Loss: 0.014855 MAE: 0.042571 ADE: 0.085056 FDE: 0.172169
2026-03-09 14:19:28,634 [INFO] Epoch  68/300 | Train Loss: 0.017576 MAE: 0.046595 ADE: 0.093336 FDE: 0.178104 | Val Loss: 0.014403 MAE: 0.041475 ADE: 0.084139 FDE: 0.169535
2026-03-09 14:19:34,919 [INFO] Epoch  69/300 | Train Loss: 0.017461 MAE: 0.046575 ADE: 0.093312 FDE: 0.178032 | Val Loss: 0.011993 MAE: 0.036783 ADE: 0.074023 FDE: 0.153317
2026-03-09 14:19:34,928 [INFO]   [BEST] Model saved: D:\Trajectory prediction\drone_trajectories\GRUTrajectoryPredictor\Models\swarm_gru_agents_3_best.pth
2026-03-09 14:19:41,351 [INFO] Epoch  70/300 | Train Loss: 0.017275 MAE: 0.046344 ADE: 0.092721 FDE: 0.177042 | Val Loss: 0.012076 MAE: 0.036638 ADE: 0.073873 FDE: 0.153365
2026-03-09 14:19:41,356 [INFO]   [CHECKPOINT] Checkpoint saved: D:\Trajectory prediction\drone_trajectories\GRUTrajectoryPredictor\checkpoints\agents_3_20260309_141203\epoch_070.pth
2026-03-09 14:19:47,866 [INFO] Epoch  71/300 | Train Loss: 0.016721 MAE: 0.044909 ADE: 0.089978 FDE: 0.172353 | Val Loss: 0.013630 MAE: 0.041979 ADE: 0.084604 FDE: 0.169732
2026-03-09 14:19:54,167 [INFO] Epoch  72/300 | Train Loss: 0.016770 MAE: 0.045136 ADE: 0.090466 FDE: 0.173108 | Val Loss: 0.012440 MAE: 0.038317 ADE: 0.077044 FDE: 0.156752
2026-03-09 14:20:00,433 [INFO] Epoch  73/300 | Train Loss: 0.016446 MAE: 0.044483 ADE: 0.089131 FDE: 0.170860 | Val Loss: 0.012115 MAE: 0.038094 ADE: 0.076860 FDE: 0.154562
2026-03-09 14:20:06,938 [INFO] Epoch  74/300 | Train Loss: 0.016333 MAE: 0.044384 ADE: 0.088946 FDE: 0.170546 | Val Loss: 0.014550 MAE: 0.045249 ADE: 0.090055 FDE: 0.177022
2026-03-09 14:20:13,572 [INFO] Epoch  75/300 | Train Loss: 0.016457 MAE: 0.044869 ADE: 0.089843 FDE: 0.171941 | Val Loss: 0.012927 MAE: 0.043118 ADE: 0.087601 FDE: 0.165507
2026-03-09 14:20:20,042 [INFO] Epoch  76/300 | Train Loss: 0.016314 MAE: 0.044548 ADE: 0.089259 FDE: 0.170793 | Val Loss: 0.012022 MAE: 0.037312 ADE: 0.074729 FDE: 0.152785
2026-03-09 14:20:26,564 [INFO] Epoch  77/300 | Train Loss: 0.016350 MAE: 0.044632 ADE: 0.089398 FDE: 0.171006 | Val Loss: 0.011840 MAE: 0.036473 ADE: 0.073180 FDE: 0.150256
2026-03-09 14:20:26,569 [INFO]   [BEST] Model saved: D:\Trajectory prediction\drone_trajectories\GRUTrajectoryPredictor\Models\swarm_gru_agents_3_best.pth
2026-03-09 14:20:33,086 [INFO] Epoch  78/300 | Train Loss: 0.016029 MAE: 0.043953 ADE: 0.088083 FDE: 0.168933 | Val Loss: 0.012534 MAE: 0.038368 ADE: 0.077101 FDE: 0.158491
2026-03-09 14:20:39,399 [INFO] Epoch  79/300 | Train Loss: 0.016222 MAE: 0.044644 ADE: 0.089449 FDE: 0.171128 | Val Loss: 0.011325 MAE: 0.036619 ADE: 0.073345 FDE: 0.149034
2026-03-09 14:20:39,405 [INFO]   [BEST] Model saved: D:\Trajectory prediction\drone_trajectories\GRUTrajectoryPredictor\Models\swarm_gru_agents_3_best.pth
2026-03-09 14:20:45,894 [INFO] Epoch  80/300 | Train Loss: 0.015909 MAE: 0.043738 ADE: 0.087617 FDE: 0.167933 | Val Loss: 0.011691 MAE: 0.036490 ADE: 0.073169 FDE: 0.150177
2026-03-09 14:20:45,899 [INFO]   [CHECKPOINT] Checkpoint saved: D:\Trajectory prediction\drone_trajectories\GRUTrajectoryPredictor\checkpoints\agents_3_20260309_141203\epoch_080.pth
2026-03-09 14:20:52,240 [INFO] Epoch  81/300 | Train Loss: 0.015709 MAE: 0.043287 ADE: 0.086703 FDE: 0.166352 | Val Loss: 0.012125 MAE: 0.039127 ADE: 0.078457 FDE: 0.159198
2026-03-09 14:20:58,586 [INFO] Epoch  82/300 | Train Loss: 0.015488 MAE: 0.042983 ADE: 0.086050 FDE: 0.165287 | Val Loss: 0.011666 MAE: 0.038274 ADE: 0.076695 FDE: 0.153042
2026-03-09 14:21:04,887 [INFO] Epoch  83/300 | Train Loss: 0.015472 MAE: 0.043020 ADE: 0.086189 FDE: 0.165340 | Val Loss: 0.011621 MAE: 0.037497 ADE: 0.075312 FDE: 0.150917
2026-03-09 14:21:11,206 [INFO] Epoch  84/300 | Train Loss: 0.015276 MAE: 0.042688 ADE: 0.085549 FDE: 0.164279 | Val Loss: 0.010743 MAE: 0.035591 ADE: 0.071193 FDE: 0.144399
2026-03-09 14:21:11,212 [INFO]   [BEST] Model saved: D:\Trajectory prediction\drone_trajectories\GRUTrajectoryPredictor\Models\swarm_gru_agents_3_best.pth
2026-03-09 14:21:17,678 [INFO] Epoch  85/300 | Train Loss: 0.015499 MAE: 0.043260 ADE: 0.086592 FDE: 0.165992 | Val Loss: 0.011961 MAE: 0.039613 ADE: 0.079365 FDE: 0.156445
2026-03-09 14:21:24,082 [INFO] Epoch  86/300 | Train Loss: 0.015263 MAE: 0.042814 ADE: 0.085709 FDE: 0.164351 | Val Loss: 0.010946 MAE: 0.035220 ADE: 0.070772 FDE: 0.146226
2026-03-09 14:21:30,461 [INFO] Epoch  87/300 | Train Loss: 0.015226 MAE: 0.042810 ADE: 0.085774 FDE: 0.164444 | Val Loss: 0.011709 MAE: 0.036701 ADE: 0.073877 FDE: 0.149608
2026-03-09 14:21:36,845 [INFO] Epoch  88/300 | Train Loss: 0.015085 MAE: 0.042618 ADE: 0.085356 FDE: 0.163883 | Val Loss: 0.010875 MAE: 0.034211 ADE: 0.068537 FDE: 0.141908
2026-03-09 14:21:43,239 [INFO] Epoch  89/300 | Train Loss: 0.015071 MAE: 0.042636 ADE: 0.085428 FDE: 0.163863 | Val Loss: 0.010883 MAE: 0.035016 ADE: 0.070469 FDE: 0.146004
2026-03-09 14:21:49,633 [INFO] Epoch  90/300 | Train Loss: 0.014969 MAE: 0.042254 ADE: 0.084630 FDE: 0.162373 | Val Loss: 0.011656 MAE: 0.040000 ADE: 0.081167 FDE: 0.156982
2026-03-09 14:21:49,638 [INFO]   [CHECKPOINT] Checkpoint saved: D:\Trajectory prediction\drone_trajectories\GRUTrajectoryPredictor\checkpoints\agents_3_20260309_141203\epoch_090.pth
2026-03-09 14:21:56,111 [INFO] Epoch  91/300 | Train Loss: 0.014643 MAE: 0.041555 ADE: 0.083274 FDE: 0.160130 | Val Loss: 0.010908 MAE: 0.034897 ADE: 0.070490 FDE: 0.146216
2026-03-09 14:22:02,461 [INFO] Epoch  92/300 | Train Loss: 0.014638 MAE: 0.041643 ADE: 0.083451 FDE: 0.160302 | Val Loss: 0.011369 MAE: 0.038715 ADE: 0.077219 FDE: 0.150911
2026-03-09 14:22:08,802 [INFO] Epoch  93/300 | Train Loss: 0.014551 MAE: 0.041581 ADE: 0.083289 FDE: 0.160057 | Val Loss: 0.011174 MAE: 0.037996 ADE: 0.076742 FDE: 0.152063
2026-03-09 14:22:15,163 [INFO] Epoch  94/300 | Train Loss: 0.014488 MAE: 0.041649 ADE: 0.083388 FDE: 0.160136 | Val Loss: 0.010753 MAE: 0.034679 ADE: 0.069863 FDE: 0.144333
2026-03-09 14:22:21,595 [INFO] Epoch  95/300 | Train Loss: 0.014467 MAE: 0.041563 ADE: 0.083265 FDE: 0.160119 | Val Loss: 0.010410 MAE: 0.035238 ADE: 0.071077 FDE: 0.142293
2026-03-09 14:22:21,601 [INFO]   [BEST] Model saved: D:\Trajectory prediction\drone_trajectories\GRUTrajectoryPredictor\Models\swarm_gru_agents_3_best.pth
2026-03-09 14:22:28,185 [INFO] Epoch  96/300 | Train Loss: 0.014378 MAE: 0.041143 ADE: 0.082455 FDE: 0.158606 | Val Loss: 0.010929 MAE: 0.036424 ADE: 0.073357 FDE: 0.146777
2026-03-09 14:22:34,537 [INFO] Epoch  97/300 | Train Loss: 0.014358 MAE: 0.041222 ADE: 0.082591 FDE: 0.158880 | Val Loss: 0.010430 MAE: 0.035136 ADE: 0.070632 FDE: 0.142315
2026-03-09 14:22:40,886 [INFO] Epoch  98/300 | Train Loss: 0.014298 MAE: 0.041027 ADE: 0.082218 FDE: 0.158152 | Val Loss: 0.009904 MAE: 0.034028 ADE: 0.068069 FDE: 0.138730
2026-03-09 14:22:40,894 [INFO]   [BEST] Model saved: D:\Trajectory prediction\drone_trajectories\GRUTrajectoryPredictor\Models\swarm_gru_agents_3_best.pth
2026-03-09 14:22:47,484 [INFO] Epoch  99/300 | Train Loss: 0.014218 MAE: 0.040917 ADE: 0.081949 FDE: 0.157512 | Val Loss: 0.011027 MAE: 0.036096 ADE: 0.072380 FDE: 0.146534
2026-03-09 14:22:53,902 [INFO] Epoch 100/300 | Train Loss: 0.014319 MAE: 0.041143 ADE: 0.082420 FDE: 0.158234 | Val Loss: 0.010739 MAE: 0.034849 ADE: 0.069635 FDE: 0.143212
2026-03-09 14:22:53,909 [INFO]   [CHECKPOINT] Checkpoint saved: D:\Trajectory prediction\drone_trajectories\GRUTrajectoryPredictor\checkpoints\agents_3_20260309_141203\epoch_100.pth
2026-03-09 14:23:00,352 [INFO] Epoch 101/300 | Train Loss: 0.013991 MAE: 0.040547 ADE: 0.081233 FDE: 0.156502 | Val Loss: 0.010326 MAE: 0.035357 ADE: 0.070623 FDE: 0.142396
2026-03-09 14:23:06,736 [INFO] Epoch 102/300 | Train Loss: 0.013758 MAE: 0.040070 ADE: 0.080261 FDE: 0.154738 | Val Loss: 0.010396 MAE: 0.035199 ADE: 0.069922 FDE: 0.142353
2026-03-09 14:23:13,237 [INFO] Epoch 103/300 | Train Loss: 0.013890 MAE: 0.040340 ADE: 0.080829 FDE: 0.155671 | Val Loss: 0.010183 MAE: 0.033533 ADE: 0.067263 FDE: 0.137098
2026-03-09 14:23:19,816 [INFO] Epoch 104/300 | Train Loss: 0.013771 MAE: 0.040175 ADE: 0.080493 FDE: 0.155071 | Val Loss: 0.009932 MAE: 0.032982 ADE: 0.066124 FDE: 0.136595
2026-03-09 14:23:26,310 [INFO] Epoch 105/300 | Train Loss: 0.013816 MAE: 0.040121 ADE: 0.080335 FDE: 0.154701 | Val Loss: 0.009815 MAE: 0.033898 ADE: 0.068322 FDE: 0.137019
2026-03-09 14:23:26,317 [INFO]   [BEST] Model saved: D:\Trajectory prediction\drone_trajectories\GRUTrajectoryPredictor\Models\swarm_gru_agents_3_best.pth
2026-03-09 14:23:32,727 [INFO] Epoch 106/300 | Train Loss: 0.013698 MAE: 0.040093 ADE: 0.080308 FDE: 0.154677 | Val Loss: 0.009729 MAE: 0.034128 ADE: 0.068331 FDE: 0.137282
2026-03-09 14:23:32,734 [INFO]   [BEST] Model saved: D:\Trajectory prediction\drone_trajectories\GRUTrajectoryPredictor\Models\swarm_gru_agents_3_best.pth
2026-03-09 14:23:39,141 [INFO] Epoch 107/300 | Train Loss: 0.013691 MAE: 0.040115 ADE: 0.080378 FDE: 0.154611 | Val Loss: 0.010773 MAE: 0.036086 ADE: 0.072722 FDE: 0.146214
2026-03-09 14:23:45,561 [INFO] Epoch 108/300 | Train Loss: 0.013631 MAE: 0.039916 ADE: 0.080002 FDE: 0.154227 | Val Loss: 0.009929 MAE: 0.033087 ADE: 0.066347 FDE: 0.136766
2026-03-09 14:23:51,977 [INFO] Epoch 109/300 | Train Loss: 0.013582 MAE: 0.039704 ADE: 0.079525 FDE: 0.153198 | Val Loss: 0.010003 MAE: 0.033016 ADE: 0.066093 FDE: 0.136233
2026-03-09 14:23:58,313 [INFO] Epoch 110/300 | Train Loss: 0.013580 MAE: 0.039848 ADE: 0.079831 FDE: 0.153822 | Val Loss: 0.009851 MAE: 0.033366 ADE: 0.066692 FDE: 0.137703
2026-03-09 14:23:58,319 [INFO]   [CHECKPOINT] Checkpoint saved: D:\Trajectory prediction\drone_trajectories\GRUTrajectoryPredictor\checkpoints\agents_3_20260309_141203\epoch_110.pth
2026-03-09 14:24:04,789 [INFO] Epoch 111/300 | Train Loss: 0.013357 MAE: 0.039467 ADE: 0.079016 FDE: 0.152416 | Val Loss: 0.009432 MAE: 0.031514 ADE: 0.063285 FDE: 0.131984
2026-03-09 14:24:04,795 [INFO]   [BEST] Model saved: D:\Trajectory prediction\drone_trajectories\GRUTrajectoryPredictor\Models\swarm_gru_agents_3_best.pth
2026-03-09 14:24:11,182 [INFO] Epoch 112/300 | Train Loss: 0.013328 MAE: 0.039312 ADE: 0.078764 FDE: 0.151899 | Val Loss: 0.010195 MAE: 0.034464 ADE: 0.069265 FDE: 0.140426
2026-03-09 14:24:17,594 [INFO] Epoch 113/300 | Train Loss: 0.013107 MAE: 0.038999 ADE: 0.078101 FDE: 0.150671 | Val Loss: 0.010071 MAE: 0.033404 ADE: 0.066919 FDE: 0.137013
2026-03-09 14:24:23,916 [INFO] Epoch 114/300 | Train Loss: 0.013220 MAE: 0.039114 ADE: 0.078354 FDE: 0.151100 | Val Loss: 0.009919 MAE: 0.033404 ADE: 0.066965 FDE: 0.137282
2026-03-09 14:24:30,279 [INFO] Epoch 115/300 | Train Loss: 0.013201 MAE: 0.039271 ADE: 0.078699 FDE: 0.151827 | Val Loss: 0.009382 MAE: 0.031526 ADE: 0.063311 FDE: 0.131879
2026-03-09 14:24:30,285 [INFO]   [BEST] Model saved: D:\Trajectory prediction\drone_trajectories\GRUTrajectoryPredictor\Models\swarm_gru_agents_3_best.pth
2026-03-09 14:24:36,639 [INFO] Epoch 116/300 | Train Loss: 0.013182 MAE: 0.039120 ADE: 0.078345 FDE: 0.150995 | Val Loss: 0.010293 MAE: 0.035479 ADE: 0.070963 FDE: 0.142019
2026-03-09 14:24:42,948 [INFO] Epoch 117/300 | Train Loss: 0.013072 MAE: 0.038983 ADE: 0.078093 FDE: 0.150580 | Val Loss: 0.009953 MAE: 0.034902 ADE: 0.069678 FDE: 0.139333
2026-03-09 14:24:49,402 [INFO] Epoch 118/300 | Train Loss: 0.012979 MAE: 0.038819 ADE: 0.077740 FDE: 0.149993 | Val Loss: 0.010163 MAE: 0.033686 ADE: 0.067917 FDE: 0.140048
2026-03-09 14:24:55,782 [INFO] Epoch 119/300 | Train Loss: 0.013010 MAE: 0.038792 ADE: 0.077705 FDE: 0.149935 | Val Loss: 0.009563 MAE: 0.031848 ADE: 0.063883 FDE: 0.132697
2026-03-09 14:25:02,091 [INFO] Epoch 120/300 | Train Loss: 0.013053 MAE: 0.039013 ADE: 0.078130 FDE: 0.150615 | Val Loss: 0.010976 MAE: 0.034896 ADE: 0.069800 FDE: 0.141462
2026-03-09 14:25:02,098 [INFO]   [CHECKPOINT] Checkpoint saved: D:\Trajectory prediction\drone_trajectories\GRUTrajectoryPredictor\checkpoints\agents_3_20260309_141203\epoch_120.pth
2026-03-09 14:25:08,590 [INFO] Epoch 121/300 | Train Loss: 0.012906 MAE: 0.038653 ADE: 0.077387 FDE: 0.149405 | Val Loss: 0.009574 MAE: 0.032468 ADE: 0.064873 FDE: 0.133079
2026-03-09 14:25:14,932 [INFO] Epoch 122/300 | Train Loss: 0.012769 MAE: 0.038194 ADE: 0.076580 FDE: 0.148128 | Val Loss: 0.009714 MAE: 0.034428 ADE: 0.069031 FDE: 0.139384
2026-03-09 14:25:21,216 [INFO] Epoch 123/300 | Train Loss: 0.012796 MAE: 0.038519 ADE: 0.077173 FDE: 0.149036 | Val Loss: 0.009883 MAE: 0.034946 ADE: 0.069583 FDE: 0.138714
2026-03-09 14:25:27,677 [INFO] Epoch 124/300 | Train Loss: 0.012815 MAE: 0.038579 ADE: 0.077270 FDE: 0.149227 | Val Loss: 0.010023 MAE: 0.032813 ADE: 0.065663 FDE: 0.135560
2026-03-09 14:25:33,995 [INFO] Epoch 125/300 | Train Loss: 0.012755 MAE: 0.038396 ADE: 0.076889 FDE: 0.148524 | Val Loss: 0.009654 MAE: 0.033794 ADE: 0.067483 FDE: 0.136445
2026-03-09 14:25:40,344 [INFO] Epoch 126/300 | Train Loss: 0.012692 MAE: 0.038252 ADE: 0.076609 FDE: 0.148002 | Val Loss: 0.009350 MAE: 0.031483 ADE: 0.063293 FDE: 0.132061
2026-03-09 14:25:40,350 [INFO]   [BEST] Model saved: D:\Trajectory prediction\drone_trajectories\GRUTrajectoryPredictor\Models\swarm_gru_agents_3_best.pth
2026-03-09 14:25:46,877 [INFO] Epoch 127/300 | Train Loss: 0.012723 MAE: 0.038486 ADE: 0.077056 FDE: 0.148831 | Val Loss: 0.009412 MAE: 0.032890 ADE: 0.065968 FDE: 0.133237
2026-03-09 14:25:53,352 [INFO] Epoch 128/300 | Train Loss: 0.012729 MAE: 0.038246 ADE: 0.076603 FDE: 0.148058 | Val Loss: 0.009604 MAE: 0.032088 ADE: 0.064502 FDE: 0.135129
2026-03-09 14:26:00,078 [INFO] Epoch 129/300 | Train Loss: 0.012635 MAE: 0.038203 ADE: 0.076513 FDE: 0.147928 | Val Loss: 0.009755 MAE: 0.033221 ADE: 0.066623 FDE: 0.136694
2026-03-09 14:26:06,456 [INFO] Epoch 130/300 | Train Loss: 0.012720 MAE: 0.038259 ADE: 0.076686 FDE: 0.148169 | Val Loss: 0.009638 MAE: 0.032277 ADE: 0.064642 FDE: 0.133754
2026-03-09 14:26:06,462 [INFO]   [CHECKPOINT] Checkpoint saved: D:\Trajectory prediction\drone_trajectories\GRUTrajectoryPredictor\checkpoints\agents_3_20260309_141203\epoch_130.pth
2026-03-09 14:26:13,198 [INFO] Epoch 131/300 | Train Loss: 0.012464 MAE: 0.037706 ADE: 0.075555 FDE: 0.146109 | Val Loss: 0.009488 MAE: 0.032227 ADE: 0.064311 FDE: 0.133457
2026-03-09 14:26:19,765 [INFO] Epoch 132/300 | Train Loss: 0.012402 MAE: 0.037680 ADE: 0.075485 FDE: 0.145922 | Val Loss: 0.009819 MAE: 0.032870 ADE: 0.065931 FDE: 0.135139
2026-03-09 14:26:26,251 [INFO] Epoch 133/300 | Train Loss: 0.012398 MAE: 0.037591 ADE: 0.075306 FDE: 0.145612 | Val Loss: 0.008994 MAE: 0.030568 ADE: 0.061436 FDE: 0.127712
2026-03-09 14:26:26,257 [INFO]   [BEST] Model saved: D:\Trajectory prediction\drone_trajectories\GRUTrajectoryPredictor\Models\swarm_gru_agents_3_best.pth
2026-03-09 14:26:32,978 [INFO] Epoch 134/300 | Train Loss: 0.012385 MAE: 0.037594 ADE: 0.075321 FDE: 0.145753 | Val Loss: 0.009238 MAE: 0.033482 ADE: 0.066988 FDE: 0.133218
2026-03-09 14:26:39,547 [INFO] Epoch 135/300 | Train Loss: 0.012344 MAE: 0.037510 ADE: 0.075177 FDE: 0.145418 | Val Loss: 0.009352 MAE: 0.031411 ADE: 0.062881 FDE: 0.130842
2026-03-09 14:26:46,017 [INFO] Epoch 136/300 | Train Loss: 0.012226 MAE: 0.037336 ADE: 0.074774 FDE: 0.144653 | Val Loss: 0.008790 MAE: 0.030094 ADE: 0.060330 FDE: 0.125661
2026-03-09 14:26:46,023 [INFO]   [BEST] Model saved: D:\Trajectory prediction\drone_trajectories\GRUTrajectoryPredictor\Models\swarm_gru_agents_3_best.pth
2026-03-09 14:26:52,481 [INFO] Epoch 137/300 | Train Loss: 0.012262 MAE: 0.037522 ADE: 0.075154 FDE: 0.145310 | Val Loss: 0.009420 MAE: 0.031743 ADE: 0.063674 FDE: 0.131211
2026-03-09 14:26:58,880 [INFO] Epoch 138/300 | Train Loss: 0.012297 MAE: 0.037519 ADE: 0.075145 FDE: 0.145308 | Val Loss: 0.009963 MAE: 0.034279 ADE: 0.068364 FDE: 0.137865
2026-03-09 14:27:05,212 [INFO] Epoch 139/300 | Train Loss: 0.012248 MAE: 0.037508 ADE: 0.075163 FDE: 0.145547 | Val Loss: 0.008952 MAE: 0.031845 ADE: 0.063719 FDE: 0.129362
2026-03-09 14:27:11,578 [INFO] Epoch 140/300 | Train Loss: 0.012217 MAE: 0.037437 ADE: 0.075001 FDE: 0.145047 | Val Loss: 0.009135 MAE: 0.031396 ADE: 0.062782 FDE: 0.129796
2026-03-09 14:27:11,584 [INFO]   [CHECKPOINT] Checkpoint saved: D:\Trajectory prediction\drone_trajectories\GRUTrajectoryPredictor\checkpoints\agents_3_20260309_141203\epoch_140.pth
2026-03-09 14:27:18,195 [INFO] Epoch 141/300 | Train Loss: 0.012083 MAE: 0.037013 ADE: 0.074131 FDE: 0.143498 | Val Loss: 0.008779 MAE: 0.030058 ADE: 0.060357 FDE: 0.126792
2026-03-09 14:27:18,199 [INFO]   [BEST] Model saved: D:\Trajectory prediction\drone_trajectories\GRUTrajectoryPredictor\Models\swarm_gru_agents_3_best.pth
2026-03-09 14:27:24,805 [INFO] Epoch 142/300 | Train Loss: 0.012014 MAE: 0.036919 ADE: 0.073950 FDE: 0.143136 | Val Loss: 0.008867 MAE: 0.031159 ADE: 0.062326 FDE: 0.129079
2026-03-09 14:27:31,162 [INFO] Epoch 143/300 | Train Loss: 0.012060 MAE: 0.037147 ADE: 0.074409 FDE: 0.143987 | Val Loss: 0.008831 MAE: 0.031151 ADE: 0.062289 FDE: 0.128375
2026-03-09 14:27:37,571 [INFO] Epoch 144/300 | Train Loss: 0.012029 MAE: 0.037079 ADE: 0.074273 FDE: 0.143877 | Val Loss: 0.009105 MAE: 0.031118 ADE: 0.062252 FDE: 0.127898
2026-03-09 14:27:43,945 [INFO] Epoch 145/300 | Train Loss: 0.012029 MAE: 0.036992 ADE: 0.074081 FDE: 0.143473 | Val Loss: 0.009031 MAE: 0.031027 ADE: 0.062031 FDE: 0.127905
2026-03-09 14:27:50,320 [INFO] Epoch 146/300 | Train Loss: 0.012041 MAE: 0.037007 ADE: 0.074156 FDE: 0.143568 | Val Loss: 0.009173 MAE: 0.032924 ADE: 0.065724 FDE: 0.133123
2026-03-09 14:27:56,693 [INFO] Epoch 147/300 | Train Loss: 0.011907 MAE: 0.036801 ADE: 0.073709 FDE: 0.142814 | Val Loss: 0.009144 MAE: 0.031483 ADE: 0.063116 FDE: 0.130623
2026-03-09 14:28:03,074 [INFO] Epoch 148/300 | Train Loss: 0.011956 MAE: 0.036840 ADE: 0.073814 FDE: 0.143015 | Val Loss: 0.009466 MAE: 0.032172 ADE: 0.064440 FDE: 0.134698
2026-03-09 14:28:09,424 [INFO] Epoch 149/300 | Train Loss: 0.011915 MAE: 0.036769 ADE: 0.073672 FDE: 0.142661 | Val Loss: 0.008675 MAE: 0.030078 ADE: 0.060366 FDE: 0.125698
2026-03-09 14:28:09,433 [INFO]   [BEST] Model saved: D:\Trajectory prediction\drone_trajectories\GRUTrajectoryPredictor\Models\swarm_gru_agents_3_best.pth
2026-03-09 14:28:15,997 [INFO] Epoch 150/300 | Train Loss: 0.011876 MAE: 0.036742 ADE: 0.073598 FDE: 0.142569 | Val Loss: 0.008878 MAE: 0.030882 ADE: 0.061820 FDE: 0.127073
2026-03-09 14:28:16,002 [INFO]   [CHECKPOINT] Checkpoint saved: D:\Trajectory prediction\drone_trajectories\GRUTrajectoryPredictor\checkpoints\agents_3_20260309_141203\epoch_150.pth
2026-03-09 14:28:22,569 [INFO] Epoch 151/300 | Train Loss: 0.011755 MAE: 0.036464 ADE: 0.073042 FDE: 0.141592 | Val Loss: 0.009486 MAE: 0.032657 ADE: 0.065254 FDE: 0.134488
2026-03-09 14:28:28,902 [INFO] Epoch 152/300 | Train Loss: 0.011803 MAE: 0.036623 ADE: 0.073385 FDE: 0.142251 | Val Loss: 0.008695 MAE: 0.030049 ADE: 0.060310 FDE: 0.125515
2026-03-09 14:28:35,244 [INFO] Epoch 153/300 | Train Loss: 0.011738 MAE: 0.036463 ADE: 0.073065 FDE: 0.141587 | Val Loss: 0.009251 MAE: 0.031866 ADE: 0.063613 FDE: 0.130384
2026-03-09 14:28:41,593 [INFO] Epoch 154/300 | Train Loss: 0.011713 MAE: 0.036357 ADE: 0.072843 FDE: 0.141122 | Val Loss: 0.008944 MAE: 0.031196 ADE: 0.062509 FDE: 0.128863
2026-03-09 14:28:47,993 [INFO] Epoch 155/300 | Train Loss: 0.011700 MAE: 0.036436 ADE: 0.072999 FDE: 0.141435 | Val Loss: 0.008941 MAE: 0.031929 ADE: 0.064132 FDE: 0.130132
2026-03-09 14:28:54,447 [INFO] Epoch 156/300 | Train Loss: 0.011768 MAE: 0.036527 ADE: 0.073188 FDE: 0.141867 | Val Loss: 0.008957 MAE: 0.030877 ADE: 0.061965 FDE: 0.127645
2026-03-09 14:29:00,875 [INFO] Epoch 157/300 | Train Loss: 0.011713 MAE: 0.036455 ADE: 0.073042 FDE: 0.141638 | Val Loss: 0.008926 MAE: 0.031285 ADE: 0.062782 FDE: 0.127684
2026-03-09 14:29:07,216 [INFO] Epoch 158/300 | Train Loss: 0.011657 MAE: 0.036289 ADE: 0.072713 FDE: 0.141012 | Val Loss: 0.008952 MAE: 0.031375 ADE: 0.062699 FDE: 0.129046
2026-03-09 14:29:13,629 [INFO] Epoch 159/300 | Train Loss: 0.011624 MAE: 0.036302 ADE: 0.072699 FDE: 0.140810 | Val Loss: 0.008594 MAE: 0.030571 ADE: 0.061243 FDE: 0.125107
2026-03-09 14:29:13,635 [INFO]   [BEST] Model saved: D:\Trajectory prediction\drone_trajectories\GRUTrajectoryPredictor\Models\swarm_gru_agents_3_best.pth
2026-03-09 14:29:20,238 [INFO] Epoch 160/300 | Train Loss: 0.011661 MAE: 0.036420 ADE: 0.072949 FDE: 0.141440 | Val Loss: 0.008698 MAE: 0.030462 ADE: 0.061279 FDE: 0.127116
2026-03-09 14:29:20,244 [INFO]   [CHECKPOINT] Checkpoint saved: D:\Trajectory prediction\drone_trajectories\GRUTrajectoryPredictor\checkpoints\agents_3_20260309_141203\epoch_160.pth
2026-03-09 14:29:27,027 [INFO] Epoch 161/300 | Train Loss: 0.011537 MAE: 0.036021 ADE: 0.072174 FDE: 0.140007 | Val Loss: 0.008958 MAE: 0.030928 ADE: 0.061980 FDE: 0.128092
2026-03-09 14:29:33,574 [INFO] Epoch 162/300 | Train Loss: 0.011544 MAE: 0.036154 ADE: 0.072387 FDE: 0.140365 | Val Loss: 0.008956 MAE: 0.030921 ADE: 0.062145 FDE: 0.128135
2026-03-09 14:29:40,078 [INFO] Epoch 163/300 | Train Loss: 0.011450 MAE: 0.035941 ADE: 0.071972 FDE: 0.139546 | Val Loss: 0.008898 MAE: 0.030797 ADE: 0.061616 FDE: 0.128064
2026-03-09 14:29:46,557 [INFO] Epoch 164/300 | Train Loss: 0.011533 MAE: 0.036105 ADE: 0.072346 FDE: 0.140303 | Val Loss: 0.008579 MAE: 0.030042 ADE: 0.060314 FDE: 0.125440
2026-03-09 14:29:46,562 [INFO]   [BEST] Model saved: D:\Trajectory prediction\drone_trajectories\GRUTrajectoryPredictor\Models\swarm_gru_agents_3_best.pth
2026-03-09 14:29:53,019 [INFO] Epoch 165/300 | Train Loss: 0.011496 MAE: 0.036078 ADE: 0.072277 FDE: 0.140267 | Val Loss: 0.008760 MAE: 0.030759 ADE: 0.061714 FDE: 0.128064
2026-03-09 14:29:59,378 [INFO] Epoch 166/300 | Train Loss: 0.011469 MAE: 0.036025 ADE: 0.072157 FDE: 0.139982 | Val Loss: 0.008835 MAE: 0.031059 ADE: 0.062267 FDE: 0.127887
2026-03-09 14:30:05,750 [INFO] Epoch 167/300 | Train Loss: 0.011470 MAE: 0.035914 ADE: 0.071939 FDE: 0.139621 | Val Loss: 0.009467 MAE: 0.031675 ADE: 0.063319 FDE: 0.130803
2026-03-09 14:30:12,197 [INFO] Epoch 168/300 | Train Loss: 0.011456 MAE: 0.035991 ADE: 0.072119 FDE: 0.139835 | Val Loss: 0.008852 MAE: 0.031345 ADE: 0.062782 FDE: 0.126984
2026-03-09 14:30:18,786 [INFO] Epoch 169/300 | Train Loss: 0.011501 MAE: 0.036204 ADE: 0.072537 FDE: 0.140726 | Val Loss: 0.009079 MAE: 0.032851 ADE: 0.065620 FDE: 0.132977
2026-03-09 14:30:25,108 [INFO] Epoch 170/300 | Train Loss: 0.011437 MAE: 0.035974 ADE: 0.072084 FDE: 0.139922 | Val Loss: 0.009001 MAE: 0.031320 ADE: 0.062695 FDE: 0.129815
2026-03-09 14:30:25,114 [INFO]   [CHECKPOINT] Checkpoint saved: D:\Trajectory prediction\drone_trajectories\GRUTrajectoryPredictor\checkpoints\agents_3_20260309_141203\epoch_170.pth
2026-03-09 14:30:32,072 [INFO] Epoch 171/300 | Train Loss: 0.011346 MAE: 0.035796 ADE: 0.071738 FDE: 0.139278 | Val Loss: 0.008535 MAE: 0.030370 ADE: 0.060758 FDE: 0.124505
2026-03-09 14:30:32,077 [INFO]   [BEST] Model saved: D:\Trajectory prediction\drone_trajectories\GRUTrajectoryPredictor\Models\swarm_gru_agents_3_best.pth
2026-03-09 14:30:39,110 [INFO] Epoch 172/300 | Train Loss: 0.011231 MAE: 0.035552 ADE: 0.071212 FDE: 0.138245 | Val Loss: 0.008491 MAE: 0.029968 ADE: 0.059985 FDE: 0.124125
2026-03-09 14:30:39,116 [INFO]   [BEST] Model saved: D:\Trajectory prediction\drone_trajectories\GRUTrajectoryPredictor\Models\swarm_gru_agents_3_best.pth
2026-03-09 14:30:45,627 [INFO] Epoch 173/300 | Train Loss: 0.011240 MAE: 0.035484 ADE: 0.071103 FDE: 0.138115 | Val Loss: 0.008885 MAE: 0.030787 ADE: 0.061744 FDE: 0.127384
2026-03-09 14:30:51,920 [INFO] Epoch 174/300 | Train Loss: 0.011211 MAE: 0.035396 ADE: 0.070926 FDE: 0.137787 | Val Loss: 0.008759 MAE: 0.030835 ADE: 0.061932 FDE: 0.127864
2026-03-09 14:30:58,233 [INFO] Epoch 175/300 | Train Loss: 0.011262 MAE: 0.035597 ADE: 0.071314 FDE: 0.138549 | Val Loss: 0.008369 MAE: 0.029790 ADE: 0.059833 FDE: 0.122667
2026-03-09 14:30:58,239 [INFO]   [BEST] Model saved: D:\Trajectory prediction\drone_trajectories\GRUTrajectoryPredictor\Models\swarm_gru_agents_3_best.pth
2026-03-09 14:31:04,643 [INFO] Epoch 176/300 | Train Loss: 0.011208 MAE: 0.035481 ADE: 0.071068 FDE: 0.138017 | Val Loss: 0.008630 MAE: 0.030365 ADE: 0.060911 FDE: 0.125098
2026-03-09 14:31:10,937 [INFO] Epoch 177/300 | Train Loss: 0.011200 MAE: 0.035451 ADE: 0.071052 FDE: 0.138000 | Val Loss: 0.008952 MAE: 0.030498 ADE: 0.061269 FDE: 0.127213
2026-03-09 14:31:17,209 [INFO] Epoch 178/300 | Train Loss: 0.011241 MAE: 0.035470 ADE: 0.071109 FDE: 0.138165 | Val Loss: 0.009158 MAE: 0.031808 ADE: 0.063843 FDE: 0.131062
2026-03-09 14:31:23,662 [INFO] Epoch 179/300 | Train Loss: 0.011215 MAE: 0.035529 ADE: 0.071206 FDE: 0.138321 | Val Loss: 0.008776 MAE: 0.031704 ADE: 0.063446 FDE: 0.128750
2026-03-09 14:31:29,908 [INFO] Epoch 180/300 | Train Loss: 0.011258 MAE: 0.035613 ADE: 0.071326 FDE: 0.138528 | Val Loss: 0.008657 MAE: 0.030504 ADE: 0.061133 FDE: 0.126145
2026-03-09 14:31:29,919 [INFO]   [CHECKPOINT] Checkpoint saved: D:\Trajectory prediction\drone_trajectories\GRUTrajectoryPredictor\checkpoints\agents_3_20260309_141203\epoch_180.pth
2026-03-09 14:31:36,372 [INFO] Epoch 181/300 | Train Loss: 0.011119 MAE: 0.035288 ADE: 0.070711 FDE: 0.137543 | Val Loss: 0.008476 MAE: 0.029926 ADE: 0.059940 FDE: 0.123411
2026-03-09 14:31:42,676 [INFO] Epoch 182/300 | Train Loss: 0.011054 MAE: 0.035099 ADE: 0.070345 FDE: 0.136763 | Val Loss: 0.008686 MAE: 0.030678 ADE: 0.061643 FDE: 0.126212
2026-03-09 14:31:49,337 [INFO] Epoch 183/300 | Train Loss: 0.011128 MAE: 0.035339 ADE: 0.070804 FDE: 0.137607 | Val Loss: 0.008616 MAE: 0.030414 ADE: 0.060945 FDE: 0.125226
2026-03-09 14:31:55,687 [INFO] Epoch 184/300 | Train Loss: 0.011067 MAE: 0.035223 ADE: 0.070594 FDE: 0.137206 | Val Loss: 0.008557 MAE: 0.030522 ADE: 0.061223 FDE: 0.126181
2026-03-09 14:32:02,002 [INFO] Epoch 185/300 | Train Loss: 0.011039 MAE: 0.035124 ADE: 0.070378 FDE: 0.136809 | Val Loss: 0.008594 MAE: 0.030087 ADE: 0.060158 FDE: 0.123886
2026-03-09 14:32:08,389 [INFO] Epoch 186/300 | Train Loss: 0.011100 MAE: 0.035306 ADE: 0.070700 FDE: 0.137337 | Val Loss: 0.008660 MAE: 0.030203 ADE: 0.060509 FDE: 0.124763
2026-03-09 14:32:14,790 [INFO] Epoch 187/300 | Train Loss: 0.011094 MAE: 0.035254 ADE: 0.070615 FDE: 0.137288 | Val Loss: 0.008841 MAE: 0.031610 ADE: 0.063480 FDE: 0.130167
2026-03-09 14:32:21,389 [INFO] Epoch 188/300 | Train Loss: 0.011042 MAE: 0.035136 ADE: 0.070403 FDE: 0.136870 | Val Loss: 0.008791 MAE: 0.031339 ADE: 0.063162 FDE: 0.128901
2026-03-09 14:32:27,888 [INFO] Epoch 189/300 | Train Loss: 0.010945 MAE: 0.034977 ADE: 0.070082 FDE: 0.136263 | Val Loss: 0.008714 MAE: 0.031131 ADE: 0.062438 FDE: 0.127592
2026-03-09 14:32:34,454 [INFO] Epoch 190/300 | Train Loss: 0.011018 MAE: 0.035160 ADE: 0.070441 FDE: 0.136963 | Val Loss: 0.008562 MAE: 0.031860 ADE: 0.063488 FDE: 0.127214
2026-03-09 14:32:34,460 [INFO]   [CHECKPOINT] Checkpoint saved: D:\Trajectory prediction\drone_trajectories\GRUTrajectoryPredictor\checkpoints\agents_3_20260309_141203\epoch_190.pth
2026-03-09 14:32:34,461 [INFO] Early stopping triggered after 15 epochs without improvement
2026-03-09 14:32:34,461 [INFO] [SUCCESS] Metrics CSV saved: D:\Trajectory prediction\drone_trajectories\GRUTrajectoryPredictor\Results\metrics_agents_3_20260309_141203.csv
2026-03-09 14:32:34,461 [INFO] ================================================================================
2026-03-09 14:32:34,461 [INFO] Training Summary
2026-03-09 14:32:34,462 [INFO] ================================================================================
2026-03-09 14:32:34,462 [INFO] Best validation loss: 0.00836931
2026-03-09 14:32:34,462 [INFO] Best model saved: D:\Trajectory prediction\drone_trajectories\GRUTrajectoryPredictor\Models\swarm_gru_agents_3_best.pth
2026-03-09 14:32:34,462 [INFO] Metrics CSV: D:\Trajectory prediction\drone_trajectories\GRUTrajectoryPredictor\Results\metrics_agents_3_20260309_141203.csv
2026-03-09 14:32:34,462 [INFO] Checkpoints: D:\Trajectory prediction\drone_trajectories\GRUTrajectoryPredictor\checkpoints\agents_3_20260309_141203
2026-03-09 14:32:34,462 [INFO] ================================================================================
