2026-03-09 13:42:53,461 [INFO] ================================================================================
2026-03-09 13:42:53,461 [INFO] Swarm GRU Training
2026-03-09 13:42:53,461 [INFO] ================================================================================
2026-03-09 13:42:53,483 [INFO] Device: cuda
2026-03-09 13:42:53,491 [INFO] Loading data (3 agents)...
2026-03-09 13:42:54,470 [INFO] Data shape: X=(230232, 20, 3, 3), Y=(230232, 10, 3, 3)
2026-03-09 13:42:55,391 [INFO] Dataset: 230232 samples
2026-03-09 13:42:55,391 [INFO]   Input:  mean=[ 0.6707142  0.4725033 11.878157 ], std=[25.494501 25.420677 12.767594]
2026-03-09 13:42:55,392 [INFO]   Output: mean=[-0.01494008 -0.00840845 -0.01276703], std=[1.2501038 1.2376206 1.1986593]
2026-03-09 13:42:55,408 [INFO] Train: 207209, Val: 23023
2026-03-09 13:42:55,408 [INFO] Creating model...
2026-03-09 13:42:55,523 [INFO] Parameters: 89,865
2026-03-09 13:42:56,177 [INFO] Starting training...
2026-03-09 13:43:01,446 [INFO] Epoch   1 | Train: 1.752441 (pos:0.759554, vel:1.985774) | Val: 1.240035 (pos:0.542189, vel:1.395694)
2026-03-09 13:43:01,453 [INFO]   -> Model saved
2026-03-09 13:43:06,648 [INFO] Epoch   2 | Train: 0.768968 (pos:0.318379, vel:0.901178) | Val: 0.322122 (pos:0.131168, vel:0.381909)
2026-03-09 13:43:06,653 [INFO]   -> Model saved
2026-03-09 13:43:11,677 [INFO] Epoch   3 | Train: 0.272910 (pos:0.101817, vel:0.342186) | Val: 0.124977 (pos:0.046267, vel:0.157420)
2026-03-09 13:43:11,682 [INFO]   -> Model saved
2026-03-09 13:43:16,666 [INFO] Epoch   4 | Train: 0.125485 (pos:0.043720, vel:0.163531) | Val: 0.084919 (pos:0.032183, vel:0.105472)
2026-03-09 13:43:16,671 [INFO]   -> Model saved
2026-03-09 13:43:21,588 [INFO] Epoch   5 | Train: 0.092303 (pos:0.033043, vel:0.118519) | Val: 0.076243 (pos:0.030439, vel:0.091609)
2026-03-09 13:43:21,593 [INFO]   -> Model saved
2026-03-09 13:43:26,593 [INFO] Epoch   6 | Train: 0.079562 (pos:0.029233, vel:0.100658) | Val: 0.059725 (pos:0.023211, vel:0.073028)
2026-03-09 13:43:26,600 [INFO]   -> Model saved
2026-03-09 13:43:31,786 [INFO] Epoch   7 | Train: 0.071203 (pos:0.026589, vel:0.089229) | Val: 0.052601 (pos:0.020338, vel:0.064527)
2026-03-09 13:43:31,791 [INFO]   -> Model saved
2026-03-09 13:43:36,938 [INFO] Epoch   8 | Train: 0.065779 (pos:0.024875, vel:0.081808) | Val: 0.048673 (pos:0.018969, vel:0.059408)
2026-03-09 13:43:36,942 [INFO]   -> Model saved
2026-03-09 13:43:41,981 [INFO] Epoch   9 | Train: 0.062039 (pos:0.023717, vel:0.076644) | Val: 0.046963 (pos:0.018491, vel:0.056944)
2026-03-09 13:43:41,986 [INFO]   -> Model saved
2026-03-09 13:43:46,934 [INFO] Epoch  10 | Train: 0.058793 (pos:0.022591, vel:0.072405) | Val: 0.049744 (pos:0.019254, vel:0.060980)
2026-03-09 13:43:46,935 [INFO] History saved: D:\Trajectory prediction\drone_trajectories\GRUTrajectoryPredictor\Results\history_agents_3.json
2026-03-09 13:43:47,167 [INFO] Plot saved: D:\Trajectory prediction\drone_trajectories\GRUTrajectoryPredictor\Results\training_agents_3.png
2026-03-09 13:43:47,169 [INFO] ================================================================================
2026-03-09 13:43:47,169 [INFO] Training complete!
2026-03-09 13:43:47,170 [INFO] ================================================================================
