2026-01-09 18:15:54,738 : Namespace(seed=3, gpu_deterministic=False, data_scale=1.0, dec_size=[1024, 512, 1024], enc_dest_size=[256, 128], enc_latent_size=[256, 512], enc_past_size=[512, 256], predictor_hidden_size=[1024, 512, 256], non_local_theta_size=[256, 128, 64], non_local_phi_size=[256, 128, 64], non_local_g_size=[256, 128, 64], non_local_dim=128, fdim=16, future_length=10, device=0, kld_coeff=0.5, future_loss_coeff=1, dest_loss_coeff=2, learning_rate=5e-05, lr_decay_step_size=4, lr_decay_gamma=0.5, mu=0, n_values=20, nonlocal_pools=3, num_epochs=50, num_workers=0, past_length=20, sigma=1.3, zdim=16, print_log=6, sub_goal_indexes=[2, 5, 7, 9], e_prior_sig=2, e_init_sig=2, e_activation='lrelu', e_activation_leak=0.2, e_energy_form='identity', e_l_steps=5, e_l_steps_pcd=20, e_l_step_size=0.4, e_l_with_noise=True, e_sn=False, e_lr=3e-05, e_is_grad_clamp=False, e_max_norm=25, e_decay=0.0001, e_gamma=0.998, e_beta1=0.9, e_beta2=0.999, memory_size=200000, dataset_name='swarm', dataset_folder='dataset', obs=20, preds=10, delim='\t', verbose=False, val_size=0, batch_size=512, ny=1, model_path='saved_models/lbebm3D_scene1.pt', test_mode=False, vis=False, lstm_layers=1, state_layers=3, way_points=[0, 1, 3, 4, 6, 8])
2026-01-09 18:16:14,989 :     5/    0 dest_loss=7.611938 future_loss=5.592557 offset_loss=172.057789 kld=4.032913 cd=-0.051317 en_pos=-0.041528 en_neg=0.009789 pcd=False subgoal_reg=0.005670371458199159 
2026-01-09 18:16:30,210 :    11/    0 dest_loss=6.263067 future_loss=4.623342 offset_loss=166.737663 kld=2.060682 cd=-0.079839 en_pos=-0.026055 en_neg=0.053784 pcd=False subgoal_reg=0.004282137911096988 
2026-01-09 18:16:45,231 :    17/    0 dest_loss=7.159417 future_loss=5.302506 offset_loss=164.694130 kld=1.053114 cd=-0.111557 en_pos=-0.010714 en_neg=0.100843 pcd=False subgoal_reg=0.005252050067732642 
2026-01-09 18:17:00,173 :    23/    0 dest_loss=5.627832 future_loss=4.198383 offset_loss=159.841155 kld=0.536167 cd=-0.144084 en_pos=0.007561 en_neg=0.151644 pcd=False subgoal_reg=0.00802486269122319 
2026-01-09 18:17:15,101 :    29/    0 dest_loss=5.061442 future_loss=3.774219 offset_loss=159.712838 kld=0.360589 cd=-0.176450 en_pos=0.024095 en_neg=0.200545 pcd=False subgoal_reg=0.01571056422981688 
2026-01-09 18:17:30,049 :    35/    0 dest_loss=7.577787 future_loss=5.855118 offset_loss=155.565272 kld=0.458271 cd=-0.220371 en_pos=0.045306 en_neg=0.265678 pcd=False subgoal_reg=0.05539666512869432 
2026-01-09 18:17:44,909 :    41/    0 dest_loss=6.116658 future_loss=5.124946 offset_loss=149.337657 kld=0.334474 cd=-0.251821 en_pos=0.065939 en_neg=0.317760 pcd=False subgoal_reg=0.14205504931124335 
2026-01-09 18:17:59,767 :    47/    0 dest_loss=3.393329 future_loss=3.961219 offset_loss=139.735119 kld=0.441702 cd=-0.300934 en_pos=0.089356 en_neg=0.390290 pcd=False subgoal_reg=0.3922698483322076 
2026-01-09 18:18:14,825 :    53/    0 dest_loss=6.608297 future_loss=7.465322 offset_loss=137.281520 kld=0.497236 cd=-0.317922 en_pos=0.135824 en_neg=0.453746 pcd=False subgoal_reg=0.8533143501506198 
2026-01-09 18:18:29,895 :    59/    0 dest_loss=3.212948 future_loss=5.347948 offset_loss=126.980210 kld=0.313333 cd=-0.347037 en_pos=0.161327 en_neg=0.508364 pcd=False subgoal_reg=1.0907812690772096 
2026-01-09 18:18:44,711 :    65/    0 dest_loss=1.347613 future_loss=8.692054 offset_loss=113.294179 kld=0.493334 cd=-0.385336 en_pos=0.221065 en_neg=0.606400 pcd=False subgoal_reg=3.4759469788897945 
2026-01-09 18:18:59,575 :    71/    0 dest_loss=1.528064 future_loss=9.758187 offset_loss=107.921927 kld=0.345022 cd=-0.439271 en_pos=0.222947 en_neg=0.662218 pcd=False subgoal_reg=3.8331267586749775 
2026-01-09 18:19:14,595 :    77/    0 dest_loss=1.248495 future_loss=7.543036 offset_loss=99.767996 kld=0.293917 cd=-0.498120 en_pos=0.231538 en_neg=0.729658 pcd=False subgoal_reg=2.3757467019143714 
2026-01-09 18:19:29,300 :    83/    0 dest_loss=1.251311 future_loss=10.077971 offset_loss=89.212147 kld=0.410337 cd=-0.488191 en_pos=0.275759 en_neg=0.763950 pcd=False subgoal_reg=4.046405467749459 
2026-01-09 18:19:44,208 :    89/    0 dest_loss=1.788841 future_loss=10.383248 offset_loss=78.631830 kld=0.367262 cd=-0.558622 en_pos=0.286460 en_neg=0.845082 pcd=False subgoal_reg=2.9352215351999025 
2026-01-09 18:19:58,895 :    95/    0 dest_loss=2.542216 future_loss=10.390799 offset_loss=67.264441 kld=0.283899 cd=-0.600006 en_pos=0.287390 en_neg=0.887396 pcd=False subgoal_reg=2.2269655592877515 
2026-01-09 18:20:13,812 :   101/    0 dest_loss=3.487066 future_loss=14.212825 offset_loss=49.514555 kld=0.375656 cd=-0.642198 en_pos=0.316876 en_neg=0.959074 pcd=False subgoal_reg=2.7691280160682306 
2026-01-09 18:20:29,051 :   107/    0 dest_loss=2.131722 future_loss=14.077361 offset_loss=37.017324 kld=0.294724 cd=-0.686706 en_pos=0.345212 en_neg=1.031919 pcd=False subgoal_reg=3.4526806139450748 
2026-01-09 18:20:44,152 :   113/    0 dest_loss=1.793915 future_loss=13.323070 offset_loss=29.120782 kld=0.257548 cd=-0.711694 en_pos=0.338545 en_neg=1.050240 pcd=False subgoal_reg=2.9758845937403096 
2026-01-09 18:20:58,941 :   119/    0 dest_loss=1.732757 future_loss=12.418481 offset_loss=25.508197 kld=0.302613 cd=-0.794764 en_pos=0.384359 en_neg=1.179122 pcd=False subgoal_reg=2.9922325530294946 
2026-01-09 18:21:13,792 :   125/    0 dest_loss=1.481029 future_loss=12.077775 offset_loss=20.337734 kld=0.356251 cd=-0.836424 en_pos=0.435450 en_neg=1.271874 pcd=False subgoal_reg=2.874541318772201 
2026-01-09 18:21:28,594 :   131/    0 dest_loss=1.109854 future_loss=10.612518 offset_loss=15.144819 kld=0.307581 cd=-0.903006 en_pos=0.462074 en_neg=1.365080 pcd=False subgoal_reg=2.525968111373447 
2026-01-09 18:21:43,547 :   137/    0 dest_loss=1.009212 future_loss=7.486197 offset_loss=12.002548 kld=0.266055 cd=-0.954054 en_pos=0.488674 en_neg=1.442729 pcd=False subgoal_reg=1.6319861749296725 
2026-01-09 18:21:58,424 :   143/    0 dest_loss=0.403213 future_loss=6.004387 offset_loss=7.558726 kld=0.248729 cd=-0.981624 en_pos=0.530725 en_neg=1.512348 pcd=False subgoal_reg=1.571119382420895 
2026-01-09 18:22:13,288 :   149/    0 dest_loss=0.289218 future_loss=4.399854 offset_loss=5.616428 kld=0.250752 cd=-1.075386 en_pos=0.576748 en_neg=1.652135 pcd=False subgoal_reg=1.3281494345329556 
2026-01-09 18:22:28,148 :   155/    0 dest_loss=0.413685 future_loss=3.573413 offset_loss=4.146827 kld=0.255023 cd=-1.137319 en_pos=0.606502 en_neg=1.743821 pcd=False subgoal_reg=1.0887039859099792 
2026-01-09 18:22:43,008 :   161/    0 dest_loss=0.266545 future_loss=2.758783 offset_loss=3.666986 kld=0.206050 cd=-1.180571 en_pos=0.684314 en_neg=1.864886 pcd=False subgoal_reg=0.8453658765601522 
2026-01-09 18:22:57,858 :   167/    0 dest_loss=0.398148 future_loss=2.126200 offset_loss=3.072662 kld=0.197002 cd=-1.242659 en_pos=0.707006 en_neg=1.949665 pcd=False subgoal_reg=0.5373317735632959 
2026-01-09 18:23:12,803 :   173/    0 dest_loss=0.343424 future_loss=1.772386 offset_loss=2.325116 kld=0.132717 cd=-1.330063 en_pos=0.710207 en_neg=2.040270 pcd=False subgoal_reg=0.4279300215258426 
2026-01-09 18:23:27,657 :   179/    0 dest_loss=0.307613 future_loss=1.691773 offset_loss=1.916649 kld=0.198295 cd=-1.434921 en_pos=0.850600 en_neg=2.285521 pcd=False subgoal_reg=0.3335952695441975 
2026-01-09 18:23:42,503 :   185/    0 dest_loss=0.198937 future_loss=1.259273 offset_loss=1.664707 kld=0.154318 cd=-1.512024 en_pos=0.820509 en_neg=2.332533 pcd=False subgoal_reg=0.3501136446518447 
2026-01-09 18:23:57,361 :   191/    0 dest_loss=0.194382 future_loss=1.099475 offset_loss=1.504784 kld=0.134039 cd=-1.533439 en_pos=0.912777 en_neg=2.446216 pcd=False subgoal_reg=0.19566352349827687 
2026-01-09 18:24:12,341 :   197/    0 dest_loss=0.351473 future_loss=1.091868 offset_loss=1.354966 kld=0.162645 cd=-1.639376 en_pos=0.979400 en_neg=2.618776 pcd=False subgoal_reg=0.1868434672394308 
2026-01-09 18:24:27,401 :   203/    0 dest_loss=0.218940 future_loss=0.871436 offset_loss=1.132930 kld=0.116016 cd=-1.725618 en_pos=1.008100 en_neg=2.733719 pcd=False subgoal_reg=0.16439163913417193 
2026-01-09 18:24:42,231 :   209/    0 dest_loss=0.259824 future_loss=0.826425 offset_loss=1.102039 kld=0.101451 cd=-1.863495 en_pos=0.985510 en_neg=2.849006 pcd=False subgoal_reg=0.11908952215176297 
2026-01-09 18:24:57,303 :   215/    0 dest_loss=0.232283 future_loss=0.725183 offset_loss=0.959220 kld=0.129965 cd=-1.902179 en_pos=1.105958 en_neg=3.008136 pcd=False subgoal_reg=0.11254611132269851 
2026-01-09 18:25:12,383 :   221/    0 dest_loss=0.372998 future_loss=0.728336 offset_loss=0.936264 kld=0.135884 cd=-2.076552 en_pos=1.151446 en_neg=3.227998 pcd=False subgoal_reg=0.10333331805234133 
2026-01-09 18:25:27,236 :   227/    0 dest_loss=0.201564 future_loss=0.596412 offset_loss=0.871254 kld=0.114223 cd=-2.152645 en_pos=1.259508 en_neg=3.412153 pcd=False subgoal_reg=0.08958309904153534 
2026-01-09 18:25:42,079 :   233/    0 dest_loss=0.157549 future_loss=0.551813 offset_loss=0.746666 kld=0.093021 cd=-2.201117 en_pos=1.279366 en_neg=3.480482 pcd=False subgoal_reg=0.09187070205671556 
2026-01-09 18:25:56,868 :   239/    0 dest_loss=0.171981 future_loss=0.540260 offset_loss=0.695285 kld=0.088105 cd=-2.345497 en_pos=1.340728 en_neg=3.686226 pcd=False subgoal_reg=0.08180273426233839 
2026-01-09 18:26:11,681 :   245/    0 dest_loss=0.203324 future_loss=0.429773 offset_loss=0.842441 kld=0.082302 cd=-2.501685 en_pos=1.428643 en_neg=3.930328 pcd=False subgoal_reg=0.06744454224125121 
2026-01-09 18:26:26,530 :   251/    0 dest_loss=0.243747 future_loss=0.549253 offset_loss=0.687128 kld=0.103743 cd=-2.609206 en_pos=1.506591 en_neg=4.115797 pcd=False subgoal_reg=0.05285102291497124 
2026-01-09 18:26:41,347 :   257/    0 dest_loss=0.187991 future_loss=0.503120 offset_loss=0.632420 kld=0.102954 cd=-2.611290 en_pos=1.575369 en_neg=4.186659 pcd=False subgoal_reg=0.07464268865124984 
2026-01-09 18:26:56,143 :   263/    0 dest_loss=0.195137 future_loss=0.505867 offset_loss=0.560518 kld=0.094648 cd=-2.881301 en_pos=1.720245 en_neg=4.601546 pcd=False subgoal_reg=0.048919045724621815 
2026-01-09 18:27:10,967 :   269/    0 dest_loss=0.440737 future_loss=0.551309 offset_loss=0.683473 kld=0.124275 cd=-2.731551 en_pos=1.874513 en_neg=4.606064 pcd=False subgoal_reg=0.10100014533763815 
2026-01-09 18:27:25,869 :   275/    0 dest_loss=0.471613 future_loss=0.567950 offset_loss=0.782734 kld=0.103790 cd=-3.036828 en_pos=1.896324 en_neg=4.933152 pcd=False subgoal_reg=0.034845248033465365 
2026-01-09 18:27:40,762 :   281/    0 dest_loss=0.195403 future_loss=0.374403 offset_loss=0.554273 kld=0.080942 cd=-3.201403 en_pos=1.848276 en_neg=5.049678 pcd=False subgoal_reg=0.06445703571033146 
2026-01-09 18:27:55,634 :   287/    0 dest_loss=0.113511 future_loss=0.358263 offset_loss=0.543424 kld=0.064927 cd=-3.125543 en_pos=1.897386 en_neg=5.022929 pcd=False subgoal_reg=0.050263983740764295 
2026-01-09 18:28:10,514 :   293/    0 dest_loss=0.322369 future_loss=0.439844 offset_loss=0.608405 kld=0.079712 cd=-3.270988 en_pos=2.087194 en_neg=5.358183 pcd=False subgoal_reg=0.04520596664986342 
2026-01-09 18:28:25,375 :   299/    0 dest_loss=0.187880 future_loss=0.414839 offset_loss=0.525867 kld=0.074764 cd=-3.502507 en_pos=2.182622 en_neg=5.685129 pcd=False subgoal_reg=0.05075098581788352 
2026-01-09 18:28:40,174 :   305/    0 dest_loss=0.176332 future_loss=0.386917 offset_loss=0.483328 kld=0.081285 cd=-3.560597 en_pos=2.287349 en_neg=5.847946 pcd=False subgoal_reg=0.05483902071926376 
2026-01-09 18:28:55,057 :   311/    0 dest_loss=0.504469 future_loss=0.554972 offset_loss=0.587255 kld=0.099973 cd=-3.644059 en_pos=2.432494 en_neg=6.076553 pcd=False subgoal_reg=0.04817328987612603 
2026-01-09 18:29:10,078 :   317/    0 dest_loss=0.176451 future_loss=0.220797 offset_loss=0.642142 kld=0.079050 cd=-3.954011 en_pos=2.387302 en_neg=6.341313 pcd=False subgoal_reg=0.030763169829075215 
2026-01-09 18:29:24,801 :   323/    0 dest_loss=0.214424 future_loss=0.415072 offset_loss=0.532752 kld=0.075312 cd=-3.921507 en_pos=2.557270 en_neg=6.478777 pcd=False subgoal_reg=0.055135535246525806 
2026-01-09 18:29:39,813 :   329/    0 dest_loss=0.396168 future_loss=0.392285 offset_loss=0.558638 kld=0.090237 cd=-4.109601 en_pos=2.611877 en_neg=6.721478 pcd=False subgoal_reg=0.045687779084590985 
2026-01-09 18:29:54,850 :   335/    0 dest_loss=0.246809 future_loss=0.478204 offset_loss=0.421734 kld=0.093338 cd=-4.121071 en_pos=2.929042 en_neg=7.050113 pcd=False subgoal_reg=0.059576401352819656 
2026-01-09 18:30:09,603 :   341/    0 dest_loss=0.429906 future_loss=0.379267 offset_loss=0.496229 kld=0.070045 cd=-4.193231 en_pos=2.771383 en_neg=6.964614 pcd=False subgoal_reg=0.08256965819826079 
2026-01-09 18:30:24,443 :   347/    0 dest_loss=0.218880 future_loss=0.477530 offset_loss=0.203264 kld=0.067243 cd=-4.688197 en_pos=2.927188 en_neg=7.615385 pcd=False subgoal_reg=0.030077626659181254 
2026-01-09 18:30:39,320 :   353/    0 dest_loss=0.151983 future_loss=0.309669 offset_loss=0.372152 kld=0.076174 cd=-4.618482 en_pos=3.278226 en_neg=7.896708 pcd=False subgoal_reg=0.04678510764640596 
2026-01-09 18:30:54,142 :   359/    0 dest_loss=0.150080 future_loss=0.231589 offset_loss=0.404502 kld=0.084458 cd=-4.626742 en_pos=3.454666 en_neg=8.081408 pcd=False subgoal_reg=0.04869063180684663 
2026-01-09 18:31:09,041 :   365/    0 dest_loss=0.150908 future_loss=0.249577 offset_loss=0.353064 kld=0.071394 cd=-4.814112 en_pos=3.469283 en_neg=8.283395 pcd=False subgoal_reg=0.02668965704454341 
2026-01-09 18:31:23,947 :   371/    0 dest_loss=0.413244 future_loss=0.419490 offset_loss=0.540993 kld=0.084289 cd=-5.062993 en_pos=3.617229 en_neg=8.680222 pcd=False subgoal_reg=0.041200539890893166 
2026-01-09 18:31:38,845 :   377/    0 dest_loss=0.212102 future_loss=0.284229 offset_loss=0.400587 kld=0.057164 cd=-5.078074 en_pos=3.307345 en_neg=8.385419 pcd=False subgoal_reg=0.026311111176150627 
2026-01-09 18:31:53,687 :   383/    0 dest_loss=0.504074 future_loss=0.443946 offset_loss=0.536819 kld=0.086241 cd=-5.109997 en_pos=3.916516 en_neg=9.026513 pcd=False subgoal_reg=0.026682845207445405 
2026-01-09 18:32:08,523 :   389/    0 dest_loss=0.144424 future_loss=0.294741 offset_loss=0.324200 kld=0.058542 cd=-5.622017 en_pos=3.674214 en_neg=9.296231 pcd=False subgoal_reg=0.051090447311146536 
2026-01-09 18:32:23,729 :   395/    0 dest_loss=0.098731 future_loss=0.246190 offset_loss=0.293879 kld=0.071100 cd=-2.855089 en_pos=4.086092 en_neg=6.941182 pcd=True subgoal_reg=0.0527587674236655 
2026-01-09 18:32:38,877 :   401/    0 dest_loss=0.448338 future_loss=0.411386 offset_loss=0.584817 kld=0.086453 cd=-2.813837 en_pos=4.115326 en_neg=6.929163 pcd=True subgoal_reg=0.022634749301517522 
2026-01-09 18:32:54,054 :   407/    0 dest_loss=0.276197 future_loss=0.389004 offset_loss=0.478497 kld=0.068070 cd=-2.946658 en_pos=3.954182 en_neg=6.900840 pcd=True subgoal_reg=0.04267462356749526 
2026-01-09 18:33:09,215 :   413/    0 dest_loss=0.178920 future_loss=0.223656 offset_loss=0.333451 kld=0.052912 cd=-3.116629 en_pos=3.898572 en_neg=7.015201 pcd=True subgoal_reg=0.03638958442889767 
2026-01-09 18:33:24,381 :   419/    0 dest_loss=0.108948 future_loss=0.211615 offset_loss=0.278742 kld=0.055988 cd=-2.833215 en_pos=4.059223 en_neg=6.892438 pcd=True subgoal_reg=0.02344831859612346 
2026-01-09 18:33:39,540 :   425/    0 dest_loss=0.731631 future_loss=0.543073 offset_loss=0.607376 kld=0.091849 cd=-2.791377 en_pos=4.615867 en_neg=7.407244 pcd=True subgoal_reg=0.050930800630074255 
2026-01-09 18:33:54,552 :   431/    0 dest_loss=0.198759 future_loss=0.217299 offset_loss=0.404805 kld=0.059905 cd=-2.799066 en_pos=4.285241 en_neg=7.084308 pcd=True subgoal_reg=0.021423117593979794 
2026-01-09 18:34:09,717 :   437/    0 dest_loss=0.384055 future_loss=0.397536 offset_loss=0.309110 kld=0.062295 cd=-2.900916 en_pos=4.406855 en_neg=7.307771 pcd=True subgoal_reg=0.04346660657283835 
2026-01-09 18:34:24,987 :   443/    0 dest_loss=0.188844 future_loss=0.252061 offset_loss=0.332035 kld=0.065340 cd=-2.993600 en_pos=4.415010 en_neg=7.408610 pcd=True subgoal_reg=0.04113484108720837 
2026-01-09 18:34:40,189 :   449/    0 dest_loss=0.171247 future_loss=0.211484 offset_loss=0.338529 kld=0.059755 cd=-2.853350 en_pos=4.372090 en_neg=7.225439 pcd=True subgoal_reg=0.03412402117517955 
2026-01-09 18:34:55,324 :   455/    0 dest_loss=0.219519 future_loss=0.247278 offset_loss=0.432260 kld=0.053948 cd=-2.730402 en_pos=4.325811 en_neg=7.056213 pcd=True subgoal_reg=0.018992126439453798 
2026-01-09 18:35:10,529 :   461/    0 dest_loss=0.297263 future_loss=0.333820 offset_loss=0.365876 kld=0.056822 cd=-3.115899 en_pos=4.725511 en_neg=7.841410 pcd=True subgoal_reg=0.03432675495406741 
2026-01-09 18:35:25,690 :   467/    0 dest_loss=0.229385 future_loss=0.290316 offset_loss=0.314800 kld=0.051129 cd=-2.825908 en_pos=4.550624 en_neg=7.376532 pcd=True subgoal_reg=0.0233142676080569 
2026-01-09 18:35:40,837 :   473/    0 dest_loss=0.117608 future_loss=0.193902 offset_loss=0.280222 kld=0.055128 cd=-2.622897 en_pos=4.929302 en_neg=7.552199 pcd=True subgoal_reg=0.028519745176809278 
2026-01-09 18:35:55,965 :   479/    0 dest_loss=0.346039 future_loss=0.333739 offset_loss=0.431868 kld=0.056742 cd=-2.926139 en_pos=4.870664 en_neg=7.796804 pcd=True subgoal_reg=0.03106484577954487 
2026-01-09 18:36:11,128 :   485/    0 dest_loss=0.196003 future_loss=0.224748 offset_loss=0.287256 kld=0.051393 cd=-2.869203 en_pos=4.858816 en_neg=7.728019 pcd=True subgoal_reg=0.02827365561629895 
2026-01-09 18:36:26,238 :   491/    0 dest_loss=0.164658 future_loss=0.210134 offset_loss=0.290427 kld=0.041319 cd=-2.478080 en_pos=4.831753 en_neg=7.309833 pcd=True subgoal_reg=0.03147764310548501 
2026-01-09 18:36:41,404 :   497/    0 dest_loss=0.184308 future_loss=0.232276 offset_loss=0.310553 kld=0.057117 cd=-2.542197 en_pos=5.113711 en_neg=7.655909 pcd=True subgoal_reg=0.01956126283933936 
2026-01-09 18:36:56,578 :   503/    0 dest_loss=0.217338 future_loss=0.238908 offset_loss=0.321671 kld=0.054671 cd=-2.680857 en_pos=5.095530 en_neg=7.776387 pcd=True subgoal_reg=0.030346011366669423 
2026-01-09 18:37:11,625 :   509/    0 dest_loss=0.207223 future_loss=0.281203 offset_loss=0.302155 kld=0.059201 cd=-2.412281 en_pos=5.489530 en_neg=7.901812 pcd=True subgoal_reg=0.021088878131245437 
2026-01-09 18:37:26,889 :   515/    0 dest_loss=0.246480 future_loss=0.266492 offset_loss=0.371909 kld=0.055610 cd=-2.604071 en_pos=5.386723 en_neg=7.990794 pcd=True subgoal_reg=0.025691957139255997 
2026-01-09 18:37:42,086 :   521/    0 dest_loss=0.200993 future_loss=0.206758 offset_loss=0.325417 kld=0.041862 cd=-2.387420 en_pos=5.114499 en_neg=7.501918 pcd=True subgoal_reg=0.022914353605936494 
2026-01-09 18:37:57,198 :   527/    0 dest_loss=0.152138 future_loss=0.198304 offset_loss=0.270394 kld=0.046765 cd=-2.529989 en_pos=5.139912 en_neg=7.669901 pcd=True subgoal_reg=0.019963960508526165 
2026-01-09 18:38:12,426 :   533/    0 dest_loss=0.645611 future_loss=0.476279 offset_loss=0.538986 kld=0.084177 cd=-2.435702 en_pos=6.089382 en_neg=8.525084 pcd=True subgoal_reg=0.03731737778094304 
2026-01-09 18:38:27,588 :   539/    0 dest_loss=0.147645 future_loss=0.200811 offset_loss=0.301238 kld=0.056831 cd=-2.367837 en_pos=5.766186 en_neg=8.134024 pcd=True subgoal_reg=0.017476924982930245 
2026-01-09 18:38:42,791 :   545/    0 dest_loss=0.130734 future_loss=0.173699 offset_loss=0.258088 kld=0.058885 cd=-2.346607 en_pos=5.855031 en_neg=8.201638 pcd=True subgoal_reg=0.027931307010272268 
2026-01-09 18:38:57,996 :   551/    0 dest_loss=0.195075 future_loss=0.239540 offset_loss=0.350674 kld=0.049629 cd=-2.255142 en_pos=5.673279 en_neg=7.928421 pcd=True subgoal_reg=0.024460942946704024 
2026-01-09 18:39:13,202 :   557/    0 dest_loss=0.305997 future_loss=0.274891 offset_loss=0.332846 kld=0.053184 cd=-2.279921 en_pos=5.865523 en_neg=8.145444 pcd=True subgoal_reg=0.015970433152095787 
2026-01-09 18:39:28,385 :   563/    0 dest_loss=0.221852 future_loss=0.339780 offset_loss=0.200954 kld=0.045055 cd=-2.486773 en_pos=5.478872 en_neg=7.965644 pcd=True subgoal_reg=0.03903921002234735 
2026-01-09 18:39:43,562 :   569/    0 dest_loss=0.130823 future_loss=0.194985 offset_loss=0.272920 kld=0.043699 cd=-2.137894 en_pos=5.803527 en_neg=7.941422 pcd=True subgoal_reg=0.02724652543896133 
2026-01-09 18:39:58,718 :   575/    0 dest_loss=0.085752 future_loss=0.137408 offset_loss=0.274790 kld=0.041894 cd=-2.190866 en_pos=5.852973 en_neg=8.043838 pcd=True subgoal_reg=0.02708288701680625 
2026-01-09 18:40:13,849 :   581/    0 dest_loss=0.099602 future_loss=0.159112 offset_loss=0.227167 kld=0.045162 cd=-2.172605 en_pos=5.785732 en_neg=7.958337 pcd=True subgoal_reg=0.019114695731089308 
2026-01-09 18:40:28,900 :   587/    0 dest_loss=0.088322 future_loss=0.149228 offset_loss=0.215465 kld=0.045488 cd=-2.133390 en_pos=5.879505 en_neg=8.012895 pcd=True subgoal_reg=0.02127051148911795 
2026-01-09 18:40:44,041 :   593/    0 dest_loss=0.092078 future_loss=0.132583 offset_loss=0.247715 kld=0.043448 cd=-2.093665 en_pos=5.928325 en_neg=8.021990 pcd=True subgoal_reg=0.025464627357266657 
2026-01-09 18:40:59,206 :   599/    0 dest_loss=0.160880 future_loss=0.180688 offset_loss=0.253218 kld=0.039157 cd=-2.034700 en_pos=5.900067 en_neg=7.934767 pcd=True subgoal_reg=0.019217342126383687 
2026-01-09 18:41:14,385 :   605/    0 dest_loss=0.254313 future_loss=0.253421 offset_loss=0.317018 kld=0.046158 cd=-1.630098 en_pos=6.326674 en_neg=7.956772 pcd=True subgoal_reg=0.028095531372870533 
2026-01-09 18:41:29,708 :   611/    0 dest_loss=0.201056 future_loss=0.224189 offset_loss=0.316731 kld=0.040105 cd=-1.648439 en_pos=6.063635 en_neg=7.712074 pcd=True subgoal_reg=0.02158567286387083 
2026-01-09 18:41:45,109 :   617/    0 dest_loss=0.349747 future_loss=0.271295 offset_loss=0.349163 kld=0.059491 cd=-1.810532 en_pos=6.647856 en_neg=8.458389 pcd=True subgoal_reg=0.05318527258895982 
2026-01-09 18:42:00,341 :   623/    0 dest_loss=0.111622 future_loss=0.190714 offset_loss=0.266078 kld=0.053198 cd=-2.092248 en_pos=6.409512 en_neg=8.501761 pcd=True subgoal_reg=0.04475346457051161 
2026-01-09 18:42:15,483 :   629/    0 dest_loss=0.120048 future_loss=0.143509 offset_loss=0.236890 kld=0.047653 cd=-1.748350 en_pos=6.466604 en_neg=8.214955 pcd=True subgoal_reg=0.010399624962977545 
2026-01-09 18:42:30,697 :   635/    0 dest_loss=0.212197 future_loss=0.121835 offset_loss=0.478895 kld=0.046638 cd=-1.676507 en_pos=6.673207 en_neg=8.349715 pcd=True subgoal_reg=0.0468892244878388 
2026-01-09 18:42:45,874 :   641/    0 dest_loss=0.193712 future_loss=0.190081 offset_loss=0.238532 kld=0.044589 cd=-1.859939 en_pos=6.494937 en_neg=8.354876 pcd=True subgoal_reg=0.019157378380428067 
2026-01-09 18:43:00,975 :   647/    0 dest_loss=0.111707 future_loss=0.149569 offset_loss=0.245989 kld=0.041240 cd=-1.468897 en_pos=6.382157 en_neg=7.851054 pcd=True subgoal_reg=0.03625249585131945 
2026-01-09 18:43:16,134 :   653/    0 dest_loss=0.138595 future_loss=0.176305 offset_loss=0.252313 kld=0.053209 cd=-1.492480 en_pos=6.623114 en_neg=8.115594 pcd=True subgoal_reg=0.013512891081561097 
2026-01-09 18:43:31,290 :   659/    0 dest_loss=0.125577 future_loss=0.168833 offset_loss=0.240824 kld=0.046848 cd=-1.481382 en_pos=6.657782 en_neg=8.139164 pcd=True subgoal_reg=0.022622259634084343 
2026-01-09 18:43:46,301 :   665/    0 dest_loss=0.427860 future_loss=0.353037 offset_loss=0.417007 kld=0.056539 cd=-1.580204 en_pos=6.837037 en_neg=8.417241 pcd=True subgoal_reg=0.024377158728321892 
2026-01-09 18:44:01,476 :   671/    0 dest_loss=0.196994 future_loss=0.177542 offset_loss=0.378588 kld=0.048518 cd=-1.558039 en_pos=6.668967 en_neg=8.227006 pcd=True subgoal_reg=0.016722451662383533 
2026-01-09 18:44:16,677 :   677/    0 dest_loss=0.153148 future_loss=0.173608 offset_loss=0.216539 kld=0.042757 cd=-1.303366 en_pos=6.780862 en_neg=8.084228 pcd=True subgoal_reg=0.021839778740535352 
2026-01-09 18:44:31,865 :   683/    0 dest_loss=0.094178 future_loss=0.144162 offset_loss=0.214815 kld=0.036704 cd=-1.293660 en_pos=6.936605 en_neg=8.230265 pcd=True subgoal_reg=0.042396306524738574 
2026-01-09 18:44:47,035 :   689/    0 dest_loss=0.101983 future_loss=0.129457 offset_loss=0.256055 kld=0.046640 cd=-1.355833 en_pos=6.804209 en_neg=8.160042 pcd=True subgoal_reg=0.013475994974703948 
2026-01-09 18:45:02,225 :   695/    0 dest_loss=0.088754 future_loss=0.129392 offset_loss=0.206834 kld=0.041581 cd=-1.601675 en_pos=6.677468 en_neg=8.279144 pcd=True subgoal_reg=0.040174920221970035 
2026-01-09 18:45:17,404 :   701/    0 dest_loss=0.094905 future_loss=0.128406 offset_loss=0.206965 kld=0.048918 cd=-1.362440 en_pos=7.193584 en_neg=8.556024 pcd=True subgoal_reg=0.015523295475916098 
2026-01-09 18:45:32,518 :   707/    0 dest_loss=0.274274 future_loss=0.270136 offset_loss=0.396462 kld=0.058628 cd=-1.199644 en_pos=7.292320 en_neg=8.491964 pcd=True subgoal_reg=0.030263197880347866 
2026-01-09 18:45:47,848 :   713/    0 dest_loss=0.323075 future_loss=0.246909 offset_loss=0.357763 kld=0.048533 cd=-1.103281 en_pos=6.949264 en_neg=8.052546 pcd=True subgoal_reg=0.012689615145403305 
2026-01-09 18:46:03,004 :   719/    0 dest_loss=0.207112 future_loss=0.230827 offset_loss=0.267757 kld=0.044996 cd=-1.179611 en_pos=6.984392 en_neg=8.164004 pcd=True subgoal_reg=0.03293443532440984 
2026-01-09 18:46:18,198 :   725/    0 dest_loss=0.120256 future_loss=0.221538 offset_loss=0.165449 kld=0.046225 cd=-1.205845 en_pos=6.882527 en_neg=8.088372 pcd=True subgoal_reg=0.02395680950530566 
2026-01-09 18:46:33,359 :   731/    0 dest_loss=0.100259 future_loss=0.096723 offset_loss=0.314343 kld=0.049899 cd=-1.115756 en_pos=7.134338 en_neg=8.250094 pcd=True subgoal_reg=0.02460737683082772 
2026-01-09 18:46:48,515 :   737/    0 dest_loss=0.108752 future_loss=0.133062 offset_loss=0.205242 kld=0.052859 cd=-0.773384 en_pos=7.471680 en_neg=8.245064 pcd=True subgoal_reg=0.023709318153623545 
2026-01-09 18:47:03,536 :   743/    0 dest_loss=0.284407 future_loss=0.289938 offset_loss=0.391892 kld=0.052728 cd=-0.738190 en_pos=7.501275 en_neg=8.239465 pcd=True subgoal_reg=0.024161056209157115 
2026-01-09 18:47:18,808 :   749/    0 dest_loss=0.167708 future_loss=0.148299 offset_loss=0.279818 kld=0.049910 cd=-0.814921 en_pos=7.439125 en_neg=8.254046 pcd=True subgoal_reg=0.017153134727920297 
2026-01-09 18:47:34,075 :   755/    0 dest_loss=0.150550 future_loss=0.186378 offset_loss=0.212049 kld=0.043279 cd=-0.654372 en_pos=7.109658 en_neg=7.764030 pcd=True subgoal_reg=0.018582681933062596 
2026-01-09 18:47:49,207 :   761/    0 dest_loss=0.243604 future_loss=0.275953 offset_loss=0.284509 kld=0.055193 cd=-0.828361 en_pos=7.398608 en_neg=8.226969 pcd=True subgoal_reg=0.025242817771641213 
2026-01-09 18:48:04,340 :   767/    0 dest_loss=0.252460 future_loss=0.213718 offset_loss=0.294307 kld=0.053090 cd=-0.947995 en_pos=7.427080 en_neg=8.375075 pcd=True subgoal_reg=0.012383556496934324 
2026-01-09 18:48:19,537 :   773/    0 dest_loss=0.227053 future_loss=0.221876 offset_loss=0.264543 kld=0.047004 cd=-0.851355 en_pos=7.275443 en_neg=8.126798 pcd=True subgoal_reg=0.026566641634290837 
2026-01-09 18:48:34,731 :   779/    0 dest_loss=0.085275 future_loss=0.122423 offset_loss=0.183258 kld=0.039241 cd=-1.121296 en_pos=6.863813 en_neg=7.985108 pcd=True subgoal_reg=0.018336615830365298 
2026-01-09 18:48:49,870 :   785/    0 dest_loss=0.123617 future_loss=0.138944 offset_loss=0.204107 kld=0.046168 cd=-0.766626 en_pos=7.317426 en_neg=8.084052 pcd=True subgoal_reg=0.017325171512652338 
2026-01-09 18:49:05,012 :   791/    0 dest_loss=0.210578 future_loss=0.175533 offset_loss=0.252039 kld=0.038998 cd=-0.668833 en_pos=7.170987 en_neg=7.839820 pcd=True subgoal_reg=0.0253840413275496 
2026-01-09 18:49:20,142 :   797/    0 dest_loss=0.115006 future_loss=0.152648 offset_loss=0.183552 kld=0.046273 cd=-0.792700 en_pos=7.245548 en_neg=8.038248 pcd=True subgoal_reg=0.011545834630766827 
2026-01-09 18:49:35,341 :   803/    0 dest_loss=0.165991 future_loss=0.205096 offset_loss=0.239163 kld=0.052193 cd=-0.379617 en_pos=7.795038 en_neg=8.174655 pcd=True subgoal_reg=0.024572051520684823 
2026-01-09 18:49:50,527 :   809/    0 dest_loss=0.344438 future_loss=0.256041 offset_loss=0.338691 kld=0.052757 cd=-0.458004 en_pos=7.761957 en_neg=8.219962 pcd=True subgoal_reg=0.020934427363704607 
2026-01-09 18:50:05,676 :   815/    0 dest_loss=0.082422 future_loss=0.125490 offset_loss=0.170116 kld=0.048816 cd=-0.703426 en_pos=7.913557 en_neg=8.616984 pcd=True subgoal_reg=0.01811108764356559 
2026-01-09 18:50:20,871 :   821/    0 dest_loss=0.077169 future_loss=0.106736 offset_loss=0.178011 kld=0.044615 cd=-0.493519 en_pos=7.351308 en_neg=7.844827 pcd=True subgoal_reg=0.015173340025584217 
2026-01-09 18:50:35,995 :   827/    0 dest_loss=0.135829 future_loss=0.129618 offset_loss=0.211100 kld=0.043133 cd=-0.452410 en_pos=7.487811 en_neg=7.940221 pcd=True subgoal_reg=0.018919792149107793 
2026-01-09 18:50:51,349 :   833/    0 dest_loss=0.250378 future_loss=0.229443 offset_loss=0.256038 kld=0.055396 cd=-0.422585 en_pos=7.649266 en_neg=8.071851 pcd=True subgoal_reg=0.015557742166031646 
2026-01-09 18:51:06,519 :   839/    0 dest_loss=0.188717 future_loss=0.199341 offset_loss=0.249909 kld=0.044888 cd=-0.770852 en_pos=7.451951 en_neg=8.222803 pcd=True subgoal_reg=0.02152572839191151 
2026-01-09 18:51:21,669 :   845/    0 dest_loss=0.119282 future_loss=0.161837 offset_loss=0.209834 kld=0.048774 cd=-0.511972 en_pos=7.684093 en_neg=8.196065 pcd=True subgoal_reg=0.017532814283340237 
2026-01-09 18:51:36,731 :   851/    0 dest_loss=0.075804 future_loss=0.116574 offset_loss=0.164732 kld=0.040955 cd=-0.481596 en_pos=7.306323 en_neg=7.787920 pcd=True subgoal_reg=0.02200297771366006 
2026-01-09 18:51:51,857 :   857/    0 dest_loss=0.345301 future_loss=0.313055 offset_loss=0.380924 kld=0.049356 cd=-0.697840 en_pos=7.556751 en_neg=8.254591 pcd=True subgoal_reg=0.012379444032891155 
2026-01-09 18:52:06,949 :   863/    0 dest_loss=0.192566 future_loss=0.152176 offset_loss=0.220799 kld=0.048487 cd=-0.317642 en_pos=7.471829 en_neg=7.789471 pcd=True subgoal_reg=0.03133795027130247 
2026-01-09 18:52:22,169 :   869/    0 dest_loss=0.219405 future_loss=0.201640 offset_loss=0.255906 kld=0.049257 cd=-0.304580 en_pos=7.729173 en_neg=8.033752 pcd=True subgoal_reg=0.013868358873755248 
2026-01-09 18:52:37,376 :   875/    0 dest_loss=0.087138 future_loss=0.134849 offset_loss=0.166222 kld=0.040932 cd=-0.291441 en_pos=7.652901 en_neg=7.944342 pcd=True subgoal_reg=0.01621709788624803 
2026-01-09 18:52:52,537 :   881/    0 dest_loss=0.088016 future_loss=0.127442 offset_loss=0.177400 kld=0.045704 cd=-0.519382 en_pos=7.809179 en_neg=8.328561 pcd=True subgoal_reg=0.021538551155492698 
2026-01-09 18:53:07,713 :   887/    0 dest_loss=0.084716 future_loss=0.119730 offset_loss=0.162002 kld=0.044458 cd=-0.384482 en_pos=7.476851 en_neg=7.861333 pcd=True subgoal_reg=0.013956192322844875 
2026-01-09 18:53:22,900 :   893/    0 dest_loss=0.077247 future_loss=0.104611 offset_loss=0.169359 kld=0.037594 cd=-0.426591 en_pos=7.241034 en_neg=7.667625 pcd=True subgoal_reg=0.017485663000096255 
2026-01-09 18:53:37,906 :   899/    0 dest_loss=0.156543 future_loss=0.143794 offset_loss=0.196331 kld=0.048639 cd=-0.052043 en_pos=7.938482 en_neg=7.990525 pcd=True subgoal_reg=0.015591649621909585 
2026-01-09 18:53:53,120 :   905/    0 dest_loss=0.137001 future_loss=0.147527 offset_loss=0.192085 kld=0.038057 cd=-0.352052 en_pos=7.365622 en_neg=7.717674 pcd=True subgoal_reg=0.017286776377295032 
2026-01-09 18:54:08,257 :   911/    0 dest_loss=0.103578 future_loss=0.139922 offset_loss=0.184893 kld=0.044572 cd=-0.515166 en_pos=7.969517 en_neg=8.484683 pcd=True subgoal_reg=0.025606549143719043 
2026-01-09 18:54:23,515 :   917/    0 dest_loss=0.270835 future_loss=0.211579 offset_loss=0.289403 kld=0.045688 cd=-0.293337 en_pos=7.704034 en_neg=7.997371 pcd=True subgoal_reg=0.011563182755951088 
2026-01-09 18:54:38,635 :   923/    0 dest_loss=0.090259 future_loss=0.118941 offset_loss=0.171964 kld=0.046277 cd=-0.343218 en_pos=7.880460 en_neg=8.223678 pcd=True subgoal_reg=0.019096108930165098 
2026-01-09 18:54:53,815 :   929/    0 dest_loss=0.118003 future_loss=0.169093 offset_loss=0.130113 kld=0.043915 cd=-0.329952 en_pos=7.568457 en_neg=7.898409 pcd=True subgoal_reg=0.017390790738149864 
2026-01-09 18:55:08,956 :   935/    0 dest_loss=0.250460 future_loss=0.242017 offset_loss=0.281263 kld=0.045648 cd=-0.275521 en_pos=7.823142 en_neg=8.098664 pcd=True subgoal_reg=0.011344792384151857 
2026-01-09 18:55:24,151 :   941/    0 dest_loss=0.094294 future_loss=0.128352 offset_loss=0.154625 kld=0.038732 cd=-0.463594 en_pos=7.581517 en_neg=8.045111 pcd=True subgoal_reg=0.01908425695970806 
2026-01-09 18:55:39,301 :   947/    0 dest_loss=0.074300 future_loss=0.101989 offset_loss=0.168102 kld=0.042838 cd=-0.260632 en_pos=7.731332 en_neg=7.991964 pcd=True subgoal_reg=0.01825151819928523 
2026-01-09 18:55:54,499 :   953/    0 dest_loss=0.180852 future_loss=0.103804 offset_loss=0.359319 kld=0.039642 cd=-0.014519 en_pos=7.596263 en_neg=7.610782 pcd=True subgoal_reg=0.013542142661085721 
2026-01-09 18:56:09,683 :   959/    0 dest_loss=0.114819 future_loss=0.139361 offset_loss=0.168460 kld=0.040962 cd=-0.308602 en_pos=7.727685 en_neg=8.036287 pcd=True subgoal_reg=0.026788801455542462 
2026-01-09 18:56:24,852 :   965/    0 dest_loss=0.287722 future_loss=0.232168 offset_loss=0.298955 kld=0.043709 cd=-0.272467 en_pos=7.626398 en_neg=7.898865 pcd=True subgoal_reg=0.011933951463401442 
2026-01-09 18:56:40,012 :   971/    0 dest_loss=0.349619 future_loss=0.275063 offset_loss=0.326541 kld=0.047256 cd=-0.305333 en_pos=7.821143 en_neg=8.126476 pcd=True subgoal_reg=0.01678883657731995 
2026-01-09 18:56:54,998 :   977/    0 dest_loss=0.163324 future_loss=0.137015 offset_loss=0.236510 kld=0.043660 cd=-0.268840 en_pos=7.735820 en_neg=8.004660 pcd=True subgoal_reg=0.0184976964037813 
2026-01-09 18:57:10,163 :   983/    0 dest_loss=0.188736 future_loss=0.169320 offset_loss=0.200677 kld=0.037794 cd=-0.285385 en_pos=7.482413 en_neg=7.767798 pcd=True subgoal_reg=0.015309959967750444 
2026-01-09 18:57:25,429 :   989/    0 dest_loss=0.166080 future_loss=0.181462 offset_loss=0.189995 kld=0.042875 cd=-0.260113 en_pos=7.836636 en_neg=8.096749 pcd=True subgoal_reg=0.019364800997953787 
2026-01-09 18:57:40,608 :   995/    0 dest_loss=0.218433 future_loss=0.164909 offset_loss=0.254859 kld=0.046473 cd=0.048504 en_pos=8.190871 en_neg=8.142367 pcd=True subgoal_reg=0.01668165491848271 
2026-01-09 18:57:55,677 :  1001/    0 dest_loss=0.091530 future_loss=0.110129 offset_loss=0.176269 kld=0.040477 cd=-0.315627 en_pos=7.578384 en_neg=7.894011 pcd=True subgoal_reg=0.008643342472890666 
2026-01-09 18:58:10,863 :  1007/    0 dest_loss=0.081527 future_loss=0.110358 offset_loss=0.153043 kld=0.040100 cd=-0.321548 en_pos=7.633648 en_neg=7.955196 pcd=True subgoal_reg=0.03365882849770897 
2026-01-09 18:58:26,092 :  1013/    0 dest_loss=0.148190 future_loss=0.120106 offset_loss=0.345391 kld=0.044836 cd=-0.336459 en_pos=7.829889 en_neg=8.166348 pcd=True subgoal_reg=0.008391774598023986 
2026-01-09 18:58:41,253 :  1019/    0 dest_loss=0.150049 future_loss=0.164461 offset_loss=0.145066 kld=0.042347 cd=-0.256000 en_pos=7.845974 en_neg=8.101973 pcd=True subgoal_reg=0.013758420484404297 
2026-01-09 18:58:56,410 :  1025/    0 dest_loss=0.082825 future_loss=0.112713 offset_loss=0.153518 kld=0.042316 cd=-0.058055 en_pos=8.006720 en_neg=8.064775 pcd=True subgoal_reg=0.033261734681820684 
2026-01-09 18:59:11,507 :  1031/    0 dest_loss=0.116900 future_loss=0.135117 offset_loss=0.208132 kld=0.047005 cd=-0.174952 en_pos=7.698879 en_neg=7.873832 pcd=True subgoal_reg=0.01162715996611694 
2026-01-09 18:59:26,617 :  1037/    0 dest_loss=0.102585 future_loss=0.125243 offset_loss=0.130100 kld=0.042514 cd=-0.443228 en_pos=7.750433 en_neg=8.193661 pcd=True subgoal_reg=0.013781797294074988 
